[2026-09-18 10:23:55.176] [gas-forecast] [] [] [c.g.f.d.m.M.selectList_mpCount] [http-nio-8080-exec-2] [DEBUG] - ==>  Preparing: SELECT COUNT(*) AS total FROM model_train_feature_data_tb
[2026-09-18 10:23:55.176] [gas-forecast] [] [] [c.g.f.d.m.SysUserTbMapper.selectList] [http-nio-8080-exec-1] [DEBUG] - ==>  Preparing: SELECT id,username,real_name,password_hash,password_salt,avatar,email,phone,org_code,status,deleted,created_at,updated_at FROM sys_user_tb WHERE (username = ? AND deleted = ?)
[2026-09-18 10:23:55.192] [gas-forecast] [] [] [c.g.f.d.m.M.selectList_mpCount] [http-nio-8080-exec-2] [DEBUG] - ==> Parameters: 
[2026-09-18 10:23:55.193] [gas-forecast] [] [] [c.g.f.d.m.SysUserTbMapper.selectList] [http-nio-8080-exec-1] [DEBUG] - ==> Parameters: admin(String), 0(Integer)
[2026-09-18 10:23:55.207] [gas-forecast] [] [] [c.g.f.d.m.M.selectList_mpCount] [http-nio-8080-exec-2] [DEBUG] - <==      Total: 1
[2026-09-18 10:23:55.208] [gas-forecast] [] [] [c.g.f.d.m.SysUserTbMapper.selectList] [http-nio-8080-exec-1] [DEBUG] - <==      Total: 1
[2026-09-18 10:23:55.210] [gas-forecast] [] [] [c.g.f.d.m.S.selectRoleCodesByUsername] [http-nio-8080-exec-1] [DEBUG] - ==>  Preparing: select r.role_code from sys_user_tb u join sys_user_role_ref ur on ur.user_id = u.id join sys_role_tb r on r.id = ur.role_id where u.username = ? order by r.role_code
[2026-09-18 10:23:55.210] [gas-forecast] [] [] [c.g.f.d.m.S.selectRoleCodesByUsername] [http-nio-8080-exec-1] [DEBUG] - ==> Parameters: admin(String)
[2026-09-18 10:23:55.210] [gas-forecast] [] [] [c.g.f.d.m.M.selectList] [http-nio-8080-exec-2] [DEBUG] - ==>  Preparing: SELECT id,stat_date,time_granularity,region_code,region_name,customer_code,customer_name,industry_code,industry_name,gas_sales,feature_001,feature_002,feature_003,feature_004,feature_005,feature_006,feature_007,feature_008,feature_009,feature_010,feature_011,feature_012,feature_013,feature_014,feature_015,feature_016,feature_017,feature_018,feature_019,feature_020,feature_021,feature_022,feature_023,feature_024,feature_025,feature_026,feature_027,feature_028,feature_029,feature_030,feature_031,feature_032,feature_033,feature_034,feature_035,feature_036,feature_037,feature_038,feature_039,feature_040,feature_041,feature_042,feature_043,feature_044,feature_045,feature_046,feature_047,feature_048,feature_049,feature_050,feature_051,feature_052,feature_053,feature_054,feature_055,feature_056,feature_057,feature_058,feature_059,feature_060,feature_061,feature_062,feature_063,feature_064,feature_065,feature_066,feature_067,feature_068,feature_069,feature_070,feature_071,feature_072,feature_073,feature_074,feature_075,feature_076,feature_077,feature_078,feature_079,feature_080,feature_081,feature_082,feature_083,feature_084,feature_085,feature_086,feature_087,feature_088,feature_089,feature_090,feature_091,feature_092,feature_093,feature_094,feature_095,feature_096,feature_097,feature_098,feature_099,feature_100,feature_101,feature_102,feature_103,feature_104,feature_105,feature_106,feature_107,feature_108,feature_109,feature_110,feature_111,feature_112,feature_113,feature_114,feature_115,feature_116,feature_117,feature_118,feature_119,feature_120,feature_121,feature_122,feature_123,feature_124,feature_125,feature_126,feature_127,feature_128,feature_129,feature_130,feature_131,feature_132,feature_133,feature_134,feature_135,feature_136,feature_137,feature_138,feature_139,feature_140,feature_141,feature_142,feature_143,feature_144,feature_145,feature_146,feature_147,feature_148,feature_149,feature_150,feature_151,feature_152,feature_153,feature_154,feature_155,feature_156,feature_157,feature_158,feature_159,feature_160,feature_161,feature_162,feature_163,feature_164,feature_165,feature_166,feature_167,feature_168,feature_169,feature_170,feature_171,feature_172,feature_173,feature_174,feature_175,feature_176,feature_177,feature_178,feature_179,feature_180,feature_181,feature_182,feature_183,feature_184,feature_185,feature_186,feature_187,feature_188,feature_189,feature_190,feature_191,feature_192,feature_193,feature_194,feature_195,feature_196,feature_197,feature_198,feature_199,feature_200,create_time,update_time FROM model_train_feature_data_tb ORDER BY update_time DESC,id DESC LIMIT ?
[2026-09-18 10:23:55.211] [gas-forecast] [] [] [c.g.f.d.m.M.selectList] [http-nio-8080-exec-2] [DEBUG] - ==> Parameters: 10(Long)
[2026-09-18 10:23:55.212] [gas-forecast] [] [] [c.g.f.d.m.S.selectRoleCodesByUsername] [http-nio-8080-exec-1] [DEBUG] - <==      Total: 1
[2026-09-18 10:23:55.213] [gas-forecast] [] [] [c.g.f.d.m.S.selectByUsername] [http-nio-8080-exec-1] [DEBUG] - ==>  Preparing: select distinct p.* from sys_permission_tb p where p.status = 1 and ( exists ( select 1 from sys_user_tb u join sys_user_role_ref ur on ur.user_id = u.id join sys_role_permission_ref rp on rp.role_id = ur.role_id where rp.permission_id = p.id and u.username = ? and u.deleted = 0 ) or exists ( select 1 from sys_user_tb u join sys_user_department_ref ud on ud.user_id = u.id join sys_department_permission_ref dp on dp.department_id = ud.department_id where dp.permission_id = p.id and u.username = ? and u.deleted = 0 ) ) order by p.sort_no, p.id
[2026-09-18 10:23:55.213] [gas-forecast] [] [] [c.g.f.d.m.S.selectByUsername] [http-nio-8080-exec-1] [DEBUG] - ==> Parameters: admin(String), admin(String)
[2026-09-18 10:23:55.219] [gas-forecast] [] [] [c.g.f.d.m.S.selectByUsername] [http-nio-8080-exec-1] [DEBUG] - <==      Total: 60
[2026-09-18 10:23:55.230] [gas-forecast] [] [] [c.g.f.d.m.M.selectList] [http-nio-8080-exec-2] [DEBUG] - <==      Total: 10
[2026-09-18 10:23:55.663] [gas-forecast] [] [] [c.g.f.d.m.SysUserTbMapper.selectList] [http-nio-8080-exec-3] [DEBUG] - ==>  Preparing: SELECT id,username,real_name,password_hash,password_salt,avatar,email,phone,org_code,status,deleted,created_at,updated_at FROM sys_user_tb WHERE (username = ? AND deleted = ?)
[2026-09-18 10:23:55.663] [gas-forecast] [] [] [c.g.f.d.m.SysUserTbMapper.selectList] [http-nio-8080-exec-3] [DEBUG] - ==> Parameters: admin(String), 0(Integer)
[2026-09-18 10:23:55.665] [gas-forecast] [] [] [c.g.f.d.m.SysUserTbMapper.selectList] [http-nio-8080-exec-3] [DEBUG] - <==      Total: 1
[2026-09-18 10:23:55.666] [gas-forecast] [] [] [c.g.f.d.m.S.selectRoleCodesByUsername] [http-nio-8080-exec-3] [DEBUG] - ==>  Preparing: select r.role_code from sys_user_tb u join sys_user_role_ref ur on ur.user_id = u.id join sys_role_tb r on r.id = ur.role_id where u.username = ? order by r.role_code
[2026-09-18 10:23:55.666] [gas-forecast] [] [] [c.g.f.d.m.S.selectRoleCodesByUsername] [http-nio-8080-exec-3] [DEBUG] - ==> Parameters: admin(String)
[2026-09-18 10:23:55.667] [gas-forecast] [] [] [c.g.f.d.m.S.selectRoleCodesByUsername] [http-nio-8080-exec-3] [DEBUG] - <==      Total: 1
[2026-09-18 10:23:55.668] [gas-forecast] [] [] [c.g.f.d.m.S.selectByUsername] [http-nio-8080-exec-3] [DEBUG] - ==>  Preparing: select distinct p.* from sys_permission_tb p where p.status = 1 and ( exists ( select 1 from sys_user_tb u join sys_user_role_ref ur on ur.user_id = u.id join sys_role_permission_ref rp on rp.role_id = ur.role_id where rp.permission_id = p.id and u.username = ? and u.deleted = 0 ) or exists ( select 1 from sys_user_tb u join sys_user_department_ref ud on ud.user_id = u.id join sys_department_permission_ref dp on dp.department_id = ud.department_id where dp.permission_id = p.id and u.username = ? and u.deleted = 0 ) ) order by p.sort_no, p.id
[2026-09-18 10:23:55.668] [gas-forecast] [] [] [c.g.f.d.m.S.selectByUsername] [http-nio-8080-exec-3] [DEBUG] - ==> Parameters: admin(String), admin(String)
[2026-09-18 10:23:55.673] [gas-forecast] [] [] [c.g.f.d.m.S.selectByUsername] [http-nio-8080-exec-3] [DEBUG] - <==      Total: 60
[2026-09-18 10:23:55.701] [gas-forecast] [] [] [c.g.f.d.m.M.selectList_mpCount] [http-nio-8080-exec-4] [DEBUG] - ==>  Preparing: SELECT COUNT(*) AS total FROM model_train_feature_data_tb
[2026-09-18 10:23:55.702] [gas-forecast] [] [] [c.g.f.d.m.M.selectList_mpCount] [http-nio-8080-exec-4] [DEBUG] - ==> Parameters: 
[2026-09-18 10:23:55.705] [gas-forecast] [] [] [c.g.f.d.m.M.selectList_mpCount] [http-nio-8080-exec-4] [DEBUG] - <==      Total: 1
[2026-09-18 10:23:55.705] [gas-forecast] [] [] [c.g.f.d.m.M.selectList] [http-nio-8080-exec-4] [DEBUG] - ==>  Preparing: SELECT id,stat_date,time_granularity,region_code,region_name,customer_code,customer_name,industry_code,industry_name,gas_sales,feature_001,feature_002,feature_003,feature_004,feature_005,feature_006,feature_007,feature_008,feature_009,feature_010,feature_011,feature_012,feature_013,feature_014,feature_015,feature_016,feature_017,feature_018,feature_019,feature_020,feature_021,feature_022,feature_023,feature_024,feature_025,feature_026,feature_027,feature_028,feature_029,feature_030,feature_031,feature_032,feature_033,feature_034,feature_035,feature_036,feature_037,feature_038,feature_039,feature_040,feature_041,feature_042,feature_043,feature_044,feature_045,feature_046,feature_047,feature_048,feature_049,feature_050,feature_051,feature_052,feature_053,feature_054,feature_055,feature_056,feature_057,feature_058,feature_059,feature_060,feature_061,feature_062,feature_063,feature_064,feature_065,feature_066,feature_067,feature_068,feature_069,feature_070,feature_071,feature_072,feature_073,feature_074,feature_075,feature_076,feature_077,feature_078,feature_079,feature_080,feature_081,feature_082,feature_083,feature_084,feature_085,feature_086,feature_087,feature_088,feature_089,feature_090,feature_091,feature_092,feature_093,feature_094,feature_095,feature_096,feature_097,feature_098,feature_099,feature_100,feature_101,feature_102,feature_103,feature_104,feature_105,feature_106,feature_107,feature_108,feature_109,feature_110,feature_111,feature_112,feature_113,feature_114,feature_115,feature_116,feature_117,feature_118,feature_119,feature_120,feature_121,feature_122,feature_123,feature_124,feature_125,feature_126,feature_127,feature_128,feature_129,feature_130,feature_131,feature_132,feature_133,feature_134,feature_135,feature_136,feature_137,feature_138,feature_139,feature_140,feature_141,feature_142,feature_143,feature_144,feature_145,feature_146,feature_147,feature_148,feature_149,feature_150,feature_151,feature_152,feature_153,feature_154,feature_155,feature_156,feature_157,feature_158,feature_159,feature_160,feature_161,feature_162,feature_163,feature_164,feature_165,feature_166,feature_167,feature_168,feature_169,feature_170,feature_171,feature_172,feature_173,feature_174,feature_175,feature_176,feature_177,feature_178,feature_179,feature_180,feature_181,feature_182,feature_183,feature_184,feature_185,feature_186,feature_187,feature_188,feature_189,feature_190,feature_191,feature_192,feature_193,feature_194,feature_195,feature_196,feature_197,feature_198,feature_199,feature_200,create_time,update_time FROM model_train_feature_data_tb ORDER BY update_time DESC,id DESC LIMIT ?
[2026-09-18 10:23:55.705] [gas-forecast] [] [] [c.g.f.d.m.M.selectList] [http-nio-8080-exec-4] [DEBUG] - ==> Parameters: 10(Long)
[2026-09-18 10:23:55.723] [gas-forecast] [] [] [c.g.f.d.m.M.selectList] [http-nio-8080-exec-4] [DEBUG] - <==      Total: 10
[2026-09-18 10:24:03.539] [gas-forecast] [] [] [c.g.f.d.m.M.selectList_mpCount] [http-nio-8080-exec-6] [DEBUG] - ==>  Preparing: SELECT COUNT(*) AS total FROM model_feature_definition_tb
[2026-09-18 10:24:03.540] [gas-forecast] [] [] [c.g.f.d.m.M.selectList_mpCount] [http-nio-8080-exec-6] [DEBUG] - ==> Parameters: 
[2026-09-18 10:24:03.541] [gas-forecast] [] [] [c.g.f.d.m.M.selectList_mpCount] [http-nio-8080-exec-6] [DEBUG] - <==      Total: 1
[2026-09-18 10:24:03.542] [gas-forecast] [] [] [c.g.f.d.m.M.selectList] [http-nio-8080-exec-6] [DEBUG] - ==>  Preparing: SELECT id,feature_code,feature_name,feature_column,time_granularity,enabled,description,created_at,created_by,updated_by_name FROM model_feature_definition_tb ORDER BY created_at DESC,id DESC LIMIT ?
[2026-09-18 10:24:03.542] [gas-forecast] [] [] [c.g.f.d.m.M.selectList] [http-nio-8080-exec-6] [DEBUG] - ==> Parameters: 10(Long)
[2026-09-18 10:24:03.544] [gas-forecast] [] [] [c.g.f.d.m.M.selectList] [http-nio-8080-exec-6] [DEBUG] - <==      Total: 5
[2026-09-18 10:24:14.828] [gas-forecast] [] [] [c.g.f.d.m.M.selectList_mpCount] [http-nio-8080-exec-5] [DEBUG] - ==>  Preparing: SELECT COUNT(*) AS total FROM model_train_feature_data_tb
[2026-09-18 10:24:14.829] [gas-forecast] [] [] [c.g.f.d.m.M.selectList_mpCount] [http-nio-8080-exec-5] [DEBUG] - ==> Parameters: 
[2026-09-18 10:24:14.831] [gas-forecast] [] [] [c.g.f.d.m.M.selectList_mpCount] [http-nio-8080-exec-5] [DEBUG] - <==      Total: 1
[2026-09-18 10:24:14.831] [gas-forecast] [] [] [c.g.f.d.m.M.selectList] [http-nio-8080-exec-5] [DEBUG] - ==>  Preparing: SELECT id,stat_date,time_granularity,region_code,region_name,customer_code,customer_name,industry_code,industry_name,gas_sales,feature_001,feature_002,feature_003,feature_004,feature_005,feature_006,feature_007,feature_008,feature_009,feature_010,feature_011,feature_012,feature_013,feature_014,feature_015,feature_016,feature_017,feature_018,feature_019,feature_020,feature_021,feature_022,feature_023,feature_024,feature_025,feature_026,feature_027,feature_028,feature_029,feature_030,feature_031,feature_032,feature_033,feature_034,feature_035,feature_036,feature_037,feature_038,feature_039,feature_040,feature_041,feature_042,feature_043,feature_044,feature_045,feature_046,feature_047,feature_048,feature_049,feature_050,feature_051,feature_052,feature_053,feature_054,feature_055,feature_056,feature_057,feature_058,feature_059,feature_060,feature_061,feature_062,feature_063,feature_064,feature_065,feature_066,feature_067,feature_068,feature_069,feature_070,feature_071,feature_072,feature_073,feature_074,feature_075,feature_076,feature_077,feature_078,feature_079,feature_080,feature_081,feature_082,feature_083,feature_084,feature_085,feature_086,feature_087,feature_088,feature_089,feature_090,feature_091,feature_092,feature_093,feature_094,feature_095,feature_096,feature_097,feature_098,feature_099,feature_100,feature_101,feature_102,feature_103,feature_104,feature_105,feature_106,feature_107,feature_108,feature_109,feature_110,feature_111,feature_112,feature_113,feature_114,feature_115,feature_116,feature_117,feature_118,feature_119,feature_120,feature_121,feature_122,feature_123,feature_124,feature_125,feature_126,feature_127,feature_128,feature_129,feature_130,feature_131,feature_132,feature_133,feature_134,feature_135,feature_136,feature_137,feature_138,feature_139,feature_140,feature_141,feature_142,feature_143,feature_144,feature_145,feature_146,feature_147,feature_148,feature_149,feature_150,feature_151,feature_152,feature_153,feature_154,feature_155,feature_156,feature_157,feature_158,feature_159,feature_160,feature_161,feature_162,feature_163,feature_164,feature_165,feature_166,feature_167,feature_168,feature_169,feature_170,feature_171,feature_172,feature_173,feature_174,feature_175,feature_176,feature_177,feature_178,feature_179,feature_180,feature_181,feature_182,feature_183,feature_184,feature_185,feature_186,feature_187,feature_188,feature_189,feature_190,feature_191,feature_192,feature_193,feature_194,feature_195,feature_196,feature_197,feature_198,feature_199,feature_200,create_time,update_time FROM model_train_feature_data_tb ORDER BY update_time DESC,id DESC LIMIT ?
[2026-09-18 10:24:14.832] [gas-forecast] [] [] [c.g.f.d.m.M.selectList] [http-nio-8080-exec-5] [DEBUG] - ==> Parameters: 10(Long)
[2026-09-18 10:24:14.849] [gas-forecast] [] [] [c.g.f.d.m.M.selectList] [http-nio-8080-exec-5] [DEBUG] - <==      Total: 10
[2026-09-18 10:24:20.009] [gas-forecast] [] [] [c.g.f.d.m.M.selectList_mpCount] [http-nio-8080-exec-7] [DEBUG] - ==>  Preparing: SELECT COUNT(*) AS total FROM model_config_tb
[2026-09-18 10:24:20.009] [gas-forecast] [] [] [c.g.f.d.m.M.selectList_mpCount] [http-nio-8080-exec-7] [DEBUG] - ==> Parameters: 
[2026-09-18 10:24:20.011] [gas-forecast] [] [] [c.g.f.d.m.M.selectList_mpCount] [http-nio-8080-exec-7] [DEBUG] - <==      Total: 1
[2026-09-18 10:24:20.011] [gas-forecast] [] [] [c.g.f.d.m.M.selectList] [http-nio-8080-exec-7] [DEBUG] - ==>  Preparing: SELECT id,model_code,model_name,model_version,agent_code,description,created_by,created_at,updated_at,created_by_name FROM model_config_tb ORDER BY updated_at DESC,id DESC LIMIT ?
[2026-09-18 10:24:20.012] [gas-forecast] [] [] [c.g.f.d.m.M.selectList] [http-nio-8080-exec-7] [DEBUG] - ==> Parameters: 10(Long)
[2026-09-18 10:24:20.012] [gas-forecast] [] [] [c.g.f.d.m.M.selectList] [http-nio-8080-exec-7] [DEBUG] - <==      Total: 2
[2026-09-18 10:24:20.014] [gas-forecast] [] [] [c.g.f.d.m.M.selectList] [http-nio-8080-exec-7] [DEBUG] - ==>  Preparing: SELECT id,model_code,region_code,industry_code,customer_code,created_by,created_at,updated_at,created_by_name FROM model_config_scope_tb WHERE (model_code IN (?,?)) ORDER BY id DESC
[2026-09-18 10:24:20.014] [gas-forecast] [] [] [c.g.f.d.m.M.selectList] [http-nio-8080-exec-7] [DEBUG] - ==> Parameters: MODEL000002(String), MODEL000001(String)
[2026-09-18 10:24:20.014] [gas-forecast] [] [] [c.g.f.d.m.M.selectList] [http-nio-8080-exec-7] [DEBUG] - <==      Total: 8
[2026-09-18 10:24:20.015] [gas-forecast] [] [] [c.g.f.d.m.M.selectList] [http-nio-8080-exec-7] [DEBUG] - ==>  Preparing: SELECT id,model_id,feature_id,required_flag,feature_order,created_at,created_by FROM model_feature_ref WHERE (model_id IN (?,?)) ORDER BY feature_order ASC,id ASC
[2026-09-18 10:24:20.015] [gas-forecast] [] [] [c.g.f.d.m.M.selectList] [http-nio-8080-exec-7] [DEBUG] - ==> Parameters: 2(Long), 1(Long)
[2026-09-18 10:24:20.016] [gas-forecast] [] [] [c.g.f.d.m.M.selectList] [http-nio-8080-exec-7] [DEBUG] - <==      Total: 5
[2026-09-18 10:24:20.016] [gas-forecast] [] [] [c.g.f.d.m.M.selectBatchIds] [http-nio-8080-exec-7] [DEBUG] - ==>  Preparing: SELECT id,feature_code,feature_name,feature_column,time_granularity,enabled,description,created_at,created_by,updated_by_name FROM model_feature_definition_tb WHERE id IN ( ? , ? , ? , ? , ? )
[2026-09-18 10:24:20.017] [gas-forecast] [] [] [c.g.f.d.m.M.selectBatchIds] [http-nio-8080-exec-7] [DEBUG] - ==> Parameters: 5(Long), 4(Long), 3(Long), 2(Long), 1(Long)
[2026-09-18 10:24:20.017] [gas-forecast] [] [] [c.g.f.d.m.M.selectBatchIds] [http-nio-8080-exec-7] [DEBUG] - <==      Total: 5
[2026-09-18 10:24:20.018] [gas-forecast] [] [] [c.g.f.d.m.B.selectList] [http-nio-8080-exec-7] [DEBUG] - ==>  Preparing: SELECT id,region_code,region_name,remark,created_by,created_at,updated_by,updated_at,updated_by_name,created_by_name FROM base_region_tb WHERE (region_code IN (?,?,?,?,?,?,?))
[2026-09-18 10:24:20.018] [gas-forecast] [] [] [c.g.f.d.m.B.selectList] [http-nio-8080-exec-7] [DEBUG] - ==> Parameters: REG000005(String), REG000006(String), REG000007(String), REG000008(String), REG000009(String), REG000010(String), REG000011(String)
[2026-09-18 10:24:20.019] [gas-forecast] [] [] [c.g.f.d.m.B.selectList] [http-nio-8080-exec-7] [DEBUG] - <==      Total: 7
[2026-09-18 10:24:20.019] [gas-forecast] [] [] [c.g.f.d.m.B.selectList] [http-nio-8080-exec-7] [DEBUG] - ==>  Preparing: SELECT id,industry_code,industry_name,created_at,updated_at,created_by,created_by_name,updated_by,updated_by_name FROM base_industry_tb WHERE (industry_code IN (?))
[2026-09-18 10:24:20.019] [gas-forecast] [] [] [c.g.f.d.m.B.selectList] [http-nio-8080-exec-7] [DEBUG] - ==> Parameters: IND000003(String)
[2026-09-18 10:24:20.020] [gas-forecast] [] [] [c.g.f.d.m.B.selectList] [http-nio-8080-exec-7] [DEBUG] - <==      Total: 1
[2026-09-18 10:24:20.021] [gas-forecast] [] [] [c.g.f.d.m.B.selectList] [http-nio-8080-exec-7] [DEBUG] - ==>  Preparing: SELECT id,customer_code,customer_name,industry_code,industry_name,region_code,region_name,created_at,updated_at,created_by,created_by_name,updated_by,updated_by_name,raw_region_name,raw_industry_name FROM base_customer_tb WHERE (customer_code IN (?))
[2026-09-18 10:24:20.021] [gas-forecast] [] [] [c.g.f.d.m.B.selectList] [http-nio-8080-exec-7] [DEBUG] - ==> Parameters: CUS000021(String)
[2026-09-18 10:24:20.022] [gas-forecast] [] [] [c.g.f.d.m.B.selectList] [http-nio-8080-exec-7] [DEBUG] - <==      Total: 1
[2026-09-18 10:25:30.579] [gas-forecast] [] [] [c.g.f.d.m.M.selectList_mpCount] [http-nio-8080-exec-8] [DEBUG] - ==>  Preparing: SELECT COUNT(*) AS total FROM model_config_tb
[2026-09-18 10:25:30.580] [gas-forecast] [] [] [c.g.f.d.m.M.selectList_mpCount] [http-nio-8080-exec-8] [DEBUG] - ==> Parameters: 
[2026-09-18 10:25:30.587] [gas-forecast] [] [] [c.g.f.d.m.M.selectList_mpCount] [http-nio-8080-exec-8] [DEBUG] - <==      Total: 1
[2026-09-18 10:25:30.587] [gas-forecast] [] [] [c.g.f.d.m.M.selectList] [http-nio-8080-exec-8] [DEBUG] - ==>  Preparing: SELECT id,model_code,model_name,model_version,agent_code,description,created_by,created_at,updated_at,created_by_name FROM model_config_tb ORDER BY updated_at DESC,id DESC LIMIT ?
[2026-09-18 10:25:30.587] [gas-forecast] [] [] [c.g.f.d.m.M.selectList] [http-nio-8080-exec-8] [DEBUG] - ==> Parameters: 1000(Long)
[2026-09-18 10:25:30.590] [gas-forecast] [] [] [c.g.f.d.m.M.selectList] [http-nio-8080-exec-8] [DEBUG] - <==      Total: 2
[2026-09-18 10:25:30.590] [gas-forecast] [] [] [c.g.f.d.m.M.selectList] [http-nio-8080-exec-8] [DEBUG] - ==>  Preparing: SELECT id,model_code,region_code,industry_code,customer_code,created_by,created_at,updated_at,created_by_name FROM model_config_scope_tb WHERE (model_code IN (?,?)) ORDER BY id DESC
[2026-09-18 10:25:30.590] [gas-forecast] [] [] [c.g.f.d.m.M.selectList] [http-nio-8080-exec-8] [DEBUG] - ==> Parameters: MODEL000002(String), MODEL000001(String)
[2026-09-18 10:25:30.591] [gas-forecast] [] [] [c.g.f.d.m.M.selectList] [http-nio-8080-exec-8] [DEBUG] - <==      Total: 8
[2026-09-18 10:25:30.591] [gas-forecast] [] [] [c.g.f.d.m.M.selectList] [http-nio-8080-exec-8] [DEBUG] - ==>  Preparing: SELECT id,model_id,feature_id,required_flag,feature_order,created_at,created_by FROM model_feature_ref WHERE (model_id IN (?,?)) ORDER BY feature_order ASC,id ASC
[2026-09-18 10:25:30.592] [gas-forecast] [] [] [c.g.f.d.m.M.selectList] [http-nio-8080-exec-8] [DEBUG] - ==> Parameters: 2(Long), 1(Long)
[2026-09-18 10:25:30.592] [gas-forecast] [] [] [c.g.f.d.m.M.selectList] [http-nio-8080-exec-8] [DEBUG] - <==      Total: 5
[2026-09-18 10:25:30.592] [gas-forecast] [] [] [c.g.f.d.m.M.selectBatchIds] [http-nio-8080-exec-8] [DEBUG] - ==>  Preparing: SELECT id,feature_code,feature_name,feature_column,time_granularity,enabled,description,created_at,created_by,updated_by_name FROM model_feature_definition_tb WHERE id IN ( ? , ? , ? , ? , ? )
[2026-09-18 10:25:30.593] [gas-forecast] [] [] [c.g.f.d.m.M.selectBatchIds] [http-nio-8080-exec-8] [DEBUG] - ==> Parameters: 5(Long), 4(Long), 3(Long), 2(Long), 1(Long)
[2026-09-18 10:25:30.593] [gas-forecast] [] [] [c.g.f.d.m.M.selectBatchIds] [http-nio-8080-exec-8] [DEBUG] - <==      Total: 5
[2026-09-18 10:25:30.594] [gas-forecast] [] [] [c.g.f.d.m.B.selectList] [http-nio-8080-exec-8] [DEBUG] - ==>  Preparing: SELECT id,region_code,region_name,remark,created_by,created_at,updated_by,updated_at,updated_by_name,created_by_name FROM base_region_tb WHERE (region_code IN (?,?,?,?,?,?,?))
[2026-09-18 10:25:30.594] [gas-forecast] [] [] [c.g.f.d.m.B.selectList] [http-nio-8080-exec-8] [DEBUG] - ==> Parameters: REG000005(String), REG000006(String), REG000007(String), REG000008(String), REG000009(String), REG000010(String), REG000011(String)
[2026-09-18 10:25:30.596] [gas-forecast] [] [] [c.g.f.d.m.B.selectList] [http-nio-8080-exec-8] [DEBUG] - <==      Total: 7
[2026-09-18 10:25:30.596] [gas-forecast] [] [] [c.g.f.d.m.B.selectList] [http-nio-8080-exec-8] [DEBUG] - ==>  Preparing: SELECT id,industry_code,industry_name,created_at,updated_at,created_by,created_by_name,updated_by,updated_by_name FROM base_industry_tb WHERE (industry_code IN (?))
[2026-09-18 10:25:30.596] [gas-forecast] [] [] [c.g.f.d.m.B.selectList] [http-nio-8080-exec-8] [DEBUG] - ==> Parameters: IND000003(String)
[2026-09-18 10:25:30.596] [gas-forecast] [] [] [c.g.f.d.m.B.selectList] [http-nio-8080-exec-8] [DEBUG] - <==      Total: 1
[2026-09-18 10:25:30.596] [gas-forecast] [] [] [c.g.f.d.m.B.selectList] [http-nio-8080-exec-8] [DEBUG] - ==>  Preparing: SELECT id,customer_code,customer_name,industry_code,industry_name,region_code,region_name,created_at,updated_at,created_by,created_by_name,updated_by,updated_by_name,raw_region_name,raw_industry_name FROM base_customer_tb WHERE (customer_code IN (?))
[2026-09-18 10:25:30.597] [gas-forecast] [] [] [c.g.f.d.m.B.selectList] [http-nio-8080-exec-8] [DEBUG] - ==> Parameters: CUS000021(String)
[2026-09-18 10:25:30.597] [gas-forecast] [] [] [c.g.f.d.m.B.selectList] [http-nio-8080-exec-8] [DEBUG] - <==      Total: 1
[2026-09-18 10:25:33.631] [gas-forecast] [] [] [c.g.f.d.m.M.selectList_mpCount] [http-nio-8080-exec-9] [DEBUG] - ==>  Preparing: SELECT COUNT(*) AS total FROM model_config_tb
[2026-09-18 10:25:33.631] [gas-forecast] [] [] [c.g.f.d.m.M.selectList_mpCount] [http-nio-8080-exec-9] [DEBUG] - ==> Parameters: 
[2026-09-18 10:25:33.632] [gas-forecast] [] [] [c.g.f.d.m.M.selectList_mpCount] [http-nio-8080-exec-9] [DEBUG] - <==      Total: 1
[2026-09-18 10:25:33.632] [gas-forecast] [] [] [c.g.f.d.m.M.selectList] [http-nio-8080-exec-9] [DEBUG] - ==>  Preparing: SELECT id,model_code,model_name,model_version,agent_code,description,created_by,created_at,updated_at,created_by_name FROM model_config_tb ORDER BY updated_at DESC,id DESC LIMIT ?
[2026-09-18 10:25:33.632] [gas-forecast] [] [] [c.g.f.d.m.M.selectList] [http-nio-8080-exec-9] [DEBUG] - ==> Parameters: 1000(Long)
[2026-09-18 10:25:33.633] [gas-forecast] [] [] [c.g.f.d.m.M.selectList] [http-nio-8080-exec-9] [DEBUG] - <==      Total: 2
[2026-09-18 10:25:33.633] [gas-forecast] [] [] [c.g.f.d.m.M.selectList] [http-nio-8080-exec-9] [DEBUG] - ==>  Preparing: SELECT id,model_code,region_code,industry_code,customer_code,created_by,created_at,updated_at,created_by_name FROM model_config_scope_tb WHERE (model_code IN (?,?)) ORDER BY id DESC
[2026-09-18 10:25:33.633] [gas-forecast] [] [] [c.g.f.d.m.M.selectList] [http-nio-8080-exec-9] [DEBUG] - ==> Parameters: MODEL000002(String), MODEL000001(String)
[2026-09-18 10:25:33.634] [gas-forecast] [] [] [c.g.f.d.m.M.selectList] [http-nio-8080-exec-9] [DEBUG] - <==      Total: 8
[2026-09-18 10:25:33.634] [gas-forecast] [] [] [c.g.f.d.m.M.selectList] [http-nio-8080-exec-9] [DEBUG] - ==>  Preparing: SELECT id,model_id,feature_id,required_flag,feature_order,created_at,created_by FROM model_feature_ref WHERE (model_id IN (?,?)) ORDER BY feature_order ASC,id ASC
[2026-09-18 10:25:33.634] [gas-forecast] [] [] [c.g.f.d.m.M.selectList] [http-nio-8080-exec-9] [DEBUG] - ==> Parameters: 2(Long), 1(Long)
[2026-09-18 10:25:33.635] [gas-forecast] [] [] [c.g.f.d.m.M.selectList] [http-nio-8080-exec-9] [DEBUG] - <==      Total: 5
[2026-09-18 10:25:33.635] [gas-forecast] [] [] [c.g.f.d.m.M.selectBatchIds] [http-nio-8080-exec-9] [DEBUG] - ==>  Preparing: SELECT id,feature_code,feature_name,feature_column,time_granularity,enabled,description,created_at,created_by,updated_by_name FROM model_feature_definition_tb WHERE id IN ( ? , ? , ? , ? , ? )
[2026-09-18 10:25:33.635] [gas-forecast] [] [] [c.g.f.d.m.M.selectBatchIds] [http-nio-8080-exec-9] [DEBUG] - ==> Parameters: 5(Long), 4(Long), 3(Long), 2(Long), 1(Long)
[2026-09-18 10:25:33.636] [gas-forecast] [] [] [c.g.f.d.m.M.selectBatchIds] [http-nio-8080-exec-9] [DEBUG] - <==      Total: 5
[2026-09-18 10:25:33.636] [gas-forecast] [] [] [c.g.f.d.m.B.selectList] [http-nio-8080-exec-9] [DEBUG] - ==>  Preparing: SELECT id,region_code,region_name,remark,created_by,created_at,updated_by,updated_at,updated_by_name,created_by_name FROM base_region_tb WHERE (region_code IN (?,?,?,?,?,?,?))
[2026-09-18 10:25:33.636] [gas-forecast] [] [] [c.g.f.d.m.B.selectList] [http-nio-8080-exec-9] [DEBUG] - ==> Parameters: REG000005(String), REG000006(String), REG000007(String), REG000008(String), REG000009(String), REG000010(String), REG000011(String)
[2026-09-18 10:25:33.636] [gas-forecast] [] [] [c.g.f.d.m.B.selectList] [http-nio-8080-exec-9] [DEBUG] - <==      Total: 7
[2026-09-18 10:25:33.637] [gas-forecast] [] [] [c.g.f.d.m.B.selectList] [http-nio-8080-exec-9] [DEBUG] - ==>  Preparing: SELECT id,industry_code,industry_name,created_at,updated_at,created_by,created_by_name,updated_by,updated_by_name FROM base_industry_tb WHERE (industry_code IN (?))
[2026-09-18 10:25:33.637] [gas-forecast] [] [] [c.g.f.d.m.B.selectList] [http-nio-8080-exec-9] [DEBUG] - ==> Parameters: IND000003(String)
[2026-09-18 10:25:33.637] [gas-forecast] [] [] [c.g.f.d.m.B.selectList] [http-nio-8080-exec-9] [DEBUG] - <==      Total: 1
[2026-09-18 10:25:33.637] [gas-forecast] [] [] [c.g.f.d.m.B.selectList] [http-nio-8080-exec-9] [DEBUG] - ==>  Preparing: SELECT id,customer_code,customer_name,industry_code,industry_name,region_code,region_name,created_at,updated_at,created_by,created_by_name,updated_by,updated_by_name,raw_region_name,raw_industry_name FROM base_customer_tb WHERE (customer_code IN (?))
[2026-09-18 10:25:33.637] [gas-forecast] [] [] [c.g.f.d.m.B.selectList] [http-nio-8080-exec-9] [DEBUG] - ==> Parameters: CUS000021(String)
[2026-09-18 10:25:33.638] [gas-forecast] [] [] [c.g.f.d.m.B.selectList] [http-nio-8080-exec-9] [DEBUG] - <==      Total: 1
[2026-09-18 10:25:35.818] [gas-forecast] [] [] [c.g.f.d.m.M.selectList_mpCount] [http-nio-8080-exec-10] [DEBUG] - ==>  Preparing: SELECT COUNT(*) AS total FROM model_config_tb
[2026-09-18 10:25:35.818] [gas-forecast] [] [] [c.g.f.d.m.M.selectList_mpCount] [http-nio-8080-exec-10] [DEBUG] - ==> Parameters: 
[2026-09-18 10:25:35.820] [gas-forecast] [] [] [c.g.f.d.m.M.selectList_mpCount] [http-nio-8080-exec-10] [DEBUG] - <==      Total: 1
[2026-09-18 10:25:35.820] [gas-forecast] [] [] [c.g.f.d.m.M.selectList] [http-nio-8080-exec-10] [DEBUG] - ==>  Preparing: SELECT id,model_code,model_name,model_version,agent_code,description,created_by,created_at,updated_at,created_by_name FROM model_config_tb ORDER BY updated_at DESC,id DESC LIMIT ?
[2026-09-18 10:25:35.820] [gas-forecast] [] [] [c.g.f.d.m.M.selectList] [http-nio-8080-exec-10] [DEBUG] - ==> Parameters: 1000(Long)
[2026-09-18 10:25:35.821] [gas-forecast] [] [] [c.g.f.d.m.M.selectList] [http-nio-8080-exec-10] [DEBUG] - <==      Total: 2
[2026-09-18 10:25:35.821] [gas-forecast] [] [] [c.g.f.d.m.M.selectList] [http-nio-8080-exec-10] [DEBUG] - ==>  Preparing: SELECT id,model_code,region_code,industry_code,customer_code,created_by,created_at,updated_at,created_by_name FROM model_config_scope_tb WHERE (model_code IN (?,?)) ORDER BY id DESC
[2026-09-18 10:25:35.821] [gas-forecast] [] [] [c.g.f.d.m.M.selectList] [http-nio-8080-exec-10] [DEBUG] - ==> Parameters: MODEL000002(String), MODEL000001(String)
[2026-09-18 10:25:35.822] [gas-forecast] [] [] [c.g.f.d.m.M.selectList] [http-nio-8080-exec-10] [DEBUG] - <==      Total: 8
[2026-09-18 10:25:35.822] [gas-forecast] [] [] [c.g.f.d.m.M.selectList] [http-nio-8080-exec-10] [DEBUG] - ==>  Preparing: SELECT id,model_id,feature_id,required_flag,feature_order,created_at,created_by FROM model_feature_ref WHERE (model_id IN (?,?)) ORDER BY feature_order ASC,id ASC
[2026-09-18 10:25:35.822] [gas-forecast] [] [] [c.g.f.d.m.M.selectList] [http-nio-8080-exec-10] [DEBUG] - ==> Parameters: 2(Long), 1(Long)
[2026-09-18 10:25:35.823] [gas-forecast] [] [] [c.g.f.d.m.M.selectList] [http-nio-8080-exec-10] [DEBUG] - <==      Total: 5
[2026-09-18 10:25:35.823] [gas-forecast] [] [] [c.g.f.d.m.M.selectBatchIds] [http-nio-8080-exec-10] [DEBUG] - ==>  Preparing: SELECT id,feature_code,feature_name,feature_column,time_granularity,enabled,description,created_at,created_by,updated_by_name FROM model_feature_definition_tb WHERE id IN ( ? , ? , ? , ? , ? )
[2026-09-18 10:25:35.823] [gas-forecast] [] [] [c.g.f.d.m.M.selectBatchIds] [http-nio-8080-exec-10] [DEBUG] - ==> Parameters: 5(Long), 4(Long), 3(Long), 2(Long), 1(Long)
[2026-09-18 10:25:35.823] [gas-forecast] [] [] [c.g.f.d.m.M.selectBatchIds] [http-nio-8080-exec-10] [DEBUG] - <==      Total: 5
[2026-09-18 10:25:35.824] [gas-forecast] [] [] [c.g.f.d.m.B.selectList] [http-nio-8080-exec-10] [DEBUG] - ==>  Preparing: SELECT id,region_code,region_name,remark,created_by,created_at,updated_by,updated_at,updated_by_name,created_by_name FROM base_region_tb WHERE (region_code IN (?,?,?,?,?,?,?))
[2026-09-18 10:25:35.824] [gas-forecast] [] [] [c.g.f.d.m.B.selectList] [http-nio-8080-exec-10] [DEBUG] - ==> Parameters: REG000005(String), REG000006(String), REG000007(String), REG000008(String), REG000009(String), REG000010(String), REG000011(String)
[2026-09-18 10:25:35.824] [gas-forecast] [] [] [c.g.f.d.m.B.selectList] [http-nio-8080-exec-10] [DEBUG] - <==      Total: 7
[2026-09-18 10:25:35.825] [gas-forecast] [] [] [c.g.f.d.m.B.selectList] [http-nio-8080-exec-10] [DEBUG] - ==>  Preparing: SELECT id,industry_code,industry_name,created_at,updated_at,created_by,created_by_name,updated_by,updated_by_name FROM base_industry_tb WHERE (industry_code IN (?))
[2026-09-18 10:25:35.825] [gas-forecast] [] [] [c.g.f.d.m.B.selectList] [http-nio-8080-exec-10] [DEBUG] - ==> Parameters: IND000003(String)
[2026-09-18 10:25:35.825] [gas-forecast] [] [] [c.g.f.d.m.B.selectList] [http-nio-8080-exec-10] [DEBUG] - <==      Total: 1
[2026-09-18 10:25:35.825] [gas-forecast] [] [] [c.g.f.d.m.B.selectList] [http-nio-8080-exec-10] [DEBUG] - ==>  Preparing: SELECT id,customer_code,customer_name,industry_code,industry_name,region_code,region_name,created_at,updated_at,created_by,created_by_name,updated_by,updated_by_name,raw_region_name,raw_industry_name FROM base_customer_tb WHERE (customer_code IN (?))
[2026-09-18 10:25:35.825] [gas-forecast] [] [] [c.g.f.d.m.B.selectList] [http-nio-8080-exec-10] [DEBUG] - ==> Parameters: CUS000021(String)
[2026-09-18 10:25:35.826] [gas-forecast] [] [] [c.g.f.d.m.B.selectList] [http-nio-8080-exec-10] [DEBUG] - <==      Total: 1
[2026-09-18 10:25:36.518] [gas-forecast] [] [] [c.g.f.d.m.M.selectList_mpCount] [http-nio-8080-exec-1] [DEBUG] - ==>  Preparing: SELECT COUNT(*) AS total FROM model_config_tb
[2026-09-18 10:25:36.519] [gas-forecast] [] [] [c.g.f.d.m.M.selectList_mpCount] [http-nio-8080-exec-1] [DEBUG] - ==> Parameters: 
[2026-09-18 10:25:36.521] [gas-forecast] [] [] [c.g.f.d.m.M.selectList_mpCount] [http-nio-8080-exec-1] [DEBUG] - <==      Total: 1
[2026-09-18 10:25:36.521] [gas-forecast] [] [] [c.g.f.d.m.M.selectList] [http-nio-8080-exec-1] [DEBUG] - ==>  Preparing: SELECT id,model_code,model_name,model_version,agent_code,description,created_by,created_at,updated_at,created_by_name FROM model_config_tb ORDER BY updated_at DESC,id DESC LIMIT ?
[2026-09-18 10:25:36.522] [gas-forecast] [] [] [c.g.f.d.m.M.selectList] [http-nio-8080-exec-1] [DEBUG] - ==> Parameters: 1000(Long)
[2026-09-18 10:25:36.522] [gas-forecast] [] [] [c.g.f.d.m.M.selectList] [http-nio-8080-exec-1] [DEBUG] - <==      Total: 2
[2026-09-18 10:25:36.522] [gas-forecast] [] [] [c.g.f.d.m.M.selectList] [http-nio-8080-exec-1] [DEBUG] - ==>  Preparing: SELECT id,model_code,region_code,industry_code,customer_code,created_by,created_at,updated_at,created_by_name FROM model_config_scope_tb WHERE (model_code IN (?,?)) ORDER BY id DESC
[2026-09-18 10:25:36.522] [gas-forecast] [] [] [c.g.f.d.m.M.selectList] [http-nio-8080-exec-1] [DEBUG] - ==> Parameters: MODEL000002(String), MODEL000001(String)
[2026-09-18 10:25:36.523] [gas-forecast] [] [] [c.g.f.d.m.M.selectList] [http-nio-8080-exec-1] [DEBUG] - <==      Total: 8
[2026-09-18 10:25:36.523] [gas-forecast] [] [] [c.g.f.d.m.M.selectList] [http-nio-8080-exec-1] [DEBUG] - ==>  Preparing: SELECT id,model_id,feature_id,required_flag,feature_order,created_at,created_by FROM model_feature_ref WHERE (model_id IN (?,?)) ORDER BY feature_order ASC,id ASC
[2026-09-18 10:25:36.523] [gas-forecast] [] [] [c.g.f.d.m.M.selectList] [http-nio-8080-exec-1] [DEBUG] - ==> Parameters: 2(Long), 1(Long)
[2026-09-18 10:25:36.524] [gas-forecast] [] [] [c.g.f.d.m.M.selectList] [http-nio-8080-exec-1] [DEBUG] - <==      Total: 5
[2026-09-18 10:25:36.524] [gas-forecast] [] [] [c.g.f.d.m.M.selectBatchIds] [http-nio-8080-exec-1] [DEBUG] - ==>  Preparing: SELECT id,feature_code,feature_name,feature_column,time_granularity,enabled,description,created_at,created_by,updated_by_name FROM model_feature_definition_tb WHERE id IN ( ? , ? , ? , ? , ? )
[2026-09-18 10:25:36.524] [gas-forecast] [] [] [c.g.f.d.m.M.selectBatchIds] [http-nio-8080-exec-1] [DEBUG] - ==> Parameters: 5(Long), 4(Long), 3(Long), 2(Long), 1(Long)
[2026-09-18 10:25:36.525] [gas-forecast] [] [] [c.g.f.d.m.M.selectBatchIds] [http-nio-8080-exec-1] [DEBUG] - <==      Total: 5
[2026-09-18 10:25:36.525] [gas-forecast] [] [] [c.g.f.d.m.B.selectList] [http-nio-8080-exec-1] [DEBUG] - ==>  Preparing: SELECT id,region_code,region_name,remark,created_by,created_at,updated_by,updated_at,updated_by_name,created_by_name FROM base_region_tb WHERE (region_code IN (?,?,?,?,?,?,?))
[2026-09-18 10:25:36.526] [gas-forecast] [] [] [c.g.f.d.m.B.selectList] [http-nio-8080-exec-1] [DEBUG] - ==> Parameters: REG000005(String), REG000006(String), REG000007(String), REG000008(String), REG000009(String), REG000010(String), REG000011(String)
[2026-09-18 10:25:36.526] [gas-forecast] [] [] [c.g.f.d.m.B.selectList] [http-nio-8080-exec-1] [DEBUG] - <==      Total: 7
[2026-09-18 10:25:36.526] [gas-forecast] [] [] [c.g.f.d.m.B.selectList] [http-nio-8080-exec-1] [DEBUG] - ==>  Preparing: SELECT id,industry_code,industry_name,created_at,updated_at,created_by,created_by_name,updated_by,updated_by_name FROM base_industry_tb WHERE (industry_code IN (?))
[2026-09-18 10:25:36.526] [gas-forecast] [] [] [c.g.f.d.m.B.selectList] [http-nio-8080-exec-1] [DEBUG] - ==> Parameters: IND000003(String)
[2026-09-18 10:25:36.527] [gas-forecast] [] [] [c.g.f.d.m.B.selectList] [http-nio-8080-exec-1] [DEBUG] - <==      Total: 1
[2026-09-18 10:25:36.527] [gas-forecast] [] [] [c.g.f.d.m.B.selectList] [http-nio-8080-exec-1] [DEBUG] - ==>  Preparing: SELECT id,customer_code,customer_name,industry_code,industry_name,region_code,region_name,created_at,updated_at,created_by,created_by_name,updated_by,updated_by_name,raw_region_name,raw_industry_name FROM base_customer_tb WHERE (customer_code IN (?))
[2026-09-18 10:25:36.527] [gas-forecast] [] [] [c.g.f.d.m.B.selectList] [http-nio-8080-exec-1] [DEBUG] - ==> Parameters: CUS000021(String)
[2026-09-18 10:25:36.528] [gas-forecast] [] [] [c.g.f.d.m.B.selectList] [http-nio-8080-exec-1] [DEBUG] - <==      Total: 1
[2026-09-18 10:25:58.604] [gas-forecast] [] [] [c.g.f.d.m.M.selectList_mpCount] [http-nio-8080-exec-2] [DEBUG] - ==>  Preparing: SELECT COUNT(*) AS total FROM model_config_tb
[2026-09-18 10:25:58.604] [gas-forecast] [] [] [c.g.f.d.m.M.selectList_mpCount] [http-nio-8080-exec-2] [DEBUG] - ==> Parameters: 
[2026-09-18 10:25:58.608] [gas-forecast] [] [] [c.g.f.d.m.M.selectList_mpCount] [http-nio-8080-exec-2] [DEBUG] - <==      Total: 1
[2026-09-18 10:25:58.609] [gas-forecast] [] [] [c.g.f.d.m.M.selectList] [http-nio-8080-exec-2] [DEBUG] - ==>  Preparing: SELECT id,model_code,model_name,model_version,agent_code,description,created_by,created_at,updated_at,created_by_name FROM model_config_tb ORDER BY updated_at DESC,id DESC LIMIT ?
[2026-09-18 10:25:58.609] [gas-forecast] [] [] [c.g.f.d.m.M.selectList] [http-nio-8080-exec-2] [DEBUG] - ==> Parameters: 10(Long)
[2026-09-18 10:25:58.609] [gas-forecast] [] [] [c.g.f.d.m.M.selectList] [http-nio-8080-exec-2] [DEBUG] - <==      Total: 2
[2026-09-18 10:25:58.610] [gas-forecast] [] [] [c.g.f.d.m.M.selectList] [http-nio-8080-exec-2] [DEBUG] - ==>  Preparing: SELECT id,model_code,region_code,industry_code,customer_code,created_by,created_at,updated_at,created_by_name FROM model_config_scope_tb WHERE (model_code IN (?,?)) ORDER BY id DESC
[2026-09-18 10:25:58.610] [gas-forecast] [] [] [c.g.f.d.m.M.selectList] [http-nio-8080-exec-2] [DEBUG] - ==> Parameters: MODEL000002(String), MODEL000001(String)
[2026-09-18 10:25:58.610] [gas-forecast] [] [] [c.g.f.d.m.M.selectList] [http-nio-8080-exec-2] [DEBUG] - <==      Total: 8
[2026-09-18 10:25:58.611] [gas-forecast] [] [] [c.g.f.d.m.M.selectList] [http-nio-8080-exec-2] [DEBUG] - ==>  Preparing: SELECT id,model_id,feature_id,required_flag,feature_order,created_at,created_by FROM model_feature_ref WHERE (model_id IN (?,?)) ORDER BY feature_order ASC,id ASC
[2026-09-18 10:25:58.611] [gas-forecast] [] [] [c.g.f.d.m.M.selectList] [http-nio-8080-exec-2] [DEBUG] - ==> Parameters: 2(Long), 1(Long)
[2026-09-18 10:25:58.611] [gas-forecast] [] [] [c.g.f.d.m.M.selectList] [http-nio-8080-exec-2] [DEBUG] - <==      Total: 5
[2026-09-18 10:25:58.611] [gas-forecast] [] [] [c.g.f.d.m.M.selectBatchIds] [http-nio-8080-exec-2] [DEBUG] - ==>  Preparing: SELECT id,feature_code,feature_name,feature_column,time_granularity,enabled,description,created_at,created_by,updated_by_name FROM model_feature_definition_tb WHERE id IN ( ? , ? , ? , ? , ? )
[2026-09-18 10:25:58.611] [gas-forecast] [] [] [c.g.f.d.m.M.selectBatchIds] [http-nio-8080-exec-2] [DEBUG] - ==> Parameters: 5(Long), 4(Long), 3(Long), 2(Long), 1(Long)
[2026-09-18 10:25:58.612] [gas-forecast] [] [] [c.g.f.d.m.M.selectBatchIds] [http-nio-8080-exec-2] [DEBUG] - <==      Total: 5
[2026-09-18 10:25:58.612] [gas-forecast] [] [] [c.g.f.d.m.B.selectList] [http-nio-8080-exec-2] [DEBUG] - ==>  Preparing: SELECT id,region_code,region_name,remark,created_by,created_at,updated_by,updated_at,updated_by_name,created_by_name FROM base_region_tb WHERE (region_code IN (?,?,?,?,?,?,?))
[2026-09-18 10:25:58.612] [gas-forecast] [] [] [c.g.f.d.m.B.selectList] [http-nio-8080-exec-2] [DEBUG] - ==> Parameters: REG000005(String), REG000006(String), REG000007(String), REG000008(String), REG000009(String), REG000010(String), REG000011(String)
[2026-09-18 10:25:58.613] [gas-forecast] [] [] [c.g.f.d.m.B.selectList] [http-nio-8080-exec-2] [DEBUG] - <==      Total: 7
[2026-09-18 10:25:58.613] [gas-forecast] [] [] [c.g.f.d.m.B.selectList] [http-nio-8080-exec-2] [DEBUG] - ==>  Preparing: SELECT id,industry_code,industry_name,created_at,updated_at,created_by,created_by_name,updated_by,updated_by_name FROM base_industry_tb WHERE (industry_code IN (?))
[2026-09-18 10:25:58.613] [gas-forecast] [] [] [c.g.f.d.m.B.selectList] [http-nio-8080-exec-2] [DEBUG] - ==> Parameters: IND000003(String)
[2026-09-18 10:25:58.613] [gas-forecast] [] [] [c.g.f.d.m.B.selectList] [http-nio-8080-exec-2] [DEBUG] - <==      Total: 1
[2026-09-18 10:25:58.613] [gas-forecast] [] [] [c.g.f.d.m.B.selectList] [http-nio-8080-exec-2] [DEBUG] - ==>  Preparing: SELECT id,customer_code,customer_name,industry_code,industry_name,region_code,region_name,created_at,updated_at,created_by,created_by_name,updated_by,updated_by_name,raw_region_name,raw_industry_name FROM base_customer_tb WHERE (customer_code IN (?))
[2026-09-18 10:25:58.614] [gas-forecast] [] [] [c.g.f.d.m.B.selectList] [http-nio-8080-exec-2] [DEBUG] - ==> Parameters: CUS000021(String)
[2026-09-18 10:25:58.614] [gas-forecast] [] [] [c.g.f.d.m.B.selectList] [http-nio-8080-exec-2] [DEBUG] - <==      Total: 1
[2026-09-18 10:26:00.822] [gas-forecast] [] [] [c.g.f.d.m.S.selectByUsername] [http-nio-8080-exec-3] [DEBUG] - ==>  Preparing: select distinct p.* from sys_permission_tb p where p.status = 1 and ( exists ( select 1 from sys_user_tb u join sys_user_role_ref ur on ur.user_id = u.id join sys_role_permission_ref rp on rp.role_id = ur.role_id where rp.permission_id = p.id and u.username = ? and u.deleted = 0 ) or exists ( select 1 from sys_user_tb u join sys_user_department_ref ud on ud.user_id = u.id join sys_department_permission_ref dp on dp.department_id = ud.department_id where dp.permission_id = p.id and u.username = ? and u.deleted = 0 ) ) order by p.sort_no, p.id
[2026-09-18 10:26:00.823] [gas-forecast] [] [] [c.g.f.d.m.S.selectByUsername] [http-nio-8080-exec-3] [DEBUG] - ==> Parameters: admin(String), admin(String)
[2026-09-18 10:26:00.826] [gas-forecast] [] [] [c.g.f.d.m.S.selectByUsername] [http-nio-8080-exec-3] [DEBUG] - <==      Total: 60
[2026-09-18 10:26:00.830] [gas-forecast] [] [] [c.g.f.d.m.B.selectList_mpCount] [http-nio-8080-exec-3] [DEBUG] - ==>  Preparing: SELECT COUNT(*) AS total FROM base_region_tb
[2026-09-18 10:26:00.830] [gas-forecast] [] [] [c.g.f.d.m.B.selectList_mpCount] [http-nio-8080-exec-3] [DEBUG] - ==> Parameters: 
[2026-09-18 10:26:00.831] [gas-forecast] [] [] [c.g.f.d.m.B.selectList_mpCount] [http-nio-8080-exec-3] [DEBUG] - <==      Total: 1
[2026-09-18 10:26:00.832] [gas-forecast] [] [] [c.g.f.d.m.B.selectList] [http-nio-8080-exec-3] [DEBUG] - ==>  Preparing: SELECT id,region_code,region_name,remark,created_by,created_at,updated_by,updated_at,updated_by_name,created_by_name FROM base_region_tb ORDER BY updated_at DESC,id DESC LIMIT ?
[2026-09-18 10:26:00.832] [gas-forecast] [] [] [c.g.f.d.m.B.selectList] [http-nio-8080-exec-3] [DEBUG] - ==> Parameters: 1000(Long)
[2026-09-18 10:26:00.832] [gas-forecast] [] [] [c.g.f.d.m.B.selectList] [http-nio-8080-exec-3] [DEBUG] - <==      Total: 7
[2026-09-18 10:26:00.841] [gas-forecast] [] [] [c.g.f.d.m.M.selectList_mpCount] [http-nio-8080-exec-4] [DEBUG] - ==>  Preparing: SELECT COUNT(*) AS total FROM model_feature_definition_tb
[2026-09-18 10:26:00.841] [gas-forecast] [] [] [c.g.f.d.m.M.selectList_mpCount] [http-nio-8080-exec-4] [DEBUG] - ==> Parameters: 
[2026-09-18 10:26:00.843] [gas-forecast] [] [] [c.g.f.d.m.M.selectList_mpCount] [http-nio-8080-exec-4] [DEBUG] - <==      Total: 1
[2026-09-18 10:26:00.843] [gas-forecast] [] [] [c.g.f.d.m.M.selectList] [http-nio-8080-exec-4] [DEBUG] - ==>  Preparing: SELECT id,feature_code,feature_name,feature_column,time_granularity,enabled,description,created_at,created_by,updated_by_name FROM model_feature_definition_tb ORDER BY created_at DESC,id DESC LIMIT ?
[2026-09-18 10:26:00.843] [gas-forecast] [] [] [c.g.f.d.m.M.selectList] [http-nio-8080-exec-4] [DEBUG] - ==> Parameters: 500(Long)
[2026-09-18 10:26:00.844] [gas-forecast] [] [] [c.g.f.d.m.M.selectList] [http-nio-8080-exec-4] [DEBUG] - <==      Total: 5
[2026-09-18 10:28:22.435] [gas-forecast] [] [] [c.g.f.d.m.M.selectById] [http-nio-8080-exec-6] [DEBUG] - ==>  Preparing: SELECT id,model_code,model_name,model_version,agent_code,description,created_by,created_at,updated_at,created_by_name FROM model_config_tb WHERE id=?
[2026-09-18 10:28:22.435] [gas-forecast] [] [] [c.g.f.d.m.M.selectById] [http-nio-8080-exec-6] [DEBUG] - ==> Parameters: 2(Long)
[2026-09-18 10:28:22.437] [gas-forecast] [] [] [c.g.f.d.m.M.selectById] [http-nio-8080-exec-6] [DEBUG] - <==      Total: 1
[2026-09-18 10:28:22.438] [gas-forecast] [] [] [c.g.f.d.m.M.delete] [http-nio-8080-exec-6] [DEBUG] - ==>  Preparing: DELETE FROM model_config_scope_tb WHERE (model_code = ?)
[2026-09-18 10:28:22.438] [gas-forecast] [] [] [c.g.f.d.m.M.delete] [http-nio-8080-exec-6] [DEBUG] - ==> Parameters: MODEL000002(String)
[2026-09-18 10:28:22.440] [gas-forecast] [] [] [c.g.f.d.m.M.delete] [http-nio-8080-exec-6] [DEBUG] - <==    Updates: 1
[2026-09-18 10:29:56.300] [gas-forecast] [] [] [c.g.f.d.m.M.selectList_mpCount] [http-nio-8080-exec-5] [DEBUG] - ==>  Preparing: SELECT COUNT(*) AS total FROM model_config_tb
[2026-09-18 10:29:56.300] [gas-forecast] [] [] [c.g.f.d.m.M.selectList_mpCount] [http-nio-8080-exec-5] [DEBUG] - ==> Parameters: 
[2026-09-18 10:29:56.304] [gas-forecast] [] [] [c.g.f.d.m.M.selectList_mpCount] [http-nio-8080-exec-5] [DEBUG] - <==      Total: 1
[2026-09-18 10:29:56.304] [gas-forecast] [] [] [c.g.f.d.m.M.selectList] [http-nio-8080-exec-5] [DEBUG] - ==>  Preparing: SELECT id,model_code,model_name,model_version,agent_code,description,created_by,created_at,updated_at,created_by_name FROM model_config_tb ORDER BY updated_at DESC,id DESC LIMIT ?
[2026-09-18 10:29:56.305] [gas-forecast] [] [] [c.g.f.d.m.M.selectList] [http-nio-8080-exec-5] [DEBUG] - ==> Parameters: 10(Long)
[2026-09-18 10:29:56.306] [gas-forecast] [] [] [c.g.f.d.m.M.selectList] [http-nio-8080-exec-5] [DEBUG] - <==      Total: 2
[2026-09-18 10:29:56.307] [gas-forecast] [] [] [c.g.f.d.m.M.selectList] [http-nio-8080-exec-5] [DEBUG] - ==>  Preparing: SELECT id,model_code,region_code,industry_code,customer_code,created_by,created_at,updated_at,created_by_name FROM model_config_scope_tb WHERE (model_code IN (?,?)) ORDER BY id DESC
[2026-09-18 10:29:56.307] [gas-forecast] [] [] [c.g.f.d.m.M.selectList] [http-nio-8080-exec-5] [DEBUG] - ==> Parameters: MODEL000002(String), MODEL000001(String)
[2026-09-18 10:29:56.308] [gas-forecast] [] [] [c.g.f.d.m.M.selectList] [http-nio-8080-exec-5] [DEBUG] - <==      Total: 8
[2026-09-18 10:29:56.308] [gas-forecast] [] [] [c.g.f.d.m.M.selectList] [http-nio-8080-exec-5] [DEBUG] - ==>  Preparing: SELECT id,model_id,feature_id,required_flag,feature_order,created_at,created_by FROM model_feature_ref WHERE (model_id IN (?,?)) ORDER BY feature_order ASC,id ASC
[2026-09-18 10:29:56.308] [gas-forecast] [] [] [c.g.f.d.m.M.selectList] [http-nio-8080-exec-5] [DEBUG] - ==> Parameters: 2(Long), 1(Long)
[2026-09-18 10:29:56.309] [gas-forecast] [] [] [c.g.f.d.m.M.selectList] [http-nio-8080-exec-5] [DEBUG] - <==      Total: 5
[2026-09-18 10:29:56.309] [gas-forecast] [] [] [c.g.f.d.m.M.selectBatchIds] [http-nio-8080-exec-5] [DEBUG] - ==>  Preparing: SELECT id,feature_code,feature_name,feature_column,time_granularity,enabled,description,created_at,created_by,updated_by_name FROM model_feature_definition_tb WHERE id IN ( ? , ? , ? , ? , ? )
[2026-09-18 10:29:56.309] [gas-forecast] [] [] [c.g.f.d.m.M.selectBatchIds] [http-nio-8080-exec-5] [DEBUG] - ==> Parameters: 5(Long), 4(Long), 3(Long), 2(Long), 1(Long)
[2026-09-18 10:29:56.309] [gas-forecast] [] [] [c.g.f.d.m.M.selectBatchIds] [http-nio-8080-exec-5] [DEBUG] - <==      Total: 5
[2026-09-18 10:29:56.309] [gas-forecast] [] [] [c.g.f.d.m.B.selectList] [http-nio-8080-exec-5] [DEBUG] - ==>  Preparing: SELECT id,region_code,region_name,remark,created_by,created_at,updated_by,updated_at,updated_by_name,created_by_name FROM base_region_tb WHERE (region_code IN (?,?,?,?,?,?,?))
[2026-09-18 10:29:56.310] [gas-forecast] [] [] [c.g.f.d.m.B.selectList] [http-nio-8080-exec-5] [DEBUG] - ==> Parameters: REG000005(String), REG000006(String), REG000007(String), REG000008(String), REG000009(String), REG000010(String), REG000011(String)
[2026-09-18 10:29:56.310] [gas-forecast] [] [] [c.g.f.d.m.B.selectList] [http-nio-8080-exec-5] [DEBUG] - <==      Total: 7
[2026-09-18 10:29:56.311] [gas-forecast] [] [] [c.g.f.d.m.B.selectList] [http-nio-8080-exec-5] [DEBUG] - ==>  Preparing: SELECT id,industry_code,industry_name,created_at,updated_at,created_by,created_by_name,updated_by,updated_by_name FROM base_industry_tb WHERE (industry_code IN (?))
[2026-09-18 10:29:56.311] [gas-forecast] [] [] [c.g.f.d.m.B.selectList] [http-nio-8080-exec-5] [DEBUG] - ==> Parameters: IND000003(String)
[2026-09-18 10:29:56.311] [gas-forecast] [] [] [c.g.f.d.m.B.selectList] [http-nio-8080-exec-5] [DEBUG] - <==      Total: 1
[2026-09-18 10:29:56.311] [gas-forecast] [] [] [c.g.f.d.m.B.selectList] [http-nio-8080-exec-5] [DEBUG] - ==>  Preparing: SELECT id,customer_code,customer_name,industry_code,industry_name,region_code,region_name,created_at,updated_at,created_by,created_by_name,updated_by,updated_by_name,raw_region_name,raw_industry_name FROM base_customer_tb WHERE (customer_code IN (?))
[2026-09-18 10:29:56.311] [gas-forecast] [] [] [c.g.f.d.m.B.selectList] [http-nio-8080-exec-5] [DEBUG] - ==> Parameters: CUS000021(String)
[2026-09-18 10:29:56.312] [gas-forecast] [] [] [c.g.f.d.m.B.selectList] [http-nio-8080-exec-5] [DEBUG] - <==      Total: 1
[2026-09-18 10:30:45.061] [gas-forecast] [] [] [c.g.f.d.m.S.selectByUsername] [http-nio-8080-exec-7] [DEBUG] - ==>  Preparing: select distinct p.* from sys_permission_tb p where p.status = 1 and ( exists ( select 1 from sys_user_tb u join sys_user_role_ref ur on ur.user_id = u.id join sys_role_permission_ref rp on rp.role_id = ur.role_id where rp.permission_id = p.id and u.username = ? and u.deleted = 0 ) or exists ( select 1 from sys_user_tb u join sys_user_department_ref ud on ud.user_id = u.id join sys_department_permission_ref dp on dp.department_id = ud.department_id where dp.permission_id = p.id and u.username = ? and u.deleted = 0 ) ) order by p.sort_no, p.id
[2026-09-18 10:30:45.061] [gas-forecast] [] [] [c.g.f.d.m.S.selectByUsername] [http-nio-8080-exec-7] [DEBUG] - ==> Parameters: admin(String), admin(String)
[2026-09-18 10:30:45.065] [gas-forecast] [] [] [c.g.f.d.m.S.selectByUsername] [http-nio-8080-exec-7] [DEBUG] - <==      Total: 60
[2026-09-18 10:30:45.066] [gas-forecast] [] [] [c.g.f.d.m.B.selectList_mpCount] [http-nio-8080-exec-7] [DEBUG] - ==>  Preparing: SELECT COUNT(*) AS total FROM base_region_tb
[2026-09-18 10:30:45.066] [gas-forecast] [] [] [c.g.f.d.m.B.selectList_mpCount] [http-nio-8080-exec-7] [DEBUG] - ==> Parameters: 
[2026-09-18 10:30:45.068] [gas-forecast] [] [] [c.g.f.d.m.B.selectList_mpCount] [http-nio-8080-exec-7] [DEBUG] - <==      Total: 1
[2026-09-18 10:30:45.068] [gas-forecast] [] [] [c.g.f.d.m.B.selectList] [http-nio-8080-exec-7] [DEBUG] - ==>  Preparing: SELECT id,region_code,region_name,remark,created_by,created_at,updated_by,updated_at,updated_by_name,created_by_name FROM base_region_tb ORDER BY updated_at DESC,id DESC LIMIT ?
[2026-09-18 10:30:45.068] [gas-forecast] [] [] [c.g.f.d.m.B.selectList] [http-nio-8080-exec-7] [DEBUG] - ==> Parameters: 1000(Long)
[2026-09-18 10:30:45.069] [gas-forecast] [] [] [c.g.f.d.m.B.selectList] [http-nio-8080-exec-7] [DEBUG] - <==      Total: 7
[2026-09-18 10:30:45.080] [gas-forecast] [] [] [c.g.f.d.m.M.selectList_mpCount] [http-nio-8080-exec-8] [DEBUG] - ==>  Preparing: SELECT COUNT(*) AS total FROM model_feature_definition_tb
[2026-09-18 10:30:45.080] [gas-forecast] [] [] [c.g.f.d.m.M.selectList_mpCount] [http-nio-8080-exec-8] [DEBUG] - ==> Parameters: 
[2026-09-18 10:30:45.082] [gas-forecast] [] [] [c.g.f.d.m.M.selectList_mpCount] [http-nio-8080-exec-8] [DEBUG] - <==      Total: 1
[2026-09-18 10:30:45.083] [gas-forecast] [] [] [c.g.f.d.m.M.selectList] [http-nio-8080-exec-8] [DEBUG] - ==>  Preparing: SELECT id,feature_code,feature_name,feature_column,time_granularity,enabled,description,created_at,created_by,updated_by_name FROM model_feature_definition_tb ORDER BY created_at DESC,id DESC LIMIT ?
[2026-09-18 10:30:45.083] [gas-forecast] [] [] [c.g.f.d.m.M.selectList] [http-nio-8080-exec-8] [DEBUG] - ==> Parameters: 500(Long)
[2026-09-18 10:30:45.084] [gas-forecast] [] [] [c.g.f.d.m.M.selectList] [http-nio-8080-exec-8] [DEBUG] - <==      Total: 5
[2026-09-18 10:36:37.355] [gas-forecast] [] [] [c.g.f.d.m.M.selectList_mpCount] [http-nio-8080-exec-9] [DEBUG] - ==>  Preparing: SELECT COUNT(*) AS total FROM model_config_tb
[2026-09-18 10:36:37.355] [gas-forecast] [] [] [c.g.f.d.m.M.selectList_mpCount] [http-nio-8080-exec-9] [DEBUG] - ==> Parameters: 
[2026-09-18 10:36:37.367] [gas-forecast] [] [] [c.g.f.d.m.M.selectList_mpCount] [http-nio-8080-exec-9] [DEBUG] - <==      Total: 1
[2026-09-18 10:36:37.367] [gas-forecast] [] [] [c.g.f.d.m.M.selectList] [http-nio-8080-exec-9] [DEBUG] - ==>  Preparing: SELECT id,model_code,model_name,model_version,agent_code,description,created_by,created_at,updated_at,created_by_name FROM model_config_tb ORDER BY updated_at DESC,id DESC LIMIT ?
[2026-09-18 10:36:37.367] [gas-forecast] [] [] [c.g.f.d.m.M.selectList] [http-nio-8080-exec-9] [DEBUG] - ==> Parameters: 10(Long)
[2026-09-18 10:36:37.368] [gas-forecast] [] [] [c.g.f.d.m.M.selectList] [http-nio-8080-exec-9] [DEBUG] - <==      Total: 2
[2026-09-18 10:36:37.369] [gas-forecast] [] [] [c.g.f.d.m.M.selectList] [http-nio-8080-exec-9] [DEBUG] - ==>  Preparing: SELECT id,model_code,region_code,industry_code,customer_code,created_by,created_at,updated_at,created_by_name FROM model_config_scope_tb WHERE (model_code IN (?,?)) ORDER BY id DESC
[2026-09-18 10:36:37.369] [gas-forecast] [] [] [c.g.f.d.m.M.selectList] [http-nio-8080-exec-9] [DEBUG] - ==> Parameters: MODEL000002(String), MODEL000001(String)
[2026-09-18 10:36:37.369] [gas-forecast] [] [] [c.g.f.d.m.M.selectList] [http-nio-8080-exec-9] [DEBUG] - <==      Total: 8
[2026-09-18 10:36:37.370] [gas-forecast] [] [] [c.g.f.d.m.M.selectList] [http-nio-8080-exec-9] [DEBUG] - ==>  Preparing: SELECT id,model_id,feature_id,required_flag,feature_order,created_at,created_by FROM model_feature_ref WHERE (model_id IN (?,?)) ORDER BY feature_order ASC,id ASC
[2026-09-18 10:36:37.370] [gas-forecast] [] [] [c.g.f.d.m.M.selectList] [http-nio-8080-exec-9] [DEBUG] - ==> Parameters: 2(Long), 1(Long)
[2026-09-18 10:36:37.370] [gas-forecast] [] [] [c.g.f.d.m.M.selectList] [http-nio-8080-exec-9] [DEBUG] - <==      Total: 5
[2026-09-18 10:36:37.370] [gas-forecast] [] [] [c.g.f.d.m.M.selectBatchIds] [http-nio-8080-exec-9] [DEBUG] - ==>  Preparing: SELECT id,feature_code,feature_name,feature_column,time_granularity,enabled,description,created_at,created_by,updated_by_name FROM model_feature_definition_tb WHERE id IN ( ? , ? , ? , ? , ? )
[2026-09-18 10:36:37.371] [gas-forecast] [] [] [c.g.f.d.m.M.selectBatchIds] [http-nio-8080-exec-9] [DEBUG] - ==> Parameters: 5(Long), 4(Long), 3(Long), 2(Long), 1(Long)
[2026-09-18 10:36:37.371] [gas-forecast] [] [] [c.g.f.d.m.M.selectBatchIds] [http-nio-8080-exec-9] [DEBUG] - <==      Total: 5
[2026-09-18 10:36:37.371] [gas-forecast] [] [] [c.g.f.d.m.B.selectList] [http-nio-8080-exec-9] [DEBUG] - ==>  Preparing: SELECT id,region_code,region_name,remark,created_by,created_at,updated_by,updated_at,updated_by_name,created_by_name FROM base_region_tb WHERE (region_code IN (?,?,?,?,?,?,?))
[2026-09-18 10:36:37.371] [gas-forecast] [] [] [c.g.f.d.m.B.selectList] [http-nio-8080-exec-9] [DEBUG] - ==> Parameters: REG000005(String), REG000006(String), REG000007(String), REG000008(String), REG000009(String), REG000010(String), REG000011(String)
[2026-09-18 10:36:37.372] [gas-forecast] [] [] [c.g.f.d.m.B.selectList] [http-nio-8080-exec-9] [DEBUG] - <==      Total: 7
[2026-09-18 10:36:37.372] [gas-forecast] [] [] [c.g.f.d.m.B.selectList] [http-nio-8080-exec-9] [DEBUG] - ==>  Preparing: SELECT id,industry_code,industry_name,created_at,updated_at,created_by,created_by_name,updated_by,updated_by_name FROM base_industry_tb WHERE (industry_code IN (?))
[2026-09-18 10:36:37.372] [gas-forecast] [] [] [c.g.f.d.m.B.selectList] [http-nio-8080-exec-9] [DEBUG] - ==> Parameters: IND000003(String)
[2026-09-18 10:36:37.373] [gas-forecast] [] [] [c.g.f.d.m.B.selectList] [http-nio-8080-exec-9] [DEBUG] - <==      Total: 1
[2026-09-18 10:36:37.373] [gas-forecast] [] [] [c.g.f.d.m.B.selectList] [http-nio-8080-exec-9] [DEBUG] - ==>  Preparing: SELECT id,customer_code,customer_name,industry_code,industry_name,region_code,region_name,created_at,updated_at,created_by,created_by_name,updated_by,updated_by_name,raw_region_name,raw_industry_name FROM base_customer_tb WHERE (customer_code IN (?))
[2026-09-18 10:36:37.373] [gas-forecast] [] [] [c.g.f.d.m.B.selectList] [http-nio-8080-exec-9] [DEBUG] - ==> Parameters: CUS000021(String)
[2026-09-18 10:36:37.373] [gas-forecast] [] [] [c.g.f.d.m.B.selectList] [http-nio-8080-exec-9] [DEBUG] - <==      Total: 1
