[2026-09-24 07:53:36.128] [gas-forecast] [] [] [o.h.validator.internal.util.Version] [background-preinit] [INFO] - HV000001: Hibernate Validator 8.0.1.Final
[2026-09-24 07:53:36.145] [gas-forecast] [] [] [c.g.f.GasForecastStartupApplication] [main] [INFO] - Starting GasForecastStartupApplication using Java 21.0.11 with PID 26526 (/Users/zoujun/work/workspace/shiyou/gas-forecast/gas-forecast-startup/target/classes started by zoujun in /Users/zoujun/work/workspace/shiyou/gas-forecast)
[2026-09-24 07:53:36.146] [gas-forecast] [] [] [c.g.f.GasForecastStartupApplication] [main] [INFO] - The following 1 profile is active: "dev"
[2026-09-24 07:53:36.611] [gas-forecast] [] [] [o.s.d.r.c.RepositoryConfigurationDelegate] [main] [INFO] - Multiple Spring Data modules found, entering strict repository configuration mode
[2026-09-24 07:53:36.612] [gas-forecast] [] [] [o.s.d.r.c.RepositoryConfigurationDelegate] [main] [INFO] - Bootstrapping Spring Data Redis repositories in DEFAULT mode.
[2026-09-24 07:53:36.633] [gas-forecast] [] [] [o.s.d.r.c.RepositoryConfigurationDelegate] [main] [INFO] - Finished Spring Data repository scanning in 12 ms. Found 0 Redis repository interfaces.
[2026-09-24 07:53:36.944] [gas-forecast] [] [] [o.s.b.w.e.tomcat.TomcatWebServer] [main] [INFO] - Tomcat initialized with port 8080 (http)
[2026-09-24 07:53:36.948] [gas-forecast] [] [] [o.a.coyote.http11.Http11NioProtocol] [main] [INFO] - Initializing ProtocolHandler ["http-nio-8080"]
[2026-09-24 07:53:36.949] [gas-forecast] [] [] [o.a.catalina.core.StandardService] [main] [INFO] - Starting service [Tomcat]
[2026-09-24 07:53:36.949] [gas-forecast] [] [] [o.a.catalina.core.StandardEngine] [main] [INFO] - Starting Servlet engine: [Apache Tomcat/10.1.20]
[2026-09-24 07:53:36.966] [gas-forecast] [] [] [o.a.c.c.C.[.[.[/gas-forecast]] [main] [INFO] - Initializing Spring embedded WebApplicationContext
[2026-09-24 07:53:36.966] [gas-forecast] [] [] [o.s.b.w.s.c.ServletWebServerApplicationContext] [main] [INFO] - Root WebApplicationContext: initialization completed in 789 ms
[2026-09-24 07:53:37.691] [gas-forecast] [] [] [o.a.coyote.http11.Http11NioProtocol] [main] [INFO] - Starting ProtocolHandler ["http-nio-8080"]
[2026-09-24 07:53:37.698] [gas-forecast] [] [] [o.s.b.w.e.tomcat.TomcatWebServer] [main] [INFO] - Tomcat started on port 8080 (http) with context path '/gas-forecast'
[2026-09-24 07:53:37.702] [gas-forecast] [] [] [c.g.f.GasForecastStartupApplication] [main] [INFO] - Started GasForecastStartupApplication in 1.875 seconds (process running for 2.505)
[2026-09-24 07:53:52.524] [gas-forecast] [] [] [o.a.c.c.C.[.[.[/gas-forecast]] [http-nio-8080-exec-1] [INFO] - Initializing Spring DispatcherServlet 'dispatcherServlet'
[2026-09-24 07:53:52.524] [gas-forecast] [] [] [o.s.web.servlet.DispatcherServlet] [http-nio-8080-exec-1] [INFO] - Initializing Servlet 'dispatcherServlet'
[2026-09-24 07:53:52.525] [gas-forecast] [] [] [o.s.web.servlet.DispatcherServlet] [http-nio-8080-exec-1] [INFO] - Completed initialization in 1 ms
[2026-09-24 07:53:52.746] [gas-forecast] [] [] [c.g.forecast.common.web.WebLogAspect] [http-nio-8080-exec-1] [INFO] - Request [获取当前登录用户权限] GET /gas-forecast/auth/permissions args={}
[2026-09-24 07:53:52.779] [gas-forecast] [] [] [com.zaxxer.hikari.HikariDataSource] [http-nio-8080-exec-1] [INFO] - HikariPool-1 - Starting...
[2026-09-24 07:53:52.851] [gas-forecast] [] [] [com.zaxxer.hikari.pool.HikariPool] [http-nio-8080-exec-1] [INFO] - HikariPool-1 - Added connection com.mysql.cj.jdbc.ConnectionImpl@1b854ca3
[2026-09-24 07:53:52.852] [gas-forecast] [] [] [com.zaxxer.hikari.HikariDataSource] [http-nio-8080-exec-1] [INFO] - HikariPool-1 - Start completed.
[2026-09-24 07:53:52.893] [gas-forecast] [] [] [c.g.forecast.common.web.WebLogAspect] [http-nio-8080-exec-1] [INFO] - Request [获取当前登录用户权限] completed in 147 ms
[2026-09-24 07:53:54.051] [gas-forecast] [] [] [c.g.forecast.common.web.WebLogAspect] [http-nio-8080-exec-2] [INFO] - Request [获取当前登录用户权限] GET /gas-forecast/auth/permissions args={}
[2026-09-24 07:53:54.061] [gas-forecast] [] [] [c.g.forecast.common.web.WebLogAspect] [http-nio-8080-exec-2] [INFO] - Request [获取当前登录用户权限] completed in 10 ms
[2026-09-24 07:53:56.829] [gas-forecast] [] [] [c.g.forecast.common.web.WebLogAspect] [http-nio-8080-exec-3] [INFO] - Request [模型列表查询] POST /gas-forecast/model-config/listPage args={reqDTO=ModelConfigPageRequest(keyword=null)}
[2026-09-24 07:53:56.870] [gas-forecast] [] [] [c.g.forecast.common.web.WebLogAspect] [http-nio-8080-exec-3] [INFO] - Request [模型列表查询] completed in 41 ms
[2026-09-24 07:54:04.428] [gas-forecast] [] [] [c.g.forecast.common.web.WebLogAspect] [http-nio-8080-exec-4] [INFO] - Request [特征定义列表查询] POST /gas-forecast/model-feature-definition/listPage args={reqDTO=ModelFeatureDefinitionPageRequest(page=1, size=10, keyword=null, timeGranularity=null)}
[2026-09-24 07:54:04.435] [gas-forecast] [] [] [c.g.forecast.common.web.WebLogAspect] [http-nio-8080-exec-4] [INFO] - Request [特征定义列表查询] completed in 8 ms
[2026-09-24 07:54:06.247] [gas-forecast] [] [] [c.g.forecast.common.web.WebLogAspect] [http-nio-8080-exec-5] [INFO] - Request [模型列表查询] POST /gas-forecast/model-config/listPage args={reqDTO=ModelConfigPageRequest(keyword=null)}
[2026-09-24 07:54:06.249] [gas-forecast] [] [] [c.g.forecast.common.web.WebLogAspect] [http-nio-8080-exec-9] [INFO] - Request [模型训练配置列表查询] POST /gas-forecast/model-train-config/listPage args={reqDTO=ModelTrainConfigPageRequest(page=1, size=10, keyword=null, agentCode=null, timeGranularity=null)}
[2026-09-24 07:54:06.254] [gas-forecast] [] [] [c.g.forecast.common.web.WebLogAspect] [http-nio-8080-exec-8] [INFO] - Request [客户列表分页查询] POST /gas-forecast/base-customer/listPage args={reqDTO=BaseCustomerPageRequest(keyword=null)}
[2026-09-24 07:54:06.255] [gas-forecast] [] [] [c.g.forecast.common.web.WebLogAspect] [http-nio-8080-exec-7] [INFO] - Request [行业列表查询] POST /gas-forecast/base-industry/listPage args={reqDTO=BaseIndustryPageRequest(keyword=null)}
[2026-09-24 07:54:06.257] [gas-forecast] [] [] [c.g.forecast.common.web.WebLogAspect] [http-nio-8080-exec-6] [INFO] - Request [区域列表查询] POST /gas-forecast/base-region/listPage args={reqDTO=BaseRegionPageRequest(page=1, size=1000, keyword=null)}
[2026-09-24 07:54:06.258] [gas-forecast] [] [] [c.g.forecast.common.web.WebLogAspect] [http-nio-8080-exec-9] [INFO] - Request [模型训练配置列表查询] completed in 9 ms
[2026-09-24 07:54:06.261] [gas-forecast] [] [] [c.g.forecast.common.web.WebLogAspect] [http-nio-8080-exec-5] [INFO] - Request [模型列表查询] completed in 14 ms
[2026-09-24 07:54:06.262] [gas-forecast] [] [] [c.g.forecast.common.web.WebLogAspect] [http-nio-8080-exec-7] [INFO] - Request [行业列表查询] completed in 8 ms
[2026-09-24 07:54:06.262] [gas-forecast] [] [] [c.g.forecast.common.web.WebLogAspect] [http-nio-8080-exec-6] [INFO] - Request [区域列表查询] completed in 6 ms
[2026-09-24 07:54:06.263] [gas-forecast] [] [] [c.g.forecast.common.web.WebLogAspect] [http-nio-8080-exec-8] [INFO] - Request [客户列表分页查询] completed in 9 ms
[2026-09-24 07:54:07.037] [gas-forecast] [] [] [c.g.forecast.common.web.WebLogAspect] [http-nio-8080-exec-10] [INFO] - Request [模型预测配置列表查询] POST /gas-forecast/model-forecast-config/listPage args={reqDTO=ModelForecastConfigPageRequest(page=1, size=10, keyword=, agentCode=, enabled=null)}
[2026-09-24 07:54:07.044] [gas-forecast] [] [] [c.g.forecast.common.web.WebLogAspect] [http-nio-8080-exec-10] [INFO] - Request [模型预测配置列表查询] completed in 7 ms
[2026-09-24 07:54:09.305] [gas-forecast] [] [] [c.g.forecast.common.web.WebLogAspect] [http-nio-8080-exec-1] [INFO] - Request [模型列表查询] POST /gas-forecast/model-config/listPage args={reqDTO=ModelConfigPageRequest(keyword=null)}
[2026-09-24 07:54:09.306] [gas-forecast] [] [] [c.g.forecast.common.web.WebLogAspect] [http-nio-8080-exec-4] [INFO] - Request [模型训练配置列表查询] POST /gas-forecast/model-train-config/listPage args={reqDTO=ModelTrainConfigPageRequest(page=1, size=10, keyword=null, agentCode=null, timeGranularity=null)}
[2026-09-24 07:54:09.309] [gas-forecast] [] [] [c.g.forecast.common.web.WebLogAspect] [http-nio-8080-exec-9] [INFO] - Request [行业列表查询] POST /gas-forecast/base-industry/listPage args={reqDTO=BaseIndustryPageRequest(keyword=null)}
[2026-09-24 07:54:09.309] [gas-forecast] [] [] [c.g.forecast.common.web.WebLogAspect] [http-nio-8080-exec-3] [INFO] - Request [客户列表分页查询] POST /gas-forecast/base-customer/listPage args={reqDTO=BaseCustomerPageRequest(keyword=null)}
[2026-09-24 07:54:09.309] [gas-forecast] [] [] [c.g.forecast.common.web.WebLogAspect] [http-nio-8080-exec-2] [INFO] - Request [区域列表查询] POST /gas-forecast/base-region/listPage args={reqDTO=BaseRegionPageRequest(page=1, size=1000, keyword=null)}
[2026-09-24 07:54:09.310] [gas-forecast] [] [] [c.g.forecast.common.web.WebLogAspect] [http-nio-8080-exec-4] [INFO] - Request [模型训练配置列表查询] completed in 4 ms
[2026-09-24 07:54:09.315] [gas-forecast] [] [] [c.g.forecast.common.web.WebLogAspect] [http-nio-8080-exec-2] [INFO] - Request [区域列表查询] completed in 6 ms
[2026-09-24 07:54:09.315] [gas-forecast] [] [] [c.g.forecast.common.web.WebLogAspect] [http-nio-8080-exec-3] [INFO] - Request [客户列表分页查询] completed in 6 ms
[2026-09-24 07:54:09.316] [gas-forecast] [] [] [c.g.forecast.common.web.WebLogAspect] [http-nio-8080-exec-1] [INFO] - Request [模型列表查询] completed in 11 ms
[2026-09-24 07:54:09.318] [gas-forecast] [] [] [c.g.forecast.common.web.WebLogAspect] [http-nio-8080-exec-9] [INFO] - Request [行业列表查询] completed in 9 ms
[2026-09-24 07:54:10.129] [gas-forecast] [] [] [c.g.forecast.common.web.WebLogAspect] [http-nio-8080-exec-5] [INFO] - Request [特征定义列表查询] POST /gas-forecast/model-feature-definition/listPage args={reqDTO=ModelFeatureDefinitionPageRequest(page=1, size=10, keyword=null, timeGranularity=null)}
[2026-09-24 07:54:10.133] [gas-forecast] [] [] [c.g.forecast.common.web.WebLogAspect] [http-nio-8080-exec-5] [INFO] - Request [特征定义列表查询] completed in 4 ms
[2026-09-24 07:54:10.632] [gas-forecast] [] [] [c.g.forecast.common.web.WebLogAspect] [http-nio-8080-exec-6] [INFO] - Request [模型列表查询] POST /gas-forecast/model-config/listPage args={reqDTO=ModelConfigPageRequest(keyword=null)}
[2026-09-24 07:54:10.643] [gas-forecast] [] [] [c.g.forecast.common.web.WebLogAspect] [http-nio-8080-exec-6] [INFO] - Request [模型列表查询] completed in 11 ms
[2026-09-24 07:54:13.126] [gas-forecast] [] [] [c.g.forecast.common.web.WebLogAspect] [http-nio-8080-exec-3] [INFO] - Request [模型列表查询] POST /gas-forecast/model-config/listPage args={reqDTO=ModelConfigPageRequest(keyword=null)}
[2026-09-24 07:54:13.130] [gas-forecast] [] [] [c.g.forecast.common.web.WebLogAspect] [http-nio-8080-exec-10] [INFO] - Request [客户列表分页查询] POST /gas-forecast/base-customer/listPage args={reqDTO=BaseCustomerPageRequest(keyword=null)}
[2026-09-24 07:54:13.130] [gas-forecast] [] [] [c.g.forecast.common.web.WebLogAspect] [http-nio-8080-exec-8] [INFO] - Request [行业列表查询] POST /gas-forecast/base-industry/listPage args={reqDTO=BaseIndustryPageRequest(keyword=null)}
[2026-09-24 07:54:13.130] [gas-forecast] [] [] [c.g.forecast.common.web.WebLogAspect] [http-nio-8080-exec-7] [INFO] - Request [区域列表查询] POST /gas-forecast/base-region/listPage args={reqDTO=BaseRegionPageRequest(page=1, size=1, keyword=null)}
[2026-09-24 07:54:13.132] [gas-forecast] [] [] [c.g.forecast.common.web.WebLogAspect] [http-nio-8080-exec-2] [INFO] - Request [月销量标准数据分页查询] POST /gas-forecast/data-monthly-sales/listPage args={reqDTO=DataSalesPageRequest(page=1, size=1, keyword=null, startDate=null, endDate=null)}
[2026-09-24 07:54:13.132] [gas-forecast] [] [] [c.g.forecast.common.web.WebLogAspect] [http-nio-8080-exec-4] [INFO] - Request [日销量标准数据分页查询] POST /gas-forecast/data-daily-sales/listPage args={reqDTO=DataSalesPageRequest(page=1, size=1, keyword=null, startDate=null, endDate=null)}
[2026-09-24 07:54:13.141] [gas-forecast] [] [] [c.g.forecast.common.web.WebLogAspect] [http-nio-8080-exec-8] [INFO] - Request [行业列表查询] completed in 11 ms
[2026-09-24 07:54:13.141] [gas-forecast] [] [] [c.g.forecast.common.web.WebLogAspect] [http-nio-8080-exec-7] [INFO] - Request [区域列表查询] completed in 11 ms
[2026-09-24 07:54:13.141] [gas-forecast] [] [] [c.g.forecast.common.web.WebLogAspect] [http-nio-8080-exec-10] [INFO] - Request [客户列表分页查询] completed in 12 ms
[2026-09-24 07:54:13.143] [gas-forecast] [] [] [c.g.forecast.common.web.WebLogAspect] [http-nio-8080-exec-3] [INFO] - Request [模型列表查询] completed in 17 ms
[2026-09-24 07:54:13.145] [gas-forecast] [] [] [c.g.forecast.common.web.WebLogAspect] [http-nio-8080-exec-2] [INFO] - Request [月销量标准数据分页查询] completed in 13 ms
[2026-09-24 07:54:13.146] [gas-forecast] [] [] [c.g.forecast.common.web.WebLogAspect] [http-nio-8080-exec-1] [INFO] - Request [模型预测执行记录查询] POST /gas-forecast/model-forecast-record/listPage args={reqDTO=ModelForecastRecordPageRequest(page=1, size=1, forecastId=null, forecastBatchNo=null, status=null)}
[2026-09-24 07:54:13.152] [gas-forecast] [] [] [c.g.forecast.common.web.WebLogAspect] [http-nio-8080-exec-1] [INFO] - Request [模型预测执行记录查询] completed in 6 ms
[2026-09-24 07:54:13.171] [gas-forecast] [] [] [c.g.forecast.common.web.WebLogAspect] [http-nio-8080-exec-4] [INFO] - Request [日销量标准数据分页查询] completed in 39 ms
[2026-09-24 07:54:36.421] [gas-forecast] [] [] [c.g.forecast.common.web.WebLogAspect] [http-nio-8080-exec-6] [INFO] - Request [获取当前登录用户权限] GET /gas-forecast/auth/permissions args={}
[2026-09-24 07:54:36.427] [gas-forecast] [] [] [c.g.forecast.common.web.WebLogAspect] [http-nio-8080-exec-6] [INFO] - Request [获取当前登录用户权限] completed in 6 ms
[2026-09-24 07:54:39.024] [gas-forecast] [] [] [c.g.forecast.common.web.WebLogAspect] [http-nio-8080-exec-1] [INFO] - Request [客户列表分页查询] POST /gas-forecast/base-customer/listPage args={reqDTO=BaseCustomerPageRequest(keyword=null)}
[2026-09-24 07:54:39.024] [gas-forecast] [] [] [c.g.forecast.common.web.WebLogAspect] [http-nio-8080-exec-3] [INFO] - Request [行业列表查询] POST /gas-forecast/base-industry/listPage args={reqDTO=BaseIndustryPageRequest(keyword=null)}
[2026-09-24 07:54:39.024] [gas-forecast] [] [] [c.g.forecast.common.web.WebLogAspect] [http-nio-8080-exec-7] [INFO] - Request [区域列表查询] POST /gas-forecast/base-region/listPage args={reqDTO=BaseRegionPageRequest(page=1, size=1000, keyword=null)}
[2026-09-24 07:54:39.028] [gas-forecast] [] [] [c.g.forecast.common.web.WebLogAspect] [http-nio-8080-exec-3] [INFO] - Request [行业列表查询] completed in 4 ms
[2026-09-24 07:54:39.029] [gas-forecast] [] [] [c.g.forecast.common.web.WebLogAspect] [http-nio-8080-exec-1] [INFO] - Request [客户列表分页查询] completed in 5 ms
[2026-09-24 07:54:39.031] [gas-forecast] [] [] [c.g.forecast.common.web.WebLogAspect] [http-nio-8080-exec-7] [INFO] - Request [区域列表查询] completed in 7 ms
[2026-09-24 07:55:32.525] [gas-forecast] [] [] [c.g.forecast.common.web.WebLogAspect] [http-nio-8080-exec-6] [INFO] - Request [区域列表查询] POST /gas-forecast/base-region/listPage args={reqDTO=BaseRegionPageRequest(page=1, size=1000, keyword=null)}
[2026-09-24 07:55:32.525] [gas-forecast] [] [] [c.g.forecast.common.web.WebLogAspect] [http-nio-8080-exec-8] [INFO] - Request [行业列表查询] POST /gas-forecast/base-industry/listPage args={reqDTO=BaseIndustryPageRequest(keyword=null)}
[2026-09-24 07:55:32.525] [gas-forecast] [] [] [c.g.forecast.common.web.WebLogAspect] [http-nio-8080-exec-2] [INFO] - Request [客户列表分页查询] POST /gas-forecast/base-customer/listPage args={reqDTO=BaseCustomerPageRequest(keyword=null)}
[2026-09-24 07:55:32.534] [gas-forecast] [] [] [c.g.forecast.common.web.WebLogAspect] [http-nio-8080-exec-6] [INFO] - Request [区域列表查询] completed in 9 ms
[2026-09-24 07:55:32.534] [gas-forecast] [] [] [c.g.forecast.common.web.WebLogAspect] [http-nio-8080-exec-8] [INFO] - Request [行业列表查询] completed in 9 ms
[2026-09-24 07:55:32.535] [gas-forecast] [] [] [c.g.forecast.common.web.WebLogAspect] [http-nio-8080-exec-2] [INFO] - Request [客户列表分页查询] completed in 10 ms
[2026-09-24 07:56:22.647] [gas-forecast] [] [] [c.g.forecast.common.web.WebLogAspect] [http-nio-8080-exec-7] [INFO] - Request [模型列表查询] POST /gas-forecast/model-config/listPage args={reqDTO=ModelConfigPageRequest(keyword=null)}
[2026-09-24 07:56:22.658] [gas-forecast] [] [] [c.g.forecast.common.web.WebLogAspect] [http-nio-8080-exec-7] [INFO] - Request [模型列表查询] completed in 11 ms
[2026-09-24 07:56:27.169] [gas-forecast] [] [] [c.g.forecast.common.web.WebLogAspect] [http-nio-8080-exec-4] [INFO] - Request [区域列表查询] POST /gas-forecast/base-region/listPage args={reqDTO=BaseRegionPageRequest(page=1, size=1000, keyword=null)}
[2026-09-24 07:56:27.172] [gas-forecast] [] [] [c.g.forecast.common.web.WebLogAspect] [http-nio-8080-exec-4] [INFO] - Request [区域列表查询] completed in 3 ms
[2026-09-24 07:56:27.187] [gas-forecast] [] [] [c.g.forecast.common.web.WebLogAspect] [http-nio-8080-exec-5] [INFO] - Request [特征定义列表查询] POST /gas-forecast/model-feature-definition/listPage args={reqDTO=ModelFeatureDefinitionPageRequest(page=1, size=500, keyword=null, timeGranularity=null)}
[2026-09-24 07:56:27.191] [gas-forecast] [] [] [c.g.forecast.common.web.WebLogAspect] [http-nio-8080-exec-5] [INFO] - Request [特征定义列表查询] completed in 4 ms
[2026-09-24 07:56:30.827] [gas-forecast] [] [] [c.g.forecast.common.web.WebLogAspect] [http-nio-8080-exec-9] [INFO] - Request [特征定义列表查询] POST /gas-forecast/model-feature-definition/listPage args={reqDTO=ModelFeatureDefinitionPageRequest(page=1, size=10, keyword=null, timeGranularity=null)}
[2026-09-24 07:56:30.833] [gas-forecast] [] [] [c.g.forecast.common.web.WebLogAspect] [http-nio-8080-exec-9] [INFO] - Request [特征定义列表查询] completed in 6 ms
[2026-09-24 07:56:46.195] [gas-forecast] [] [] [c.g.forecast.common.web.WebLogAspect] [http-nio-8080-exec-10] [INFO] - Request [区域列表查询] POST /gas-forecast/base-region/listPage args={reqDTO=BaseRegionPageRequest(page=1, size=10, keyword=null)}
[2026-09-24 07:56:46.199] [gas-forecast] [] [] [c.g.forecast.common.web.WebLogAspect] [http-nio-8080-exec-10] [INFO] - Request [区域列表查询] completed in 4 ms
[2026-09-24 07:56:53.136] [gas-forecast] [] [] [c.g.forecast.common.web.WebLogAspect] [http-nio-8080-exec-6] [INFO] - Request [日销量标准数据分页查询] POST /gas-forecast/data-daily-sales/listPage args={reqDTO=DataSalesPageRequest(page=1, size=10, keyword=null, startDate=null, endDate=null)}
[2026-09-24 07:56:53.173] [gas-forecast] [] [] [c.g.forecast.common.web.WebLogAspect] [http-nio-8080-exec-6] [INFO] - Request [日销量标准数据分页查询] completed in 38 ms
[2026-09-24 07:56:58.032] [gas-forecast] [] [] [c.g.forecast.common.web.WebLogAspect] [http-nio-8080-exec-2] [INFO] - Request [月销量标准数据分页查询] POST /gas-forecast/data-monthly-sales/listPage args={reqDTO=DataSalesPageRequest(page=1, size=10, keyword=null, startDate=null, endDate=null)}
[2026-09-24 07:56:58.037] [gas-forecast] [] [] [c.g.forecast.common.web.WebLogAspect] [http-nio-8080-exec-2] [INFO] - Request [月销量标准数据分页查询] completed in 5 ms
[2026-09-24 07:57:11.721] [gas-forecast] [] [] [c.g.forecast.common.web.WebLogAspect] [http-nio-8080-exec-8] [INFO] - Request [原始数据文件分页查询] POST /gas-forecast/data-file-info/listPage args={reqDTO=DataFileInfoPageRequest(page=1, size=10, keyword=null)}
[2026-09-24 07:57:11.727] [gas-forecast] [] [] [c.g.forecast.common.web.WebLogAspect] [http-nio-8080-exec-8] [INFO] - Request [原始数据文件分页查询] completed in 6 ms
[2026-09-24 07:57:11.873] [gas-forecast] [] [] [c.g.forecast.common.web.WebLogAspect] [http-nio-8080-exec-3] [INFO] - Request [获取当前登录用户权限] GET /gas-forecast/auth/permissions args={}
[2026-09-24 07:57:11.881] [gas-forecast] [] [] [c.g.forecast.common.web.WebLogAspect] [http-nio-8080-exec-3] [INFO] - Request [获取当前登录用户权限] completed in 8 ms
[2026-09-24 07:57:12.048] [gas-forecast] [] [] [c.g.forecast.common.web.WebLogAspect] [http-nio-8080-exec-1] [INFO] - Request [原始数据文件分页查询] POST /gas-forecast/data-file-info/listPage args={reqDTO=DataFileInfoPageRequest(page=1, size=10, keyword=null)}
[2026-09-24 07:57:12.054] [gas-forecast] [] [] [c.g.forecast.common.web.WebLogAspect] [http-nio-8080-exec-1] [INFO] - Request [原始数据文件分页查询] completed in 6 ms
[2026-09-24 07:57:21.597] [gas-forecast] [] [] [c.g.forecast.common.web.WebLogAspect] [http-nio-8080-exec-7] [INFO] - Request [月销量标准数据分页查询] POST /gas-forecast/data-monthly-sales/listPage args={reqDTO=DataSalesPageRequest(page=1, size=10, keyword=null, startDate=null, endDate=null)}
[2026-09-24 07:57:21.602] [gas-forecast] [] [] [c.g.forecast.common.web.WebLogAspect] [http-nio-8080-exec-7] [INFO] - Request [月销量标准数据分页查询] completed in 5 ms
[2026-09-24 07:57:23.528] [gas-forecast] [] [] [c.g.forecast.common.web.WebLogAspect] [http-nio-8080-exec-4] [INFO] - Request [日销量标准数据分页查询] POST /gas-forecast/data-daily-sales/listPage args={reqDTO=DataSalesPageRequest(page=1, size=10, keyword=null, startDate=null, endDate=null)}
[2026-09-24 07:57:23.566] [gas-forecast] [] [] [c.g.forecast.common.web.WebLogAspect] [http-nio-8080-exec-4] [INFO] - Request [日销量标准数据分页查询] completed in 38 ms
[2026-09-24 07:57:45.389] [gas-forecast] [] [] [c.g.forecast.common.web.WebLogAspect] [http-nio-8080-exec-6] [INFO] - Request [获取当前登录用户权限] GET /gas-forecast/auth/permissions args={}
[2026-09-24 07:57:45.392] [gas-forecast] [] [] [c.g.forecast.common.web.WebLogAspect] [http-nio-8080-exec-6] [INFO] - Request [获取当前登录用户权限] completed in 3 ms
[2026-09-24 07:57:51.223] [gas-forecast] [] [] [c.g.forecast.common.web.WebLogAspect] [http-nio-8080-exec-1] [INFO] - Request [获取当前登录用户权限] GET /gas-forecast/auth/permissions args={}
[2026-09-24 07:57:51.226] [gas-forecast] [] [] [c.g.forecast.common.web.WebLogAspect] [http-nio-8080-exec-1] [INFO] - Request [获取当前登录用户权限] completed in 3 ms
[2026-09-24 07:58:20.744] [gas-forecast] [] [] [c.g.forecast.common.web.WebLogAspect] [http-nio-8080-exec-9] [INFO] - Request [获取当前登录用户权限] GET /gas-forecast/auth/permissions args={}
[2026-09-24 07:58:20.747] [gas-forecast] [] [] [c.g.forecast.common.web.WebLogAspect] [http-nio-8080-exec-9] [INFO] - Request [获取当前登录用户权限] completed in 3 ms
[2026-09-24 08:02:14.605] [gas-forecast] [] [] [c.g.forecast.common.web.WebLogAspect] [http-nio-8080-exec-2] [INFO] - Request [获取当前登录用户权限] GET /gas-forecast/auth/permissions args={}
[2026-09-24 08:02:14.621] [gas-forecast] [] [] [c.g.forecast.common.web.WebLogAspect] [http-nio-8080-exec-2] [INFO] - Request [获取当前登录用户权限] completed in 16 ms
[2026-09-24 08:04:03.161] [gas-forecast] [] [] [c.g.forecast.common.web.WebLogAspect] [http-nio-8080-exec-8] [INFO] - Request [获取当前登录用户权限] GET /gas-forecast/auth/permissions args={}
[2026-09-24 08:04:03.173] [gas-forecast] [] [] [c.g.forecast.common.web.WebLogAspect] [http-nio-8080-exec-8] [INFO] - Request [获取当前登录用户权限] completed in 12 ms
[2026-09-24 08:04:04.737] [gas-forecast] [] [] [c.g.forecast.common.web.WebLogAspect] [http-nio-8080-exec-3] [INFO] - Request [获取登录验证码] GET /gas-forecast/auth/captcha args={}
[2026-09-24 08:04:04.737] [gas-forecast] [] [] [c.g.forecast.common.web.WebLogAspect] [http-nio-8080-exec-1] [INFO] - Request [获取登录RSA公钥] GET /gas-forecast/auth/rsa-public-key args={}
[2026-09-24 08:04:04.819] [gas-forecast] [] [] [c.g.forecast.common.web.WebLogAspect] [http-nio-8080-exec-1] [INFO] - Request [获取登录RSA公钥] completed in 82 ms
[2026-09-24 08:04:05.127] [gas-forecast] [] [] [c.g.forecast.common.web.WebLogAspect] [http-nio-8080-exec-3] [INFO] - Request [获取登录验证码] completed in 390 ms
[2026-09-24 08:04:12.865] [gas-forecast] [] [] [c.g.forecast.common.web.WebLogAspect] [http-nio-8080-exec-7] [INFO] - Request [用户登录] POST /gas-forecast/auth/login args={reqDTO=AuthLoginRequest(username=fNnoac4Ew4qiLE1lH85O9te2MyVBbKOV1iYVQecptsNvVPgPXrKOf3G9mY+TZ437QfUw+FuSkwIBTSekq+XU7X7ThfZULFYhETUv3zk5CXtsghuUkYq7jKYJym9R2zFrhY7P1jlETFABN797jr8o1HGMZpEg4oFkQvk1czGyUgxzrlXNQljpvS25ZlF5xFaYj5zLOeOPSSzgNA/DJ2aBZurV9fjJdTMyYda3D5uzefCLo/9KYKLLkWtHNytIk7zRgDFxg31oFbtaYHSLKMgTpKbKWHIZ4q1Vrs1Pz8EqmwpssRzfAf/Ww+SqZ3NcZ3lB/QJ/WFn28LLTbzNEppcm5A==, password=CZhad4pGzpI7PMpx5gOoWC8Agg0U7eqvvA4qTceFJSJZxS8ZoSz7AxEMSscGiTCka5Jmw/y+gHnorfooCSKkWcST+RONT40OL0b8Y2jL6jhsUDBrqDvh5D9BknE9G/nXO13UlCCj0we45E87hRsarIJVZj9kOE7nh+S0F6s3z8teBrTpw5Ft7I/kWZF1Qq7OdwCUuCCHn5LjpOXfQV/MAg6Lgq413aotggqgT7gPyUMYFddRcz9HQhVG41kGq5q22972WBXpbot228GqdklCKfWmDHJe+o0gLg5xlMGRIbmFzcGEBeaoepLK+WwXpulJpAmzQveEhc9CGfuQJYeiRg==, captchaId=4090c656a521430796f83e51b42369fa, captchaCode=4h3x, rsaPublicKey=MIIBIjANBgkqhkiG9w0BAQEFAAOCAQ8AMIIBCgKCAQEA0RfJV0h9L+/qLjgQOaXnAXGVlNQzSEQmnUpf+/UZ6XsSd7XC+L/683EcltiJriM5MQwKPhsPbIYmHisDC60YOxqOTo7ldd4a1iI7F/l+wH4AQO5DqkZnkGkGdhbPAF0c+0ADLnjEz+XfjCBXhwDBWn8Ice...}
[2026-09-24 08:04:12.890] [gas-forecast] [] [] [c.g.forecast.common.web.WebLogAspect] [http-nio-8080-exec-7] [INFO] - Request [用户登录] completed in 25 ms
[2026-09-24 08:04:12.922] [gas-forecast] [] [] [c.g.forecast.common.web.WebLogAspect] [http-nio-8080-exec-2] [INFO] - Request [模型列表查询] POST /gas-forecast/model-config/listPage args={reqDTO=ModelConfigPageRequest(keyword=null)}
[2026-09-24 08:04:12.927] [gas-forecast] [] [] [c.g.forecast.common.web.WebLogAspect] [http-nio-8080-exec-5] [INFO] - Request [行业列表查询] POST /gas-forecast/base-industry/listPage args={reqDTO=BaseIndustryPageRequest(keyword=null)}
[2026-09-24 08:04:12.927] [gas-forecast] [] [] [c.g.forecast.common.web.WebLogAspect] [http-nio-8080-exec-6] [INFO] - Request [月销量标准数据分页查询] POST /gas-forecast/data-monthly-sales/listPage args={reqDTO=DataSalesPageRequest(page=1, size=1, keyword=null, startDate=null, endDate=null)}
[2026-09-24 08:04:12.927] [gas-forecast] [] [] [c.g.forecast.common.web.WebLogAspect] [http-nio-8080-exec-10] [INFO] - Request [日销量标准数据分页查询] POST /gas-forecast/data-daily-sales/listPage args={reqDTO=DataSalesPageRequest(page=1, size=1, keyword=null, startDate=null, endDate=null)}
[2026-09-24 08:04:12.927] [gas-forecast] [] [] [c.g.forecast.common.web.WebLogAspect] [http-nio-8080-exec-9] [INFO] - Request [客户列表分页查询] POST /gas-forecast/base-customer/listPage args={reqDTO=BaseCustomerPageRequest(keyword=null)}
[2026-09-24 08:04:12.927] [gas-forecast] [] [] [c.g.forecast.common.web.WebLogAspect] [http-nio-8080-exec-4] [INFO] - Request [区域列表查询] POST /gas-forecast/base-region/listPage args={reqDTO=BaseRegionPageRequest(page=1, size=1, keyword=null)}
[2026-09-24 08:04:12.932] [gas-forecast] [] [] [c.g.forecast.common.web.WebLogAspect] [http-nio-8080-exec-2] [INFO] - Request [模型列表查询] completed in 10 ms
[2026-09-24 08:04:12.933] [gas-forecast] [] [] [c.g.forecast.common.web.WebLogAspect] [http-nio-8080-exec-5] [INFO] - Request [行业列表查询] completed in 6 ms
[2026-09-24 08:04:12.934] [gas-forecast] [] [] [c.g.forecast.common.web.WebLogAspect] [http-nio-8080-exec-6] [INFO] - Request [月销量标准数据分页查询] completed in 7 ms
[2026-09-24 08:04:12.934] [gas-forecast] [] [] [c.g.forecast.common.web.WebLogAspect] [http-nio-8080-exec-4] [INFO] - Request [区域列表查询] completed in 7 ms
[2026-09-24 08:04:12.934] [gas-forecast] [] [] [c.g.forecast.common.web.WebLogAspect] [http-nio-8080-exec-9] [INFO] - Request [客户列表分页查询] completed in 7 ms
[2026-09-24 08:04:12.936] [gas-forecast] [] [] [c.g.forecast.common.web.WebLogAspect] [http-nio-8080-exec-8] [INFO] - Request [模型预测执行记录查询] POST /gas-forecast/model-forecast-record/listPage args={reqDTO=ModelForecastRecordPageRequest(page=1, size=1, forecastId=null, forecastBatchNo=null, status=null)}
[2026-09-24 08:04:12.942] [gas-forecast] [] [] [c.g.forecast.common.web.WebLogAspect] [http-nio-8080-exec-8] [INFO] - Request [模型预测执行记录查询] completed in 6 ms
[2026-09-24 08:04:12.961] [gas-forecast] [] [] [c.g.forecast.common.web.WebLogAspect] [http-nio-8080-exec-10] [INFO] - Request [日销量标准数据分页查询] completed in 34 ms
[2026-09-24 08:08:10.944] [gas-forecast] [] [] [c.g.forecast.common.web.WebLogAspect] [http-nio-8080-exec-9] [INFO] - Request [获取当前登录用户权限] GET /gas-forecast/auth/permissions args={}
[2026-09-24 08:08:10.956] [gas-forecast] [] [] [c.g.forecast.common.web.WebLogAspect] [http-nio-8080-exec-9] [INFO] - Request [获取当前登录用户权限] completed in 12 ms
[2026-09-24 08:08:11.613] [gas-forecast] [] [] [c.g.forecast.common.web.WebLogAspect] [http-nio-8080-exec-8] [INFO] - Request [获取当前登录用户权限] GET /gas-forecast/auth/permissions args={}
[2026-09-24 08:08:11.618] [gas-forecast] [] [] [c.g.forecast.common.web.WebLogAspect] [http-nio-8080-exec-8] [INFO] - Request [获取当前登录用户权限] completed in 5 ms
[2026-09-24 08:09:08.737] [gas-forecast] [] [] [c.g.forecast.common.web.WebLogAspect] [http-nio-8080-exec-3] [INFO] - Request [获取当前登录用户权限] GET /gas-forecast/auth/permissions args={}
[2026-09-24 08:09:08.746] [gas-forecast] [] [] [c.g.forecast.common.web.WebLogAspect] [http-nio-8080-exec-3] [INFO] - Request [获取当前登录用户权限] completed in 9 ms
[2026-09-24 08:09:14.085] [gas-forecast] [] [] [c.g.forecast.common.web.WebLogAspect] [http-nio-8080-exec-5] [INFO] - Request [原始数据文件分页查询] POST /gas-forecast/data-file-info/listPage args={reqDTO=DataFileInfoPageRequest(page=1, size=10, keyword=null)}
[2026-09-24 08:09:14.095] [gas-forecast] [] [] [c.g.forecast.common.web.WebLogAspect] [http-nio-8080-exec-5] [INFO] - Request [原始数据文件分页查询] completed in 10 ms
[2026-09-24 08:09:15.690] [gas-forecast] [] [] [c.g.forecast.common.web.WebLogAspect] [http-nio-8080-exec-6] [INFO] - Request [训练特征数据列表查询] POST /gas-forecast/model-train-feature-data/listPage args={reqDTO=ModelTrainFeatureDataPageRequest(page=1, size=10, keyword=null, timeGranularity=null, statDate=null, regionCode=null, industryCode=null, customerCode=null, statDateStart=null, statDateEnd=null, sortField=null, sortOrder=null)}
[2026-09-24 08:09:15.725] [gas-forecast] [] [] [c.g.forecast.common.web.WebLogAspect] [http-nio-8080-exec-6] [INFO] - Request [训练特征数据列表查询] completed in 36 ms
[2026-09-24 08:09:21.060] [gas-forecast] [] [] [c.g.forecast.common.web.WebLogAspect] [http-nio-8080-exec-4] [INFO] - Request [原始数据文件分页查询] POST /gas-forecast/data-file-info/listPage args={reqDTO=DataFileInfoPageRequest(page=1, size=10, keyword=null)}
[2026-09-24 08:09:21.065] [gas-forecast] [] [] [c.g.forecast.common.web.WebLogAspect] [http-nio-8080-exec-4] [INFO] - Request [原始数据文件分页查询] completed in 5 ms
[2026-09-24 08:09:21.780] [gas-forecast] [] [] [c.g.forecast.common.web.WebLogAspect] [http-nio-8080-exec-9] [INFO] - Request [训练特征数据列表查询] POST /gas-forecast/model-train-feature-data/listPage args={reqDTO=ModelTrainFeatureDataPageRequest(page=1, size=10, keyword=null, timeGranularity=null, statDate=null, regionCode=null, industryCode=null, customerCode=null, statDateStart=null, statDateEnd=null, sortField=null, sortOrder=null)}
[2026-09-24 08:09:21.807] [gas-forecast] [] [] [c.g.forecast.common.web.WebLogAspect] [http-nio-8080-exec-9] [INFO] - Request [训练特征数据列表查询] completed in 27 ms
[2026-09-24 08:14:42.068] [gas-forecast] [] [] [c.g.forecast.common.web.WebLogAspect] [http-nio-8080-exec-2] [INFO] - Request [模型列表查询] POST /gas-forecast/model-config/listPage args={reqDTO=ModelConfigPageRequest(keyword=null)}
[2026-09-24 08:14:42.082] [gas-forecast] [] [] [c.g.forecast.common.web.WebLogAspect] [http-nio-8080-exec-10] [INFO] - Request [行业列表查询] POST /gas-forecast/base-industry/listPage args={reqDTO=BaseIndustryPageRequest(keyword=null)}
[2026-09-24 08:14:42.082] [gas-forecast] [] [] [c.g.forecast.common.web.WebLogAspect] [http-nio-8080-exec-8] [INFO] - Request [区域列表查询] POST /gas-forecast/base-region/listPage args={reqDTO=BaseRegionPageRequest(page=1, size=1, keyword=null)}
[2026-09-24 08:14:42.085] [gas-forecast] [] [] [c.g.forecast.common.web.WebLogAspect] [http-nio-8080-exec-2] [INFO] - Request [模型列表查询] completed in 17 ms
[2026-09-24 08:14:42.085] [gas-forecast] [] [] [c.g.forecast.common.web.WebLogAspect] [http-nio-8080-exec-10] [INFO] - Request [行业列表查询] completed in 3 ms
[2026-09-24 08:14:42.087] [gas-forecast] [] [] [c.g.forecast.common.web.WebLogAspect] [http-nio-8080-exec-8] [INFO] - Request [区域列表查询] completed in 5 ms
[2026-09-24 08:14:42.087] [gas-forecast] [] [] [c.g.forecast.common.web.WebLogAspect] [http-nio-8080-exec-5] [INFO] - Request [模型预测执行记录查询] POST /gas-forecast/model-forecast-record/listPage args={reqDTO=ModelForecastRecordPageRequest(page=1, size=1, forecastId=null, forecastBatchNo=null, status=null)}
[2026-09-24 08:14:42.090] [gas-forecast] [] [] [c.g.forecast.common.web.WebLogAspect] [http-nio-8080-exec-5] [INFO] - Request [模型预测执行记录查询] completed in 3 ms
[2026-09-24 08:14:42.272] [gas-forecast] [] [] [c.g.forecast.common.web.WebLogAspect] [http-nio-8080-exec-7] [INFO] - Request [月销量标准数据分页查询] POST /gas-forecast/data-monthly-sales/listPage args={reqDTO=DataSalesPageRequest(page=1, size=1, keyword=null, startDate=null, endDate=null)}
[2026-09-24 08:14:42.272] [gas-forecast] [] [] [c.g.forecast.common.web.WebLogAspect] [http-nio-8080-exec-3] [INFO] - Request [日销量标准数据分页查询] POST /gas-forecast/data-daily-sales/listPage args={reqDTO=DataSalesPageRequest(page=1, size=1, keyword=null, startDate=null, endDate=null)}
[2026-09-24 08:14:42.272] [gas-forecast] [] [] [c.g.forecast.common.web.WebLogAspect] [http-nio-8080-exec-1] [INFO] - Request [客户列表分页查询] POST /gas-forecast/base-customer/listPage args={reqDTO=BaseCustomerPageRequest(keyword=null)}
[2026-09-24 08:14:42.279] [gas-forecast] [] [] [c.g.forecast.common.web.WebLogAspect] [http-nio-8080-exec-7] [INFO] - Request [月销量标准数据分页查询] completed in 7 ms
[2026-09-24 08:14:42.283] [gas-forecast] [] [] [c.g.forecast.common.web.WebLogAspect] [http-nio-8080-exec-1] [INFO] - Request [客户列表分页查询] completed in 11 ms
[2026-09-24 08:14:42.305] [gas-forecast] [] [] [c.g.forecast.common.web.WebLogAspect] [http-nio-8080-exec-3] [INFO] - Request [日销量标准数据分页查询] completed in 33 ms
[2026-09-24 08:14:52.430] [gas-forecast] [] [] [c.g.forecast.common.web.WebLogAspect] [http-nio-8080-exec-1] [INFO] - Request [模型列表查询] POST /gas-forecast/model-config/listPage args={reqDTO=ModelConfigPageRequest(keyword=null)}
[2026-09-24 08:14:52.438] [gas-forecast] [] [] [c.g.forecast.common.web.WebLogAspect] [http-nio-8080-exec-1] [INFO] - Request [模型列表查询] completed in 8 ms
[2026-09-24 08:14:55.199] [gas-forecast] [] [] [c.g.forecast.common.web.WebLogAspect] [http-nio-8080-exec-3] [INFO] - Request [模型列表查询] POST /gas-forecast/model-config/listPage args={reqDTO=ModelConfigPageRequest(keyword=null)}
[2026-09-24 08:14:55.199] [gas-forecast] [] [] [c.g.forecast.common.web.WebLogAspect] [http-nio-8080-exec-9] [INFO] - Request [模型训练配置列表查询] POST /gas-forecast/model-train-config/listPage args={reqDTO=ModelTrainConfigPageRequest(page=1, size=10, keyword=null, agentCode=null, timeGranularity=null)}
[2026-09-24 08:14:55.201] [gas-forecast] [] [] [c.g.forecast.common.web.WebLogAspect] [http-nio-8080-exec-4] [INFO] - Request [行业列表查询] POST /gas-forecast/base-industry/listPage args={reqDTO=BaseIndustryPageRequest(keyword=null)}
[2026-09-24 08:14:55.201] [gas-forecast] [] [] [c.g.forecast.common.web.WebLogAspect] [http-nio-8080-exec-10] [INFO] - Request [客户列表分页查询] POST /gas-forecast/base-customer/listPage args={reqDTO=BaseCustomerPageRequest(keyword=null)}
[2026-09-24 08:14:55.201] [gas-forecast] [] [] [c.g.forecast.common.web.WebLogAspect] [http-nio-8080-exec-6] [INFO] - Request [区域列表查询] POST /gas-forecast/base-region/listPage args={reqDTO=BaseRegionPageRequest(page=1, size=1000, keyword=null)}
[2026-09-24 08:14:55.203] [gas-forecast] [] [] [c.g.forecast.common.web.WebLogAspect] [http-nio-8080-exec-9] [INFO] - Request [模型训练配置列表查询] completed in 4 ms
[2026-09-24 08:14:55.205] [gas-forecast] [] [] [c.g.forecast.common.web.WebLogAspect] [http-nio-8080-exec-4] [INFO] - Request [行业列表查询] completed in 4 ms
[2026-09-24 08:14:55.206] [gas-forecast] [] [] [c.g.forecast.common.web.WebLogAspect] [http-nio-8080-exec-6] [INFO] - Request [区域列表查询] completed in 5 ms
[2026-09-24 08:14:55.206] [gas-forecast] [] [] [c.g.forecast.common.web.WebLogAspect] [http-nio-8080-exec-3] [INFO] - Request [模型列表查询] completed in 7 ms
[2026-09-24 08:14:55.209] [gas-forecast] [] [] [c.g.forecast.common.web.WebLogAspect] [http-nio-8080-exec-10] [INFO] - Request [客户列表分页查询] completed in 8 ms
[2026-09-24 08:14:55.720] [gas-forecast] [] [] [c.g.forecast.common.web.WebLogAspect] [http-nio-8080-exec-2] [INFO] - Request [模型预测配置列表查询] POST /gas-forecast/model-forecast-config/listPage args={reqDTO=ModelForecastConfigPageRequest(page=1, size=10, keyword=, agentCode=, enabled=null)}
[2026-09-24 08:14:55.724] [gas-forecast] [] [] [c.g.forecast.common.web.WebLogAspect] [http-nio-8080-exec-2] [INFO] - Request [模型预测配置列表查询] completed in 4 ms
[2026-09-24 08:14:56.610] [gas-forecast] [] [] [c.g.forecast.common.web.WebLogAspect] [http-nio-8080-exec-8] [INFO] - Request [模型列表查询] POST /gas-forecast/model-config/listPage args={reqDTO=ModelConfigPageRequest(keyword=null)}
[2026-09-24 08:14:56.610] [gas-forecast] [] [] [c.g.forecast.common.web.WebLogAspect] [http-nio-8080-exec-9] [INFO] - Request [模型训练配置列表查询] POST /gas-forecast/model-train-config/listPage args={reqDTO=ModelTrainConfigPageRequest(page=1, size=10, keyword=null, agentCode=null, timeGranularity=null)}
[2026-09-24 08:14:56.613] [gas-forecast] [] [] [c.g.forecast.common.web.WebLogAspect] [http-nio-8080-exec-5] [INFO] - Request [区域列表查询] POST /gas-forecast/base-region/listPage args={reqDTO=BaseRegionPageRequest(page=1, size=1000, keyword=null)}
[2026-09-24 08:14:56.613] [gas-forecast] [] [] [c.g.forecast.common.web.WebLogAspect] [http-nio-8080-exec-7] [INFO] - Request [行业列表查询] POST /gas-forecast/base-industry/listPage args={reqDTO=BaseIndustryPageRequest(keyword=null)}
[2026-09-24 08:14:56.613] [gas-forecast] [] [] [c.g.forecast.common.web.WebLogAspect] [http-nio-8080-exec-1] [INFO] - Request [客户列表分页查询] POST /gas-forecast/base-customer/listPage args={reqDTO=BaseCustomerPageRequest(keyword=null)}
[2026-09-24 08:14:56.614] [gas-forecast] [] [] [c.g.forecast.common.web.WebLogAspect] [http-nio-8080-exec-9] [INFO] - Request [模型训练配置列表查询] completed in 4 ms
[2026-09-24 08:14:56.615] [gas-forecast] [] [] [c.g.forecast.common.web.WebLogAspect] [http-nio-8080-exec-5] [INFO] - Request [区域列表查询] completed in 2 ms
[2026-09-24 08:14:56.617] [gas-forecast] [] [] [c.g.forecast.common.web.WebLogAspect] [http-nio-8080-exec-1] [INFO] - Request [客户列表分页查询] completed in 4 ms
[2026-09-24 08:14:56.618] [gas-forecast] [] [] [c.g.forecast.common.web.WebLogAspect] [http-nio-8080-exec-8] [INFO] - Request [模型列表查询] completed in 8 ms
[2026-09-24 08:14:56.619] [gas-forecast] [] [] [c.g.forecast.common.web.WebLogAspect] [http-nio-8080-exec-7] [INFO] - Request [行业列表查询] completed in 6 ms
[2026-09-24 08:41:07.877] [gas-forecast] [] [] [c.g.forecast.common.web.WebLogAspect] [http-nio-8080-exec-3] [INFO] - Request [获取当前登录用户权限] GET /gas-forecast/auth/permissions args={}
[2026-09-24 08:41:07.892] [gas-forecast] [] [] [c.g.forecast.common.web.WebLogAspect] [http-nio-8080-exec-3] [INFO] - Request [获取当前登录用户权限] completed in 15 ms
[2026-09-24 08:50:54.009] [gas-forecast] [] [] [c.g.forecast.common.web.WebLogAspect] [http-nio-8080-exec-6] [INFO] - Request [获取当前登录用户权限] GET /gas-forecast/auth/permissions args={}
[2026-09-24 08:50:54.025] [gas-forecast] [] [] [c.g.forecast.common.web.WebLogAspect] [http-nio-8080-exec-6] [INFO] - Request [获取当前登录用户权限] completed in 16 ms
[2026-09-24 08:58:09.784] [gas-forecast] [] [] [c.g.forecast.common.web.WebLogAspect] [http-nio-8080-exec-5] [INFO] - Request [获取当前登录用户权限] GET /gas-forecast/auth/permissions args={}
[2026-09-24 08:58:09.805] [gas-forecast] [] [] [c.g.forecast.common.web.WebLogAspect] [http-nio-8080-exec-5] [INFO] - Request [获取当前登录用户权限] completed in 21 ms
[2026-09-24 09:11:00.810] [gas-forecast] [] [] [c.g.forecast.common.web.WebLogAspect] [http-nio-8080-exec-3] [INFO] - Request [获取当前登录用户权限] GET /gas-forecast/auth/permissions args={}
[2026-09-24 09:11:00.814] [gas-forecast] [] [] [c.g.forecast.common.web.WebLogAspect] [http-nio-8080-exec-3] [INFO] - Request [获取当前登录用户权限] completed in 3 ms
[2026-09-24 09:11:01.488] [gas-forecast] [] [] [c.g.forecast.common.web.WebLogAspect] [http-nio-8080-exec-5] [INFO] - Request [获取当前登录用户权限] GET /gas-forecast/auth/permissions args={}
[2026-09-24 09:11:01.491] [gas-forecast] [] [] [c.g.forecast.common.web.WebLogAspect] [http-nio-8080-exec-5] [INFO] - Request [获取当前登录用户权限] completed in 3 ms
[2026-09-24 09:11:03.726] [gas-forecast] [] [] [c.g.forecast.common.web.WebLogAspect] [http-nio-8080-exec-4] [INFO] - Request [获取当前登录用户权限] GET /gas-forecast/auth/permissions args={}
[2026-09-24 09:11:03.729] [gas-forecast] [] [] [c.g.forecast.common.web.WebLogAspect] [http-nio-8080-exec-4] [INFO] - Request [获取当前登录用户权限] completed in 3 ms
[2026-09-24 09:11:04.789] [gas-forecast] [] [] [c.g.forecast.common.web.WebLogAspect] [http-nio-8080-exec-2] [INFO] - Request [获取当前登录用户权限] GET /gas-forecast/auth/permissions args={}
[2026-09-24 09:11:04.792] [gas-forecast] [] [] [c.g.forecast.common.web.WebLogAspect] [http-nio-8080-exec-2] [INFO] - Request [获取当前登录用户权限] completed in 3 ms
