[2026-09-12 09:03:52.974] [gas-forecast] [] [] [o.s.b.w.s.c.AnnotationConfigServletWebServerApplicationContext] [main] [WARN] - Exception encountered during context initialization - cancelling refresh attempt: org.springframework.context.ApplicationContextException: Failed to start bean 'webServerStartStop'
[2026-09-12 09:43:37.753] [gas-forecast] [] [] [com.zaxxer.hikari.pool.HikariPool] [HikariPool-1 housekeeper] [WARN] - HikariPool-1 - Thread starvation or clock leap detected (housekeeper delta=57s667ms).
[2026-09-12 09:47:27.457] [gas-forecast] [] [] [com.zaxxer.hikari.pool.HikariPool] [HikariPool-1 housekeeper] [WARN] - HikariPool-1 - Thread starvation or clock leap detected (housekeeper delta=3m49s704ms).
[2026-09-12 09:49:32.798] [gas-forecast] [] [] [com.zaxxer.hikari.pool.HikariPool] [HikariPool-1 housekeeper] [WARN] - HikariPool-1 - Thread starvation or clock leap detected (housekeeper delta=1m1s625ms).
[2026-09-12 09:53:56.287] [gas-forecast] [] [] [com.zaxxer.hikari.pool.HikariPool] [HikariPool-1 housekeeper] [WARN] - HikariPool-1 - Thread starvation or clock leap detected (housekeeper delta=2m44s780ms).
[2026-09-12 09:56:00.692] [gas-forecast] [] [] [com.zaxxer.hikari.pool.HikariPool] [HikariPool-1 housekeeper] [WARN] - HikariPool-1 - Thread starvation or clock leap detected (housekeeper delta=49s593ms).
[2026-09-12 09:57:06.004] [gas-forecast] [] [] [com.zaxxer.hikari.pool.HikariPool] [HikariPool-1 housekeeper] [WARN] - HikariPool-1 - Thread starvation or clock leap detected (housekeeper delta=1m5s312ms).
[2026-09-12 09:58:33.386] [gas-forecast] [] [] [com.zaxxer.hikari.pool.HikariPool] [HikariPool-1 housekeeper] [WARN] - HikariPool-1 - Thread starvation or clock leap detected (housekeeper delta=57s382ms).
[2026-09-12 10:00:41.846] [gas-forecast] [] [] [com.zaxxer.hikari.pool.HikariPool] [HikariPool-1 housekeeper] [WARN] - HikariPool-1 - Thread starvation or clock leap detected (housekeeper delta=1m23s831ms).
[2026-09-12 10:03:35.343] [gas-forecast] [] [] [com.zaxxer.hikari.pool.HikariPool] [HikariPool-1 housekeeper] [WARN] - HikariPool-1 - Thread starvation or clock leap detected (housekeeper delta=2m23s497ms).
[2026-09-12 10:04:21.375] [gas-forecast] [] [] [com.zaxxer.hikari.pool.HikariPool] [HikariPool-1 housekeeper] [WARN] - HikariPool-1 - Thread starvation or clock leap detected (housekeeper delta=46s32ms).
[2026-09-12 10:10:28.041] [gas-forecast] [] [] [com.zaxxer.hikari.pool.HikariPool] [HikariPool-1 housekeeper] [WARN] - HikariPool-1 - Thread starvation or clock leap detected (housekeeper delta=1m28s984ms).
[2026-09-12 10:12:15.232] [gas-forecast] [] [] [com.zaxxer.hikari.pool.HikariPool] [HikariPool-1 housekeeper] [WARN] - HikariPool-1 - Thread starvation or clock leap detected (housekeeper delta=1m47s191ms).
[2026-09-12 10:13:39.734] [gas-forecast] [] [] [com.zaxxer.hikari.pool.HikariPool] [HikariPool-1 housekeeper] [WARN] - HikariPool-1 - Thread starvation or clock leap detected (housekeeper delta=54s414ms).
[2026-09-12 10:30:19.773] [gas-forecast] [] [] [com.zaxxer.hikari.pool.HikariPool] [HikariPool-1 housekeeper] [WARN] - HikariPool-1 - Thread starvation or clock leap detected (housekeeper delta=16m4s216ms).
[2026-09-12 10:33:37.283] [gas-forecast] [] [] [com.zaxxer.hikari.pool.HikariPool] [HikariPool-1 housekeeper] [WARN] - HikariPool-1 - Thread starvation or clock leap detected (housekeeper delta=1m32s500ms).
[2026-09-12 10:34:32.304] [gas-forecast] [] [] [com.zaxxer.hikari.pool.HikariPool] [HikariPool-1 housekeeper] [WARN] - HikariPool-1 - Thread starvation or clock leap detected (housekeeper delta=55s21ms).
[2026-09-12 10:37:19.724] [gas-forecast] [] [] [com.zaxxer.hikari.pool.HikariPool] [HikariPool-1 housekeeper] [WARN] - HikariPool-1 - Thread starvation or clock leap detected (housekeeper delta=51s386ms).
[2026-09-12 10:38:29.248] [gas-forecast] [] [] [com.zaxxer.hikari.pool.HikariPool] [HikariPool-1 housekeeper] [WARN] - HikariPool-1 - Thread starvation or clock leap detected (housekeeper delta=1m9s524ms).
[2026-09-12 10:42:38.206] [gas-forecast] [] [] [com.zaxxer.hikari.pool.HikariPool] [HikariPool-1 housekeeper] [WARN] - HikariPool-1 - Thread starvation or clock leap detected (housekeeper delta=3m2s220ms).
[2026-09-12 10:43:47.317] [gas-forecast] [] [] [com.zaxxer.hikari.pool.HikariPool] [HikariPool-1 housekeeper] [WARN] - HikariPool-1 - Thread starvation or clock leap detected (housekeeper delta=1m9s111ms).
[2026-09-12 10:46:27.641] [gas-forecast] [] [] [com.zaxxer.hikari.pool.HikariPool] [HikariPool-1 housekeeper] [WARN] - HikariPool-1 - Thread starvation or clock leap detected (housekeeper delta=2m40s324ms).
[2026-09-12 10:49:48.609] [gas-forecast] [] [] [com.zaxxer.hikari.pool.HikariPool] [HikariPool-1 housekeeper] [WARN] - HikariPool-1 - Thread starvation or clock leap detected (housekeeper delta=2m50s964ms).
[2026-09-12 10:54:46.800] [gas-forecast] [] [] [com.zaxxer.hikari.pool.HikariPool] [HikariPool-1 housekeeper] [WARN] - HikariPool-1 - Thread starvation or clock leap detected (housekeeper delta=1m20s221ms).
[2026-09-12 10:56:16.318] [gas-forecast] [] [] [com.zaxxer.hikari.pool.HikariPool] [HikariPool-1 housekeeper] [WARN] - HikariPool-1 - Thread starvation or clock leap detected (housekeeper delta=59s508ms).
[2026-09-12 10:57:53.350] [gas-forecast] [] [] [com.zaxxer.hikari.pool.HikariPool] [HikariPool-1 housekeeper] [WARN] - HikariPool-1 - Thread starvation or clock leap detected (housekeeper delta=1m37s32ms).
[2026-09-12 10:59:21.760] [gas-forecast] [] [] [com.zaxxer.hikari.pool.HikariPool] [HikariPool-1 housekeeper] [WARN] - HikariPool-1 - Thread starvation or clock leap detected (housekeeper delta=54s84ms).
[2026-09-12 11:02:07.506] [gas-forecast] [] [] [com.zaxxer.hikari.pool.HikariPool] [HikariPool-1 housekeeper] [WARN] - HikariPool-1 - Thread starvation or clock leap detected (housekeeper delta=1m35s710ms).
[2026-09-12 11:03:43.338] [gas-forecast] [] [] [com.zaxxer.hikari.pool.HikariPool] [HikariPool-1 housekeeper] [WARN] - HikariPool-1 - Thread starvation or clock leap detected (housekeeper delta=1m35s832ms).
[2026-09-12 11:05:45.439] [gas-forecast] [] [] [com.zaxxer.hikari.pool.HikariPool] [HikariPool-1 housekeeper] [WARN] - HikariPool-1 - Thread starvation or clock leap detected (housekeeper delta=54s504ms).
[2026-09-12 11:09:00.917] [gas-forecast] [] [] [com.zaxxer.hikari.pool.HikariPool] [HikariPool-1 housekeeper] [WARN] - HikariPool-1 - Thread starvation or clock leap detected (housekeeper delta=2m45s478ms).
[2026-09-12 11:11:52.702] [gas-forecast] [] [] [com.zaxxer.hikari.pool.HikariPool] [HikariPool-1 housekeeper] [WARN] - HikariPool-1 - Thread starvation or clock leap detected (housekeeper delta=1m43s591ms).
[2026-09-12 11:15:08.870] [gas-forecast] [] [] [com.zaxxer.hikari.pool.HikariPool] [HikariPool-1 housekeeper] [WARN] - HikariPool-1 - Thread starvation or clock leap detected (housekeeper delta=2m36s787ms).
[2026-09-12 11:16:45.578] [gas-forecast] [] [] [com.zaxxer.hikari.pool.HikariPool] [HikariPool-1 housekeeper] [WARN] - HikariPool-1 - Thread starvation or clock leap detected (housekeeper delta=1m6s707ms).
[2026-09-12 11:17:58.568] [gas-forecast] [] [] [com.zaxxer.hikari.pool.HikariPool] [HikariPool-1 housekeeper] [WARN] - HikariPool-1 - Thread starvation or clock leap detected (housekeeper delta=1m12s990ms).
[2026-09-12 11:19:41.575] [gas-forecast] [] [] [com.zaxxer.hikari.pool.HikariPool] [HikariPool-1 housekeeper] [WARN] - HikariPool-1 - Thread starvation or clock leap detected (housekeeper delta=1m13s16ms).
[2026-09-12 11:20:29.391] [gas-forecast] [] [] [com.zaxxer.hikari.pool.HikariPool] [HikariPool-1 housekeeper] [WARN] - HikariPool-1 - Thread starvation or clock leap detected (housekeeper delta=47s816ms).
[2026-09-12 11:24:10.881] [gas-forecast] [] [] [com.zaxxer.hikari.pool.HikariPool] [HikariPool-1 housekeeper] [WARN] - HikariPool-1 - Thread starvation or clock leap detected (housekeeper delta=3m41s490ms).
[2026-09-12 11:25:12.489] [gas-forecast] [] [] [com.zaxxer.hikari.pool.HikariPool] [HikariPool-1 housekeeper] [WARN] - HikariPool-1 - Thread starvation or clock leap detected (housekeeper delta=1m1s608ms).
[2026-09-12 11:27:05.681] [gas-forecast] [] [] [com.zaxxer.hikari.pool.HikariPool] [HikariPool-1 housekeeper] [WARN] - HikariPool-1 - Thread starvation or clock leap detected (housekeeper delta=1m53s192ms).
[2026-09-12 11:28:37.275] [gas-forecast] [] [] [com.zaxxer.hikari.pool.HikariPool] [HikariPool-1 housekeeper] [WARN] - HikariPool-1 - Thread starvation or clock leap detected (housekeeper delta=1m1s584ms).
[2026-09-12 11:32:35.671] [gas-forecast] [] [] [com.zaxxer.hikari.pool.HikariPool] [HikariPool-1 housekeeper] [WARN] - HikariPool-1 - Thread starvation or clock leap detected (housekeeper delta=3m25s912ms).
[2026-09-12 11:35:10.251] [gas-forecast] [] [] [com.zaxxer.hikari.pool.HikariPool] [HikariPool-1 housekeeper] [WARN] - HikariPool-1 - Thread starvation or clock leap detected (housekeeper delta=1m16s604ms).
[2026-09-12 11:36:41.527] [gas-forecast] [] [] [com.zaxxer.hikari.pool.HikariPool] [HikariPool-1 housekeeper] [WARN] - HikariPool-1 - Thread starvation or clock leap detected (housekeeper delta=1m31s276ms).
[2026-09-12 11:40:04.068] [gas-forecast] [] [] [com.zaxxer.hikari.pool.HikariPool] [HikariPool-1 housekeeper] [WARN] - HikariPool-1 - Thread starvation or clock leap detected (housekeeper delta=1m15s702ms).
[2026-09-12 11:43:30.359] [gas-forecast] [] [] [com.zaxxer.hikari.pool.HikariPool] [HikariPool-1 housekeeper] [WARN] - HikariPool-1 - Thread starvation or clock leap detected (housekeeper delta=46s306ms).
[2026-09-12 11:46:04.057] [gas-forecast] [] [] [com.zaxxer.hikari.pool.HikariPool] [HikariPool-1 housekeeper] [WARN] - HikariPool-1 - Thread starvation or clock leap detected (housekeeper delta=51s460ms).
[2026-09-12 12:04:09.285] [gas-forecast] [] [] [com.zaxxer.hikari.pool.HikariPool] [HikariPool-1 housekeeper] [WARN] - HikariPool-1 - Thread starvation or clock leap detected (housekeeper delta=18m5s228ms).
[2026-09-12 12:07:43.329] [gas-forecast] [] [] [com.zaxxer.hikari.pool.HikariPool] [HikariPool-1 housekeeper] [WARN] - HikariPool-1 - Thread starvation or clock leap detected (housekeeper delta=1m7s340ms).
[2026-09-12 12:09:19.133] [gas-forecast] [] [] [com.zaxxer.hikari.pool.HikariPool] [HikariPool-1 housekeeper] [WARN] - HikariPool-1 - Thread starvation or clock leap detected (housekeeper delta=1m5s794ms).
[2026-09-12 12:12:01.418] [gas-forecast] [] [] [com.zaxxer.hikari.pool.HikariPool] [HikariPool-1 housekeeper] [WARN] - HikariPool-1 - Thread starvation or clock leap detected (housekeeper delta=1m829ms).
[2026-09-12 12:24:18.320] [gas-forecast] [] [] [com.zaxxer.hikari.pool.HikariPool] [HikariPool-1 housekeeper] [WARN] - HikariPool-1 - Thread starvation or clock leap detected (housekeeper delta=11m46s902ms).
[2026-09-12 12:29:53.356] [gas-forecast] [] [] [com.zaxxer.hikari.pool.HikariPool] [HikariPool-1 housekeeper] [WARN] - HikariPool-1 - Thread starvation or clock leap detected (housekeeper delta=5m35s36ms).
[2026-09-12 12:32:25.547] [gas-forecast] [] [] [com.zaxxer.hikari.pool.HikariPool] [HikariPool-1 housekeeper] [WARN] - HikariPool-1 - Thread starvation or clock leap detected (housekeeper delta=45s688ms).
[2026-09-12 12:34:26.347] [gas-forecast] [] [] [com.zaxxer.hikari.pool.HikariPool] [HikariPool-1 housekeeper] [WARN] - HikariPool-1 - Thread starvation or clock leap detected (housekeeper delta=47s284ms).
[2026-09-12 12:36:07.644] [gas-forecast] [] [] [com.zaxxer.hikari.pool.HikariPool] [HikariPool-1 housekeeper] [WARN] - HikariPool-1 - Thread starvation or clock leap detected (housekeeper delta=1m2s185ms).
[2026-09-12 12:36:59.118] [gas-forecast] [] [] [com.zaxxer.hikari.pool.HikariPool] [HikariPool-1 housekeeper] [WARN] - HikariPool-1 - Thread starvation or clock leap detected (housekeeper delta=51s474ms).
[2026-09-12 12:38:20.965] [gas-forecast] [] [] [com.zaxxer.hikari.pool.HikariPool] [HikariPool-1 housekeeper] [WARN] - HikariPool-1 - Thread starvation or clock leap detected (housekeeper delta=49s42ms).
[2026-09-12 12:45:09.481] [gas-forecast] [] [] [com.zaxxer.hikari.pool.HikariPool] [HikariPool-1 housekeeper] [WARN] - HikariPool-1 - Thread starvation or clock leap detected (housekeeper delta=1m6s710ms).
[2026-09-12 12:47:20.490] [gas-forecast] [] [] [com.zaxxer.hikari.pool.HikariPool] [HikariPool-1 housekeeper] [WARN] - HikariPool-1 - Thread starvation or clock leap detected (housekeeper delta=1m41s9ms).
[2026-09-12 12:49:14.593] [gas-forecast] [] [] [com.zaxxer.hikari.pool.HikariPool] [HikariPool-1 housekeeper] [WARN] - HikariPool-1 - Thread starvation or clock leap detected (housekeeper delta=1m24s99ms).
[2026-09-12 12:51:34.623] [gas-forecast] [] [] [com.zaxxer.hikari.pool.HikariPool] [HikariPool-1 housekeeper] [WARN] - HikariPool-1 - Thread starvation or clock leap detected (housekeeper delta=1m43s304ms).
[2026-09-12 12:52:37.429] [gas-forecast] [] [] [com.zaxxer.hikari.pool.HikariPool] [HikariPool-1 housekeeper] [WARN] - HikariPool-1 - Thread starvation or clock leap detected (housekeeper delta=1m2s805ms).
[2026-09-12 12:53:54.323] [gas-forecast] [] [] [com.zaxxer.hikari.pool.HikariPool] [HikariPool-1 housekeeper] [WARN] - HikariPool-1 - Thread starvation or clock leap detected (housekeeper delta=1m16s895ms).
[2026-09-12 12:55:55.600] [gas-forecast] [] [] [com.zaxxer.hikari.pool.HikariPool] [HikariPool-1 housekeeper] [WARN] - HikariPool-1 - Thread starvation or clock leap detected (housekeeper delta=1m31s276ms).
[2026-09-12 12:57:29.031] [gas-forecast] [] [] [com.zaxxer.hikari.pool.HikariPool] [HikariPool-1 housekeeper] [WARN] - HikariPool-1 - Thread starvation or clock leap detected (housekeeper delta=1m3s417ms).
[2026-09-12 12:59:42.385] [gas-forecast] [] [] [com.zaxxer.hikari.pool.HikariPool] [HikariPool-1 housekeeper] [WARN] - HikariPool-1 - Thread starvation or clock leap detected (housekeeper delta=1m43s353ms).
[2026-09-12 13:02:59.879] [gas-forecast] [] [] [com.zaxxer.hikari.pool.HikariPool] [HikariPool-1 housekeeper] [WARN] - HikariPool-1 - Thread starvation or clock leap detected (housekeeper delta=2m47s493ms).
[2026-09-12 13:06:39.058] [gas-forecast] [] [] [com.zaxxer.hikari.pool.HikariPool] [HikariPool-1 housekeeper] [WARN] - HikariPool-1 - Thread starvation or clock leap detected (housekeeper delta=3m39s179ms).
[2026-09-12 13:07:50.554] [gas-forecast] [] [] [com.zaxxer.hikari.pool.HikariPool] [HikariPool-1 housekeeper] [WARN] - HikariPool-1 - Thread starvation or clock leap detected (housekeeper delta=1m11s496ms).
[2026-09-12 13:11:40.539] [gas-forecast] [] [] [com.zaxxer.hikari.pool.HikariPool] [HikariPool-1 housekeeper] [WARN] - HikariPool-1 - Thread starvation or clock leap detected (housekeeper delta=3m19s977ms).
[2026-09-12 13:14:49.031] [gas-forecast] [] [] [com.zaxxer.hikari.pool.HikariPool] [HikariPool-1 housekeeper] [WARN] - HikariPool-1 - Thread starvation or clock leap detected (housekeeper delta=2m38s492ms).
[2026-09-12 13:16:46.451] [gas-forecast] [] [] [com.zaxxer.hikari.pool.HikariPool] [HikariPool-1 housekeeper] [WARN] - HikariPool-1 - Thread starvation or clock leap detected (housekeeper delta=1m16s256ms).
[2026-09-12 13:18:29.437] [gas-forecast] [] [] [com.zaxxer.hikari.pool.HikariPool] [HikariPool-1 housekeeper] [WARN] - HikariPool-1 - Thread starvation or clock leap detected (housekeeper delta=1m12s985ms).
[2026-09-12 13:19:26.236] [gas-forecast] [] [] [com.zaxxer.hikari.pool.HikariPool] [HikariPool-1 housekeeper] [WARN] - HikariPool-1 - Thread starvation or clock leap detected (housekeeper delta=56s799ms).
[2026-09-12 13:21:20.351] [gas-forecast] [] [] [com.zaxxer.hikari.pool.HikariPool] [HikariPool-1 housekeeper] [WARN] - HikariPool-1 - Thread starvation or clock leap detected (housekeeper delta=1m24s114ms).
[2026-09-12 13:22:17.147] [gas-forecast] [] [] [com.zaxxer.hikari.pool.HikariPool] [HikariPool-1 housekeeper] [WARN] - HikariPool-1 - Thread starvation or clock leap detected (housekeeper delta=56s796ms).
[2026-09-12 13:38:18.840] [gas-forecast] [] [] [com.zaxxer.hikari.pool.HikariPool] [HikariPool-1 housekeeper] [WARN] - HikariPool-1 - Thread starvation or clock leap detected (housekeeper delta=15m31s692ms).
[2026-09-12 13:40:01.840] [gas-forecast] [] [] [com.zaxxer.hikari.pool.HikariPool] [HikariPool-1 housekeeper] [WARN] - HikariPool-1 - Thread starvation or clock leap detected (housekeeper delta=1m12s990ms).
[2026-09-12 13:41:59.042] [gas-forecast] [] [] [com.zaxxer.hikari.pool.HikariPool] [HikariPool-1 housekeeper] [WARN] - HikariPool-1 - Thread starvation or clock leap detected (housekeeper delta=1m20s500ms).
[2026-09-12 13:44:06.946] [gas-forecast] [] [] [com.zaxxer.hikari.pool.HikariPool] [HikariPool-1 housekeeper] [WARN] - HikariPool-1 - Thread starvation or clock leap detected (housekeeper delta=2m7s904ms).
[2026-09-12 13:45:26.235] [gas-forecast] [] [] [com.zaxxer.hikari.pool.HikariPool] [HikariPool-1 housekeeper] [WARN] - HikariPool-1 - Thread starvation or clock leap detected (housekeeper delta=1m19s289ms).
[2026-09-12 13:46:43.733] [gas-forecast] [] [] [com.zaxxer.hikari.pool.HikariPool] [HikariPool-1 housekeeper] [WARN] - HikariPool-1 - Thread starvation or clock leap detected (housekeeper delta=47s498ms).
[2026-09-12 13:48:36.461] [gas-forecast] [] [] [com.zaxxer.hikari.pool.HikariPool] [HikariPool-1 housekeeper] [WARN] - HikariPool-1 - Thread starvation or clock leap detected (housekeeper delta=1m17s215ms).
[2026-09-12 13:50:22.161] [gas-forecast] [] [] [com.zaxxer.hikari.pool.HikariPool] [HikariPool-1 housekeeper] [WARN] - HikariPool-1 - Thread starvation or clock leap detected (housekeeper delta=1m15s700ms).
[2026-09-12 13:51:25.859] [gas-forecast] [] [] [com.zaxxer.hikari.pool.HikariPool] [HikariPool-1 housekeeper] [WARN] - HikariPool-1 - Thread starvation or clock leap detected (housekeeper delta=1m3s698ms).
[2026-09-12 13:53:21.446] [gas-forecast] [] [] [com.zaxxer.hikari.pool.HikariPool] [HikariPool-1 housekeeper] [WARN] - HikariPool-1 - Thread starvation or clock leap detected (housekeeper delta=1m25s587ms).
[2026-09-12 13:54:45.881] [gas-forecast] [] [] [com.zaxxer.hikari.pool.HikariPool] [HikariPool-1 housekeeper] [WARN] - HikariPool-1 - Thread starvation or clock leap detected (housekeeper delta=1m24s435ms).
[2026-09-12 13:56:37.645] [gas-forecast] [] [] [com.zaxxer.hikari.pool.HikariPool] [HikariPool-1 housekeeper] [WARN] - HikariPool-1 - Thread starvation or clock leap detected (housekeeper delta=1m15s102ms).
[2026-09-12 13:59:40.754] [gas-forecast] [] [] [com.zaxxer.hikari.pool.HikariPool] [HikariPool-1 housekeeper] [WARN] - HikariPool-1 - Thread starvation or clock leap detected (housekeeper delta=3m3s109ms).
[2026-09-12 14:03:09.820] [gas-forecast] [] [] [com.zaxxer.hikari.pool.HikariPool] [HikariPool-1 housekeeper] [WARN] - HikariPool-1 - Thread starvation or clock leap detected (housekeeper delta=1m17s469ms).
[2026-09-12 14:21:42.011] [gas-forecast] [] [] [com.zaxxer.hikari.pool.HikariPool] [HikariPool-1 housekeeper] [WARN] - HikariPool-1 - Thread starvation or clock leap detected (housekeeper delta=18m32s191ms).
[2026-09-12 14:23:11.482] [gas-forecast] [] [] [com.zaxxer.hikari.pool.HikariPool] [HikariPool-1 housekeeper] [WARN] - HikariPool-1 - Thread starvation or clock leap detected (housekeeper delta=59s469ms).
[2026-09-12 14:24:53.549] [gas-forecast] [] [] [com.zaxxer.hikari.pool.HikariPool] [HikariPool-1 housekeeper] [WARN] - HikariPool-1 - Thread starvation or clock leap detected (housekeeper delta=1m42s67ms).
[2026-09-12 14:27:44.964] [gas-forecast] [] [] [com.zaxxer.hikari.pool.HikariPool] [HikariPool-1 housekeeper] [WARN] - HikariPool-1 - Thread starvation or clock leap detected (housekeeper delta=2m51s415ms).
[2026-09-12 14:32:59.932] [gas-forecast] [] [] [com.zaxxer.hikari.pool.HikariPool] [HikariPool-1 housekeeper] [WARN] - HikariPool-1 - Thread starvation or clock leap detected (housekeeper delta=1m1s294ms).
[2026-09-12 14:35:04.154] [gas-forecast] [] [] [com.zaxxer.hikari.pool.HikariPool] [HikariPool-1 housekeeper] [WARN] - HikariPool-1 - Thread starvation or clock leap detected (housekeeper delta=1m2s488ms).
[2026-09-12 14:36:11.116] [gas-forecast] [] [] [com.zaxxer.hikari.pool.HikariPool] [HikariPool-1 housekeeper] [WARN] - HikariPool-1 - Thread starvation or clock leap detected (housekeeper delta=1m6s962ms).
[2026-09-12 14:38:35.495] [gas-forecast] [] [] [com.zaxxer.hikari.pool.HikariPool] [HikariPool-1 housekeeper] [WARN] - HikariPool-1 - Thread starvation or clock leap detected (housekeeper delta=1m54s377ms).
[2026-09-12 14:39:41.300] [gas-forecast] [] [] [com.zaxxer.hikari.pool.HikariPool] [HikariPool-1 housekeeper] [WARN] - HikariPool-1 - Thread starvation or clock leap detected (housekeeper delta=1m5s805ms).
[2026-09-12 14:41:21.395] [gas-forecast] [] [] [com.zaxxer.hikari.pool.HikariPool] [HikariPool-1 housekeeper] [WARN] - HikariPool-1 - Thread starvation or clock leap detected (housekeeper delta=1m10s86ms).
[2026-09-12 14:42:08.548] [gas-forecast] [] [] [com.zaxxer.hikari.pool.HikariPool] [HikariPool-1 housekeeper] [WARN] - HikariPool-1 - Thread starvation or clock leap detected (housekeeper delta=47s153ms).
[2026-09-12 14:43:49.502] [gas-forecast] [] [] [com.zaxxer.hikari.pool.HikariPool] [HikariPool-1 housekeeper] [WARN] - HikariPool-1 - Thread starvation or clock leap detected (housekeeper delta=1m3s358ms).
[2026-09-12 14:45:50.791] [gas-forecast] [] [] [com.zaxxer.hikari.pool.HikariPool] [HikariPool-1 housekeeper] [WARN] - HikariPool-1 - Thread starvation or clock leap detected (housekeeper delta=47s538ms).
[2026-09-12 15:05:27.474] [gas-forecast] [] [] [com.zaxxer.hikari.pool.HikariPool] [HikariPool-1 housekeeper] [WARN] - HikariPool-1 - Thread starvation or clock leap detected (housekeeper delta=16m10s506ms).
[2026-09-12 15:08:51.876] [gas-forecast] [] [] [com.zaxxer.hikari.pool.HikariPool] [HikariPool-1 housekeeper] [WARN] - HikariPool-1 - Thread starvation or clock leap detected (housekeeper delta=1m6s772ms).
[2026-09-12 15:10:55.757] [gas-forecast] [] [] [com.zaxxer.hikari.pool.HikariPool] [HikariPool-1 housekeeper] [WARN] - HikariPool-1 - Thread starvation or clock leap detected (housekeeper delta=55s82ms).
[2026-09-12 15:13:05.740] [gas-forecast] [] [] [com.zaxxer.hikari.pool.HikariPool] [HikariPool-1 housekeeper] [WARN] - HikariPool-1 - Thread starvation or clock leap detected (housekeeper delta=56s842ms).
[2026-09-12 15:15:02.946] [gas-forecast] [] [] [com.zaxxer.hikari.pool.HikariPool] [HikariPool-1 housekeeper] [WARN] - HikariPool-1 - Thread starvation or clock leap detected (housekeeper delta=48s105ms).
[2026-09-12 15:15:48.031] [gas-forecast] [] [] [com.zaxxer.hikari.pool.HikariPool] [HikariPool-1 housekeeper] [WARN] - HikariPool-1 - Thread starvation or clock leap detected (housekeeper delta=45s85ms).
[2026-09-12 15:17:16.700] [gas-forecast] [] [] [com.zaxxer.hikari.pool.HikariPool] [HikariPool-1 housekeeper] [WARN] - HikariPool-1 - Thread starvation or clock leap detected (housekeeper delta=1m28s669ms).
[2026-09-12 15:18:51.132] [gas-forecast] [] [] [com.zaxxer.hikari.pool.HikariPool] [HikariPool-1 housekeeper] [WARN] - HikariPool-1 - Thread starvation or clock leap detected (housekeeper delta=54s371ms).
[2026-09-12 15:37:43.349] [gas-forecast] [] [] [com.zaxxer.hikari.pool.HikariPool] [HikariPool-1 housekeeper] [WARN] - HikariPool-1 - Thread starvation or clock leap detected (housekeeper delta=18m52s217ms).
[2026-09-12 15:42:34.321] [gas-forecast] [] [] [com.zaxxer.hikari.pool.HikariPool] [HikariPool-1 housekeeper] [WARN] - HikariPool-1 - Thread starvation or clock leap detected (housekeeper delta=2m33s969ms).
[2026-09-12 16:00:23.039] [gas-forecast] [] [] [com.zaxxer.hikari.pool.HikariPool] [HikariPool-1 housekeeper] [WARN] - HikariPool-1 - Thread starvation or clock leap detected (housekeeper delta=17m48s718ms).
[2026-09-12 16:17:51.692] [gas-forecast] [] [] [com.zaxxer.hikari.pool.HikariPool] [HikariPool-1 housekeeper] [WARN] - HikariPool-1 - Thread starvation or clock leap detected (housekeeper delta=16m58s651ms).
[2026-09-12 16:42:56.102] [gas-forecast] [] [] [com.zaxxer.hikari.pool.HikariPool] [HikariPool-1 housekeeper] [WARN] - HikariPool-1 - Thread starvation or clock leap detected (housekeeper delta=23m12s148ms).
[2026-09-12 16:44:37.994] [gas-forecast] [] [] [com.zaxxer.hikari.pool.HikariPool] [HikariPool-1 housekeeper] [WARN] - HikariPool-1 - Thread starvation or clock leap detected (housekeeper delta=1m11s873ms).
[2026-09-12 16:46:49.328] [gas-forecast] [] [] [com.zaxxer.hikari.pool.HikariPool] [HikariPool-1 housekeeper] [WARN] - HikariPool-1 - Thread starvation or clock leap detected (housekeeper delta=1m4s642ms).
[2026-09-12 16:48:18.872] [gas-forecast] [] [] [com.zaxxer.hikari.pool.HikariPool] [HikariPool-1 housekeeper] [WARN] - HikariPool-1 - Thread starvation or clock leap detected (housekeeper delta=1m29s544ms).
[2026-09-12 16:59:37.258] [gas-forecast] [] [] [com.zaxxer.hikari.pool.HikariPool] [HikariPool-1 housekeeper] [WARN] - HikariPool-1 - Thread starvation or clock leap detected (housekeeper delta=11m18s386ms).
[2026-09-12 17:22:21.182] [gas-forecast] [] [] [com.zaxxer.hikari.pool.HikariPool] [HikariPool-1 housekeeper] [WARN] - HikariPool-1 - Thread starvation or clock leap detected (housekeeper delta=21m39s622ms).
[2026-09-12 17:23:31.758] [gas-forecast] [] [] [com.zaxxer.hikari.pool.HikariPool] [HikariPool-1 housekeeper] [WARN] - HikariPool-1 - Thread starvation or clock leap detected (housekeeper delta=1m10s576ms).
[2026-09-12 17:43:44.992] [gas-forecast] [] [] [com.zaxxer.hikari.pool.HikariPool] [HikariPool-1 housekeeper] [WARN] - HikariPool-1 - Thread starvation or clock leap detected (housekeeper delta=18m26s740ms).
[2026-09-12 18:02:30.806] [gas-forecast] [] [] [com.zaxxer.hikari.pool.HikariPool] [HikariPool-1 housekeeper] [WARN] - HikariPool-1 - Thread starvation or clock leap detected (housekeeper delta=17m10s328ms).
[2026-09-12 18:22:35.069] [gas-forecast] [] [] [com.zaxxer.hikari.pool.HikariPool] [HikariPool-1 housekeeper] [WARN] - HikariPool-1 - Thread starvation or clock leap detected (housekeeper delta=17m44s612ms).
[2026-09-12 18:44:23.471] [gas-forecast] [] [] [com.zaxxer.hikari.pool.HikariPool] [HikariPool-1 housekeeper] [WARN] - HikariPool-1 - Thread starvation or clock leap detected (housekeeper delta=19m36s562ms).
[2026-09-12 18:47:23.584] [gas-forecast] [] [] [com.zaxxer.hikari.pool.HikariPool] [HikariPool-1 housekeeper] [WARN] - HikariPool-1 - Thread starvation or clock leap detected (housekeeper delta=2m30s98ms).
[2026-09-12 19:03:18.043] [gas-forecast] [] [] [com.zaxxer.hikari.pool.HikariPool] [HikariPool-1 housekeeper] [WARN] - HikariPool-1 - Thread starvation or clock leap detected (housekeeper delta=12m54s84ms).
[2026-09-12 19:05:20.121] [gas-forecast] [] [] [com.zaxxer.hikari.pool.HikariPool] [HikariPool-1 housekeeper] [WARN] - HikariPool-1 - Thread starvation or clock leap detected (housekeeper delta=51s671ms).
[2026-09-12 19:06:07.699] [gas-forecast] [] [] [com.zaxxer.hikari.pool.HikariPool] [HikariPool-1 housekeeper] [WARN] - HikariPool-1 - Thread starvation or clock leap detected (housekeeper delta=47s578ms).
[2026-09-12 19:23:41.481] [gas-forecast] [] [] [com.zaxxer.hikari.pool.HikariPool] [HikariPool-1 housekeeper] [WARN] - HikariPool-1 - Thread starvation or clock leap detected (housekeeper delta=17m33s782ms).
[2026-09-12 19:35:25.179] [gas-forecast] [] [] [com.zaxxer.hikari.pool.HikariPool] [HikariPool-1 housekeeper] [WARN] - HikariPool-1 - Thread starvation or clock leap detected (housekeeper delta=11m13s656ms).
[2026-09-12 19:36:46.949] [gas-forecast] [] [] [com.zaxxer.hikari.pool.HikariPool] [HikariPool-1 housekeeper] [WARN] - HikariPool-1 - Thread starvation or clock leap detected (housekeeper delta=51s769ms).
[2026-09-12 19:42:01.154] [gas-forecast] [] [] [com.zaxxer.hikari.pool.HikariPool] [HikariPool-1 housekeeper] [WARN] - HikariPool-1 - Thread starvation or clock leap detected (housekeeper delta=46s279ms).
[2026-09-12 19:45:38.226] [gas-forecast] [] [] [com.zaxxer.hikari.pool.HikariPool] [HikariPool-1 housekeeper] [WARN] - HikariPool-1 - Thread starvation or clock leap detected (housekeeper delta=3m37s72ms).
[2026-09-12 20:08:28.754] [gas-forecast] [] [] [com.zaxxer.hikari.pool.HikariPool] [HikariPool-1 housekeeper] [WARN] - HikariPool-1 - Thread starvation or clock leap detected (housekeeper delta=22m20s527ms).
[2026-09-12 20:12:16.388] [gas-forecast] [] [] [com.zaxxer.hikari.pool.HikariPool] [HikariPool-1 housekeeper] [WARN] - HikariPool-1 - Thread starvation or clock leap detected (housekeeper delta=1m5s285ms).
[2026-09-12 20:13:56.214] [gas-forecast] [] [] [com.zaxxer.hikari.pool.HikariPool] [HikariPool-1 housekeeper] [WARN] - HikariPool-1 - Thread starvation or clock leap detected (housekeeper delta=1m9s826ms).
[2026-09-12 20:15:21.829] [gas-forecast] [] [] [com.zaxxer.hikari.pool.HikariPool] [HikariPool-1 housekeeper] [WARN] - HikariPool-1 - Thread starvation or clock leap detected (housekeeper delta=55s615ms).
[2026-09-12 20:40:28.669] [gas-forecast] [] [] [com.zaxxer.hikari.pool.HikariPool] [HikariPool-1 housekeeper] [WARN] - HikariPool-1 - Thread starvation or clock leap detected (housekeeper delta=24m36s756ms).
[2026-09-12 20:46:57.810] [gas-forecast] [] [] [com.zaxxer.hikari.pool.HikariPool] [HikariPool-1 housekeeper] [WARN] - HikariPool-1 - Thread starvation or clock leap detected (housekeeper delta=58s356ms).
[2026-09-12 20:54:46.510] [gas-forecast] [] [] [com.zaxxer.hikari.pool.HikariPool] [HikariPool-1 housekeeper] [WARN] - HikariPool-1 - Thread starvation or clock leap detected (housekeeper delta=7m18s698ms).
[2026-09-12 20:58:45.097] [gas-forecast] [] [] [com.zaxxer.hikari.pool.HikariPool] [HikariPool-1 housekeeper] [WARN] - HikariPool-1 - Thread starvation or clock leap detected (housekeeper delta=58s554ms).
[2026-09-12 21:00:51.367] [gas-forecast] [] [] [com.zaxxer.hikari.pool.HikariPool] [HikariPool-1 housekeeper] [WARN] - HikariPool-1 - Thread starvation or clock leap detected (housekeeper delta=2m6s270ms).
[2026-09-12 21:03:19.850] [gas-forecast] [] [] [com.zaxxer.hikari.pool.HikariPool] [HikariPool-1 housekeeper] [WARN] - HikariPool-1 - Thread starvation or clock leap detected (housekeeper delta=58s463ms).
[2026-09-12 21:05:02.694] [gas-forecast] [] [] [com.zaxxer.hikari.pool.HikariPool] [HikariPool-1 housekeeper] [WARN] - HikariPool-1 - Thread starvation or clock leap detected (housekeeper delta=1m42s844ms).
[2026-09-12 21:17:32.781] [gas-forecast] [] [] [com.zaxxer.hikari.pool.HikariPool] [HikariPool-1 housekeeper] [WARN] - HikariPool-1 - Retrograde clock change detected (housekeeper delta=29s800ms), soft-evicting connections from pool.
[2026-09-12 22:27:13.378] [gas-forecast] [] [] [com.zaxxer.hikari.pool.HikariPool] [HikariPool-1 housekeeper] [WARN] - HikariPool-1 - Thread starvation or clock leap detected (housekeeper delta=2m45s983ms).
[2026-09-12 22:29:02.660] [gas-forecast] [] [] [com.zaxxer.hikari.pool.HikariPool] [HikariPool-1 housekeeper] [WARN] - HikariPool-1 - Thread starvation or clock leap detected (housekeeper delta=1m49s282ms).
[2026-09-12 22:30:22.889] [gas-forecast] [] [] [com.zaxxer.hikari.pool.HikariPool] [HikariPool-1 housekeeper] [WARN] - HikariPool-1 - Thread starvation or clock leap detected (housekeeper delta=50s219ms).
[2026-09-12 22:31:42.764] [gas-forecast] [] [] [com.zaxxer.hikari.pool.HikariPool] [HikariPool-1 housekeeper] [WARN] - HikariPool-1 - Thread starvation or clock leap detected (housekeeper delta=1m19s875ms).
[2026-09-12 22:33:47.462] [gas-forecast] [] [] [com.zaxxer.hikari.pool.HikariPool] [HikariPool-1 housekeeper] [WARN] - HikariPool-1 - Thread starvation or clock leap detected (housekeeper delta=57s387ms).
[2026-09-12 22:35:52.658] [gas-forecast] [] [] [com.zaxxer.hikari.pool.HikariPool] [HikariPool-1 housekeeper] [WARN] - HikariPool-1 - Thread starvation or clock leap detected (housekeeper delta=2m5s196ms).
[2026-09-12 22:54:24.762] [gas-forecast] [] [] [com.zaxxer.hikari.pool.HikariPool] [HikariPool-1 housekeeper] [WARN] - HikariPool-1 - Thread starvation or clock leap detected (housekeeper delta=18m32s104ms).
[2026-09-12 22:56:24.678] [gas-forecast] [] [] [com.zaxxer.hikari.pool.HikariPool] [HikariPool-1 housekeeper] [WARN] - HikariPool-1 - Thread starvation or clock leap detected (housekeeper delta=50s174ms).
[2026-09-12 22:59:13.371] [gas-forecast] [] [] [com.zaxxer.hikari.pool.HikariPool] [HikariPool-1 housekeeper] [WARN] - HikariPool-1 - Thread starvation or clock leap detected (housekeeper delta=2m18s692ms).
[2026-09-12 23:01:35.793] [gas-forecast] [] [] [com.zaxxer.hikari.pool.HikariPool] [HikariPool-1 housekeeper] [WARN] - HikariPool-1 - Thread starvation or clock leap detected (housekeeper delta=1m43s294ms).
[2026-09-12 23:02:26.028] [gas-forecast] [] [] [com.zaxxer.hikari.pool.HikariPool] [HikariPool-1 housekeeper] [WARN] - HikariPool-1 - Thread starvation or clock leap detected (housekeeper delta=50s235ms).
[2026-09-12 23:04:37.505] [gas-forecast] [] [] [com.zaxxer.hikari.pool.HikariPool] [HikariPool-1 housekeeper] [WARN] - HikariPool-1 - Thread starvation or clock leap detected (housekeeper delta=2m11s477ms).
[2026-09-12 23:08:20.163] [gas-forecast] [] [] [com.zaxxer.hikari.pool.HikariPool] [HikariPool-1 housekeeper] [WARN] - HikariPool-1 - Thread starvation or clock leap detected (housekeeper delta=3m42s658ms).
[2026-09-12 23:09:22.049] [gas-forecast] [] [] [com.zaxxer.hikari.pool.HikariPool] [HikariPool-1 housekeeper] [WARN] - HikariPool-1 - Thread starvation or clock leap detected (housekeeper delta=1m1s886ms).
[2026-09-12 23:12:37.222] [gas-forecast] [] [] [com.zaxxer.hikari.pool.HikariPool] [HikariPool-1 housekeeper] [WARN] - HikariPool-1 - Thread starvation or clock leap detected (housekeeper delta=2m3s817ms).
[2026-09-12 23:14:46.319] [gas-forecast] [] [] [com.zaxxer.hikari.pool.HikariPool] [HikariPool-1 housekeeper] [WARN] - HikariPool-1 - Thread starvation or clock leap detected (housekeeper delta=1m39s96ms).
[2026-09-12 23:16:01.719] [gas-forecast] [] [] [com.zaxxer.hikari.pool.HikariPool] [HikariPool-1 housekeeper] [WARN] - HikariPool-1 - Thread starvation or clock leap detected (housekeeper delta=1m15s400ms).
[2026-09-12 23:17:15.301] [gas-forecast] [] [] [com.zaxxer.hikari.pool.HikariPool] [HikariPool-1 housekeeper] [WARN] - HikariPool-1 - Thread starvation or clock leap detected (housekeeper delta=1m13s582ms).
[2026-09-12 23:18:50.487] [gas-forecast] [] [] [com.zaxxer.hikari.pool.HikariPool] [HikariPool-1 housekeeper] [WARN] - HikariPool-1 - Thread starvation or clock leap detected (housekeeper delta=1m35s186ms).
[2026-09-12 23:20:12.476] [gas-forecast] [] [] [com.zaxxer.hikari.pool.HikariPool] [HikariPool-1 housekeeper] [WARN] - HikariPool-1 - Thread starvation or clock leap detected (housekeeper delta=1m21s989ms).
[2026-09-12 23:21:38.394] [gas-forecast] [] [] [com.zaxxer.hikari.pool.HikariPool] [HikariPool-1 housekeeper] [WARN] - HikariPool-1 - Thread starvation or clock leap detected (housekeeper delta=1m25s918ms).
[2026-09-12 23:22:56.507] [gas-forecast] [] [] [com.zaxxer.hikari.pool.HikariPool] [HikariPool-1 housekeeper] [WARN] - HikariPool-1 - Thread starvation or clock leap detected (housekeeper delta=48s112ms).
[2026-09-12 23:24:30.520] [gas-forecast] [] [] [com.zaxxer.hikari.pool.HikariPool] [HikariPool-1 housekeeper] [WARN] - HikariPool-1 - Thread starvation or clock leap detected (housekeeper delta=1m34s13ms).
[2026-09-12 23:26:06.327] [gas-forecast] [] [] [com.zaxxer.hikari.pool.HikariPool] [HikariPool-1 housekeeper] [WARN] - HikariPool-1 - Thread starvation or clock leap detected (housekeeper delta=55s300ms).
[2026-09-12 23:28:07.032] [gas-forecast] [] [] [com.zaxxer.hikari.pool.HikariPool] [HikariPool-1 housekeeper] [WARN] - HikariPool-1 - Thread starvation or clock leap detected (housekeeper delta=2m705ms).
[2026-09-12 23:30:03.224] [gas-forecast] [] [] [com.zaxxer.hikari.pool.HikariPool] [HikariPool-1 housekeeper] [WARN] - HikariPool-1 - Thread starvation or clock leap detected (housekeeper delta=1m26s192ms).
[2026-09-12 23:30:50.731] [gas-forecast] [] [] [com.zaxxer.hikari.pool.HikariPool] [HikariPool-1 housekeeper] [WARN] - HikariPool-1 - Thread starvation or clock leap detected (housekeeper delta=47s507ms).
[2026-09-12 23:32:57.423] [gas-forecast] [] [] [com.zaxxer.hikari.pool.HikariPool] [HikariPool-1 housekeeper] [WARN] - HikariPool-1 - Thread starvation or clock leap detected (housekeeper delta=2m6s692ms).
[2026-09-12 23:51:41.852] [gas-forecast] [] [] [com.zaxxer.hikari.pool.HikariPool] [HikariPool-1 housekeeper] [WARN] - HikariPool-1 - Thread starvation or clock leap detected (housekeeper delta=18m44s429ms).
[2026-09-12 23:53:52.905] [gas-forecast] [] [] [com.zaxxer.hikari.pool.HikariPool] [HikariPool-1 housekeeper] [WARN] - HikariPool-1 - Thread starvation or clock leap detected (housekeeper delta=1m2s268ms).
[2026-09-12 23:54:42.522] [gas-forecast] [] [] [com.zaxxer.hikari.pool.HikariPool] [HikariPool-1 housekeeper] [WARN] - HikariPool-1 - Thread starvation or clock leap detected (housekeeper delta=49s617ms).
[2026-09-12 23:56:15.143] [gas-forecast] [] [] [com.zaxxer.hikari.pool.HikariPool] [HikariPool-1 housekeeper] [WARN] - HikariPool-1 - Thread starvation or clock leap detected (housekeeper delta=1m32s621ms).
