[2026-09-23 09:22:45.310] [gas-forecast] [] [] [c.g.forecast.common.web.WebLogAspect] [http-nio-8080-exec-8] [WARN] - Request [校验模型训练数据] failed in 24 ms, message=训练数据校验未通过：冬季保供模型至少需要3个完整冬供季，当前只有0个
[2026-09-23 09:22:45.315] [gas-forecast] [] [] [c.g.f.c.web.GlobalExceptionHandler] [http-nio-8080-exec-8] [WARN] - Business exception, uri=/gas-forecast/model-train-execution/validate, code=9998, message=训练数据校验未通过：冬季保供模型至少需要3个完整冬供季，当前只有0个
[2026-09-23 11:45:11.771] [gas-forecast] [] [] [com.zaxxer.hikari.pool.HikariPool] [HikariPool-1 housekeeper] [WARN] - HikariPool-1 - Thread starvation or clock leap detected (housekeeper delta=58s449ms).
[2026-09-23 11:46:50.252] [gas-forecast] [] [] [com.zaxxer.hikari.pool.HikariPool] [HikariPool-1 housekeeper] [WARN] - HikariPool-1 - Thread starvation or clock leap detected (housekeeper delta=1m8s479ms).
[2026-09-23 11:48:08.536] [gas-forecast] [] [] [com.zaxxer.hikari.pool.HikariPool] [HikariPool-1 housekeeper] [WARN] - HikariPool-1 - Thread starvation or clock leap detected (housekeeper delta=1m18s284ms).
[2026-09-23 12:04:06.958] [gas-forecast] [] [] [com.zaxxer.hikari.pool.HikariPool] [HikariPool-1 housekeeper] [WARN] - HikariPool-1 - Thread starvation or clock leap detected (housekeeper delta=15m28s421ms).
[2026-09-23 12:05:01.677] [gas-forecast] [] [] [com.zaxxer.hikari.pool.HikariPool] [HikariPool-1 housekeeper] [WARN] - HikariPool-1 - Thread starvation or clock leap detected (housekeeper delta=54s719ms).
[2026-09-23 12:10:28.964] [gas-forecast] [] [] [com.zaxxer.hikari.pool.HikariPool] [HikariPool-1 housekeeper] [WARN] - HikariPool-1 - Thread starvation or clock leap detected (housekeeper delta=4m57s286ms).
[2026-09-23 12:15:41.172] [gas-forecast] [] [] [com.zaxxer.hikari.pool.HikariPool] [HikariPool-1 housekeeper] [WARN] - HikariPool-1 - Thread starvation or clock leap detected (housekeeper delta=3m12s178ms).
[2026-09-23 12:22:02.011] [gas-forecast] [] [] [com.zaxxer.hikari.pool.HikariPool] [HikariPool-1 housekeeper] [WARN] - HikariPool-1 - Thread starvation or clock leap detected (housekeeper delta=6m20s839ms).
[2026-09-23 12:38:00.014] [gas-forecast] [] [] [com.zaxxer.hikari.pool.HikariPool] [HikariPool-1 housekeeper] [WARN] - HikariPool-1 - Thread starvation or clock leap detected (housekeeper delta=15m28s2ms).
[2026-09-23 12:42:17.253] [gas-forecast] [] [] [com.zaxxer.hikari.pool.HikariPool] [HikariPool-1 housekeeper] [WARN] - HikariPool-1 - Thread starvation or clock leap detected (housekeeper delta=4m17s239ms).
[2026-09-23 12:49:08.066] [gas-forecast] [] [] [com.zaxxer.hikari.pool.HikariPool] [HikariPool-1 housekeeper] [WARN] - HikariPool-1 - Thread starvation or clock leap detected (housekeeper delta=6m20s812ms).
[2026-09-23 12:51:13.614] [gas-forecast] [] [] [com.zaxxer.hikari.pool.HikariPool] [HikariPool-1 housekeeper] [WARN] - HikariPool-1 - Thread starvation or clock leap detected (housekeeper delta=2m5s548ms).
[2026-09-23 12:53:55.761] [gas-forecast] [] [] [com.zaxxer.hikari.pool.HikariPool] [HikariPool-1 housekeeper] [WARN] - HikariPool-1 - Thread starvation or clock leap detected (housekeeper delta=2m12s146ms).
[2026-09-23 13:01:51.126] [gas-forecast] [] [] [com.zaxxer.hikari.pool.HikariPool] [HikariPool-1 housekeeper] [WARN] - HikariPool-1 - Thread starvation or clock leap detected (housekeeper delta=7m25s364ms).
[2026-09-23 14:05:51.706] [gas-forecast] [] [] [com.zaxxer.hikari.pool.HikariPool] [HikariPool-1 housekeeper] [WARN] - HikariPool-1 - Retrograde clock change detected (housekeeper delta=29s829ms), soft-evicting connections from pool.
[2026-09-23 14:11:06.767] [gas-forecast] [] [] [c.g.forecast.common.web.WebLogAspect] [http-nio-8080-exec-4] [WARN] - Request [模型预测特征快照查询] failed in 3 ms, message=预测批次不存在：forecast-20260921-000002
[2026-09-23 14:11:06.768] [gas-forecast] [] [] [c.g.f.c.web.GlobalExceptionHandler] [http-nio-8080-exec-4] [WARN] - Business exception, uri=/gas-forecast/model-forecast-record/features, code=9998, message=预测批次不存在：forecast-20260921-000002
[2026-09-23 14:11:17.918] [gas-forecast] [] [] [c.g.forecast.common.web.WebLogAspect] [http-nio-8080-exec-4] [WARN] - Request [模型预测特征快照查询] failed in 2 ms, message=预测批次不存在：forecast-20260921-000002
[2026-09-23 14:11:17.918] [gas-forecast] [] [] [c.g.f.c.web.GlobalExceptionHandler] [http-nio-8080-exec-4] [WARN] - Business exception, uri=/gas-forecast/model-forecast-record/features, code=9998, message=预测批次不存在：forecast-20260921-000002
[2026-09-23 14:28:50.653] [gas-forecast] [] [] [c.g.forecast.common.web.WebLogAspect] [http-nio-8080-exec-6] [WARN] - Request [模型预测特征快照查询] failed in 1 ms, message=预测批次不存在：forecast-20260921-000002
[2026-09-23 14:28:50.654] [gas-forecast] [] [] [c.g.f.c.web.GlobalExceptionHandler] [http-nio-8080-exec-6] [WARN] - Business exception, uri=/gas-forecast/model-forecast-record/features, code=9998, message=预测批次不存在：forecast-20260921-000002
[2026-09-23 14:29:25.702] [gas-forecast] [] [] [c.g.forecast.common.web.WebLogAspect] [http-nio-8080-exec-7] [WARN] - Request [模型预测特征快照查询] failed in 2 ms, message=预测批次不存在：forecast-20260921-000002
[2026-09-23 14:29:25.703] [gas-forecast] [] [] [c.g.f.c.web.GlobalExceptionHandler] [http-nio-8080-exec-7] [WARN] - Business exception, uri=/gas-forecast/model-forecast-record/features, code=9998, message=预测批次不存在：forecast-20260921-000002
[2026-09-23 14:29:29.262] [gas-forecast] [] [] [c.g.forecast.common.web.WebLogAspect] [http-nio-8080-exec-2] [WARN] - Request [模型预测特征快照查询] failed in 2 ms, message=预测批次不存在：forecast-20260921-000002
[2026-09-23 14:29:29.262] [gas-forecast] [] [] [c.g.f.c.web.GlobalExceptionHandler] [http-nio-8080-exec-2] [WARN] - Business exception, uri=/gas-forecast/model-forecast-record/features, code=9998, message=预测批次不存在：forecast-20260921-000002
[2026-09-23 14:29:33.829] [gas-forecast] [] [] [c.g.forecast.common.web.WebLogAspect] [http-nio-8080-exec-7] [WARN] - Request [模型预测特征快照查询] failed in 1 ms, message=预测批次不存在：forecast-20260921-000002
[2026-09-23 14:29:33.830] [gas-forecast] [] [] [c.g.f.c.web.GlobalExceptionHandler] [http-nio-8080-exec-7] [WARN] - Business exception, uri=/gas-forecast/model-forecast-record/features, code=9998, message=预测批次不存在：forecast-20260921-000002
[2026-09-23 14:29:39.028] [gas-forecast] [] [] [c.g.forecast.common.web.WebLogAspect] [http-nio-8080-exec-7] [WARN] - Request [模型预测特征快照查询] failed in 1 ms, message=预测批次不存在：forecast-20260921-000002
[2026-09-23 14:29:39.028] [gas-forecast] [] [] [c.g.f.c.web.GlobalExceptionHandler] [http-nio-8080-exec-7] [WARN] - Business exception, uri=/gas-forecast/model-forecast-record/features, code=9998, message=预测批次不存在：forecast-20260921-000002
[2026-09-23 14:53:41.106] [gas-forecast] [] [] [com.zaxxer.hikari.pool.HikariPool] [HikariPool-1 housekeeper] [WARN] - HikariPool-1 - Retrograde clock change detected (housekeeper delta=29s769ms), soft-evicting connections from pool.
[2026-09-23 15:41:49.836] [gas-forecast] [] [] [com.zaxxer.hikari.pool.HikariPool] [HikariPool-1 housekeeper] [WARN] - HikariPool-1 - Thread starvation or clock leap detected (housekeeper delta=57s256ms).
[2026-09-23 17:22:39.051] [gas-forecast] [] [] [c.g.forecast.common.web.WebLogAspect] [http-nio-8080-exec-5] [WARN] - Request [用户登录] failed in 0 ms, message=验证码已过期，请刷新后重试
[2026-09-23 17:22:39.052] [gas-forecast] [] [] [c.g.f.c.web.GlobalExceptionHandler] [http-nio-8080-exec-5] [WARN] - Business exception, uri=/gas-forecast/auth/login, code=400, message=验证码已过期，请刷新后重试
[2026-09-23 18:13:41.906] [gas-forecast] [] [] [c.g.forecast.common.web.WebLogAspect] [http-nio-8080-exec-6] [WARN] - Request [校验模型训练数据] failed in 11 ms, message=训练时间范围和模型作用范围内没有可用训练数据
[2026-09-23 18:13:41.907] [gas-forecast] [] [] [c.g.f.c.web.GlobalExceptionHandler] [http-nio-8080-exec-6] [WARN] - Business exception, uri=/gas-forecast/model-train-execution/validate, code=9998, message=训练时间范围和模型作用范围内没有可用训练数据
[2026-09-23 20:07:31.042] [gas-forecast] [] [] [com.zaxxer.hikari.pool.HikariPool] [HikariPool-1 housekeeper] [WARN] - HikariPool-1 - Thread starvation or clock leap detected (housekeeper delta=1m53s896ms).
[2026-09-23 20:20:52.922] [gas-forecast] [] [] [com.zaxxer.hikari.pool.HikariPool] [HikariPool-1 housekeeper] [WARN] - HikariPool-1 - Thread starvation or clock leap detected (housekeeper delta=10m51s850ms).
[2026-09-23 20:52:52.960] [gas-forecast] [] [] [com.zaxxer.hikari.pool.HikariPool] [HikariPool-1 housekeeper] [WARN] - HikariPool-1 - Retrograde clock change detected (housekeeper delta=29s830ms), soft-evicting connections from pool.
[2026-09-23 22:22:17.279] [gas-forecast] [] [] [com.zaxxer.hikari.pool.HikariPool] [HikariPool-1 housekeeper] [WARN] - HikariPool-1 - Retrograde clock change detected (housekeeper delta=29s760ms), soft-evicting connections from pool.
