[2026-09-20 08:13:05.567] [gas-forecast] [] [] [c.g.forecast.common.web.WebLogAspect] [http-nio-8080-exec-10] [WARN] - Request [执行模型训练] failed in 93 ms, message=
### Error updating database.  Cause: java.sql.SQLSyntaxErrorException: Table 'gas_data.model_train_batch_tb' doesn't exist
### The error may exist in com/gas/forecast/dao/mapper/ModelTrainBatchTbMapper.java (best guess)
### The error may involve com.gas.forecast.dao.mapper.ModelTrainBatchTbMapper.insert-Inline
### The error occurred while setting parameters
### SQL: INSERT INTO model_train_batch_tb  ( batch_no, agent_code, region_code, region_name, customer_code, customer_name, industry_code, industry_name,   status,       config_json, result_json,       started_at,  created_at, updated_at )  VALUES (  ?, ?, ?, ?, ?, ?, ?, ?,   ?,       ?, ?,       ?,  ?, ?  )
### Cause: java.sql.SQLSyntaxErrorException: Table 'gas_data.model_train_batch_tb' doesn't exist
; bad SQL grammar []
[2026-09-20 08:45:57.902] [gas-forecast] [] [] [c.g.forecast.common.web.WebLogAspect] [http-nio-8080-exec-1] [WARN] - Request [执行模型训练] failed in 232 ms, message=
### Error updating database.  Cause: com.mysql.cj.jdbc.exceptions.MysqlDataTruncation: Data truncation: Cannot create a JSON value from a string with CHARACTER SET 'binary'.
### The error may exist in com/gas/forecast/dao/mapper/ModelTrainDetailTbMapper.java (best guess)
### The error may involve com.gas.forecast.dao.mapper.ModelTrainDetailTbMapper.insert-Inline
### The error occurred while setting parameters
### SQL: INSERT INTO model_train_detail_tb  ( batch_no, agent_code, region_code, region_name, customer_code, customer_name, industry_code, industry_name, train_start_date, train_end_date, status,        result_json,  created_by, created_by_name, created_at, updated_at,  request_param )  VALUES (  ?, ?, ?, ?, ?, ?, ?, ?, ?, ?, ?,        ?,  ?, ?, ?, ?,  ?  )
### Cause: com.mysql.cj.jdbc.exceptions.MysqlDataTruncation: Data truncation: Cannot create a JSON value from a string with CHARACTER SET 'binary'.
; Data truncation: Cannot create a JSON value from a string with CHARACTER SET 'binary'.
[2026-09-20 08:46:07.514] [gas-forecast] [] [] [c.g.forecast.common.web.WebLogAspect] [http-nio-8080-exec-5] [WARN] - Request [执行模型训练] failed in 26 ms, message=
### Error updating database.  Cause: com.mysql.cj.jdbc.exceptions.MysqlDataTruncation: Data truncation: Cannot create a JSON value from a string with CHARACTER SET 'binary'.
### The error may exist in com/gas/forecast/dao/mapper/ModelTrainDetailTbMapper.java (best guess)
### The error may involve com.gas.forecast.dao.mapper.ModelTrainDetailTbMapper.insert-Inline
### The error occurred while setting parameters
### SQL: INSERT INTO model_train_detail_tb  ( batch_no, agent_code, region_code, region_name, customer_code, customer_name, industry_code, industry_name, train_start_date, train_end_date, status,        result_json,  created_by, created_by_name, created_at, updated_at,  request_param )  VALUES (  ?, ?, ?, ?, ?, ?, ?, ?, ?, ?, ?,        ?,  ?, ?, ?, ?,  ?  )
### Cause: com.mysql.cj.jdbc.exceptions.MysqlDataTruncation: Data truncation: Cannot create a JSON value from a string with CHARACTER SET 'binary'.
; Data truncation: Cannot create a JSON value from a string with CHARACTER SET 'binary'.
[2026-09-20 08:48:43.160] [gas-forecast] [] [] [c.g.forecast.common.web.WebLogAspect] [http-nio-8080-exec-1] [WARN] - Request [执行模型训练] failed in 213 ms, message=
### Error updating database.  Cause: com.mysql.cj.jdbc.exceptions.MysqlDataTruncation: Data truncation: Data too long for column 'request_param' at row 1
### The error may exist in com/gas/forecast/dao/mapper/ModelTrainDetailTbMapper.java (best guess)
### The error may involve com.gas.forecast.dao.mapper.ModelTrainDetailTbMapper.insert-Inline
### The error occurred while setting parameters
### SQL: INSERT INTO model_train_detail_tb  ( batch_no, agent_code, region_code, region_name, customer_code, customer_name, industry_code, industry_name, train_start_date, train_end_date, status,        result_json,  created_by, created_by_name, created_at, updated_at,  request_param )  VALUES (  ?, ?, ?, ?, ?, ?, ?, ?, ?, ?, ?,        ?,  ?, ?, ?, ?,  ?  )
### Cause: com.mysql.cj.jdbc.exceptions.MysqlDataTruncation: Data truncation: Data too long for column 'request_param' at row 1
; Data truncation: Data too long for column 'request_param' at row 1
[2026-09-20 09:04:52.600] [gas-forecast] [] [] [c.g.forecast.common.web.WebLogAspect] [http-nio-8080-exec-2] [WARN] - Request [模型列表查询] failed in 231 ms, message=
### Error querying database.  Cause: java.sql.SQLSyntaxErrorException: Unknown column 'model_id' in 'field list'
### The error may exist in com/gas/forecast/dao/mapper/ModelConfigScopeTbMapper.java (best guess)
### The error may involve defaultParameterMap
### The error occurred while setting parameters
### SQL: SELECT  id,model_id,model_code,region_code,industry_code,customer_code,created_by,created_at,updated_at,created_by_name  FROM model_config_scope_tb      WHERE  (model_id IN (?,?)) ORDER BY id DESC
### Cause: java.sql.SQLSyntaxErrorException: Unknown column 'model_id' in 'field list'
; bad SQL grammar []
[2026-09-20 09:04:55.835] [gas-forecast] [] [] [c.g.forecast.common.web.WebLogAspect] [http-nio-8080-exec-4] [WARN] - Request [模型列表查询] failed in 7 ms, message=
### Error querying database.  Cause: java.sql.SQLSyntaxErrorException: Unknown column 'model_id' in 'field list'
### The error may exist in com/gas/forecast/dao/mapper/ModelConfigScopeTbMapper.java (best guess)
### The error may involve defaultParameterMap
### The error occurred while setting parameters
### SQL: SELECT  id,model_id,model_code,region_code,industry_code,customer_code,created_by,created_at,updated_at,created_by_name  FROM model_config_scope_tb      WHERE  (model_id IN (?,?)) ORDER BY id DESC
### Cause: java.sql.SQLSyntaxErrorException: Unknown column 'model_id' in 'field list'
; bad SQL grammar []
[2026-09-20 09:04:56.481] [gas-forecast] [] [] [c.g.forecast.common.web.WebLogAspect] [http-nio-8080-exec-6] [WARN] - Request [模型列表查询] failed in 6 ms, message=
### Error querying database.  Cause: java.sql.SQLSyntaxErrorException: Unknown column 'model_id' in 'field list'
### The error may exist in com/gas/forecast/dao/mapper/ModelConfigScopeTbMapper.java (best guess)
### The error may involve defaultParameterMap
### The error occurred while setting parameters
### SQL: SELECT  id,model_id,model_code,region_code,industry_code,customer_code,created_by,created_at,updated_at,created_by_name  FROM model_config_scope_tb      WHERE  (model_id IN (?,?)) ORDER BY id DESC
### Cause: java.sql.SQLSyntaxErrorException: Unknown column 'model_id' in 'field list'
; bad SQL grammar []
[2026-09-20 09:04:56.763] [gas-forecast] [] [] [c.g.forecast.common.web.WebLogAspect] [http-nio-8080-exec-8] [WARN] - Request [模型列表查询] failed in 6 ms, message=
### Error querying database.  Cause: java.sql.SQLSyntaxErrorException: Unknown column 'model_id' in 'field list'
### The error may exist in com/gas/forecast/dao/mapper/ModelConfigScopeTbMapper.java (best guess)
### The error may involve defaultParameterMap
### The error occurred while setting parameters
### SQL: SELECT  id,model_id,model_code,region_code,industry_code,customer_code,created_by,created_at,updated_at,created_by_name  FROM model_config_scope_tb      WHERE  (model_id IN (?,?)) ORDER BY id DESC
### Cause: java.sql.SQLSyntaxErrorException: Unknown column 'model_id' in 'field list'
; bad SQL grammar []
[2026-09-20 09:04:57.182] [gas-forecast] [] [] [c.g.forecast.common.web.WebLogAspect] [http-nio-8080-exec-10] [WARN] - Request [模型列表查询] failed in 6 ms, message=
### Error querying database.  Cause: java.sql.SQLSyntaxErrorException: Unknown column 'model_id' in 'field list'
### The error may exist in com/gas/forecast/dao/mapper/ModelConfigScopeTbMapper.java (best guess)
### The error may involve defaultParameterMap
### The error occurred while setting parameters
### SQL: SELECT  id,model_id,model_code,region_code,industry_code,customer_code,created_by,created_at,updated_at,created_by_name  FROM model_config_scope_tb      WHERE  (model_id IN (?,?)) ORDER BY id DESC
### Cause: java.sql.SQLSyntaxErrorException: Unknown column 'model_id' in 'field list'
; bad SQL grammar []
[2026-09-20 09:34:01.118] [gas-forecast] [] [] [com.zaxxer.hikari.pool.HikariPool] [HikariPool-1 housekeeper] [WARN] - HikariPool-1 - Retrograde clock change detected (housekeeper delta=29s693ms), soft-evicting connections from pool.
[2026-09-20 10:23:05.438] [gas-forecast] [] [] [com.zaxxer.hikari.pool.HikariPool] [HikariPool-1 housekeeper] [WARN] - HikariPool-1 - Thread starvation or clock leap detected (housekeeper delta=1m19s348ms).
[2026-09-20 12:14:12.206] [gas-forecast] [] [] [com.zaxxer.hikari.pool.HikariPool] [HikariPool-1 housekeeper] [WARN] - HikariPool-1 - Thread starvation or clock leap detected (housekeeper delta=13m17s894ms).
[2026-09-20 12:30:40.111] [gas-forecast] [] [] [com.zaxxer.hikari.pool.HikariPool] [HikariPool-1 housekeeper] [WARN] - HikariPool-1 - Thread starvation or clock leap detected (housekeeper delta=15m27s902ms).
[2026-09-20 12:32:42.431] [gas-forecast] [] [] [com.zaxxer.hikari.pool.HikariPool] [HikariPool-1 housekeeper] [WARN] - HikariPool-1 - Thread starvation or clock leap detected (housekeeper delta=2m2s320ms).
[2026-09-20 12:38:50.122] [gas-forecast] [] [] [com.zaxxer.hikari.pool.HikariPool] [HikariPool-1 housekeeper] [WARN] - HikariPool-1 - Thread starvation or clock leap detected (housekeeper delta=4m37s681ms).
[2026-09-20 12:41:36.196] [gas-forecast] [] [] [com.zaxxer.hikari.pool.HikariPool] [HikariPool-1 housekeeper] [WARN] - HikariPool-1 - Thread starvation or clock leap detected (housekeeper delta=1m9s152ms).
[2026-09-20 12:54:46.101] [gas-forecast] [] [] [com.zaxxer.hikari.pool.HikariPool] [HikariPool-1 housekeeper] [WARN] - HikariPool-1 - Thread starvation or clock leap detected (housekeeper delta=2m6s661ms).
[2026-09-20 12:58:40.084] [gas-forecast] [] [] [com.zaxxer.hikari.pool.HikariPool] [HikariPool-1 housekeeper] [WARN] - HikariPool-1 - Thread starvation or clock leap detected (housekeeper delta=2m22s38ms).
[2026-09-20 13:01:08.920] [gas-forecast] [] [] [com.zaxxer.hikari.pool.HikariPool] [HikariPool-1 housekeeper] [WARN] - HikariPool-1 - Thread starvation or clock leap detected (housekeeper delta=1m17s272ms).
[2026-09-20 13:01:58.753] [gas-forecast] [] [] [com.zaxxer.hikari.pool.HikariPool] [HikariPool-1 housekeeper] [WARN] - HikariPool-1 - Thread starvation or clock leap detected (housekeeper delta=49s833ms).
[2026-09-20 13:30:09.282] [gas-forecast] [] [] [c.g.forecast.common.web.WebLogAspect] [http-nio-8080-exec-2] [WARN] - Request [配置模型适用范围] failed in 12 ms, message=null
[2026-09-20 13:40:46.005] [gas-forecast] [] [] [com.zaxxer.hikari.pool.HikariPool] [HikariPool-1 housekeeper] [WARN] - HikariPool-1 - Retrograde clock change detected (housekeeper delta=29s833ms), soft-evicting connections from pool.
[2026-09-20 16:13:31.724] [gas-forecast] [] [] [com.zaxxer.hikari.pool.HikariPool] [HikariPool-1 housekeeper] [WARN] - HikariPool-1 - Thread starvation or clock leap detected (housekeeper delta=1m29s763ms).
[2026-09-20 16:17:54.663] [gas-forecast] [] [] [com.zaxxer.hikari.pool.HikariPool] [HikariPool-1 housekeeper] [WARN] - HikariPool-1 - Thread starvation or clock leap detected (housekeeper delta=3m52s933ms).
[2026-09-20 16:24:44.935] [gas-forecast] [] [] [com.zaxxer.hikari.pool.HikariPool] [HikariPool-1 housekeeper] [WARN] - HikariPool-1 - Thread starvation or clock leap detected (housekeeper delta=6m20s263ms).
[2026-09-20 16:26:57.229] [gas-forecast] [] [] [com.zaxxer.hikari.pool.HikariPool] [HikariPool-1 housekeeper] [WARN] - HikariPool-1 - Thread starvation or clock leap detected (housekeeper delta=59s248ms).
[2026-09-20 16:28:05.482] [gas-forecast] [] [] [com.zaxxer.hikari.pool.HikariPool] [HikariPool-1 housekeeper] [WARN] - HikariPool-1 - Thread starvation or clock leap detected (housekeeper delta=1m8s253ms).
[2026-09-20 16:29:25.770] [gas-forecast] [] [] [com.zaxxer.hikari.pool.HikariPool] [HikariPool-1 housekeeper] [WARN] - HikariPool-1 - Thread starvation or clock leap detected (housekeeper delta=50s278ms).
[2026-09-20 16:30:12.097] [gas-forecast] [] [] [com.zaxxer.hikari.pool.HikariPool] [HikariPool-1 housekeeper] [WARN] - HikariPool-1 - Thread starvation or clock leap detected (housekeeper delta=46s327ms).
[2026-09-20 16:31:28.459] [gas-forecast] [] [] [com.zaxxer.hikari.pool.HikariPool] [HikariPool-1 housekeeper] [WARN] - HikariPool-1 - Thread starvation or clock leap detected (housekeeper delta=46s361ms).
[2026-09-20 16:33:20.670] [gas-forecast] [] [] [com.zaxxer.hikari.pool.HikariPool] [HikariPool-1 housekeeper] [WARN] - HikariPool-1 - Thread starvation or clock leap detected (housekeeper delta=45s755ms).
[2026-09-20 16:35:42.284] [gas-forecast] [] [] [com.zaxxer.hikari.pool.HikariPool] [HikariPool-1 housekeeper] [WARN] - HikariPool-1 - Thread starvation or clock leap detected (housekeeper delta=1m13s648ms).
[2026-09-20 16:58:18.041] [gas-forecast] [] [] [com.zaxxer.hikari.pool.HikariPool] [HikariPool-1 housekeeper] [WARN] - HikariPool-1 - Thread starvation or clock leap detected (housekeeper delta=22m5s757ms).
[2026-09-20 17:10:05.652] [gas-forecast] [] [] [com.zaxxer.hikari.pool.HikariPool] [HikariPool-1 housekeeper] [WARN] - HikariPool-1 - Thread starvation or clock leap detected (housekeeper delta=1m17s561ms).
[2026-09-20 17:12:39.732] [gas-forecast] [] [] [com.zaxxer.hikari.pool.HikariPool] [HikariPool-1 housekeeper] [WARN] - HikariPool-1 - Thread starvation or clock leap detected (housekeeper delta=2m34s80ms).
[2026-09-20 17:17:25.178] [gas-forecast] [] [] [com.zaxxer.hikari.pool.HikariPool] [HikariPool-1 housekeeper] [WARN] - HikariPool-1 - Thread starvation or clock leap detected (housekeeper delta=4m15s446ms).
[2026-09-20 18:09:03.162] [gas-forecast] [] [] [com.zaxxer.hikari.pool.HikariPool] [HikariPool-1 housekeeper] [WARN] - HikariPool-1 - Thread starvation or clock leap detected (housekeeper delta=52s283ms).
[2026-09-20 18:17:24.749] [gas-forecast] [] [] [com.zaxxer.hikari.pool.HikariPool] [HikariPool-1 housekeeper] [WARN] - HikariPool-1 - Thread starvation or clock leap detected (housekeeper delta=7m19s931ms).
[2026-09-20 18:19:21.910] [gas-forecast] [] [] [com.zaxxer.hikari.pool.HikariPool] [HikariPool-1 housekeeper] [WARN] - HikariPool-1 - Thread starvation or clock leap detected (housekeeper delta=1m57s161ms).
[2026-09-20 18:21:06.449] [gas-forecast] [] [] [com.zaxxer.hikari.pool.HikariPool] [HikariPool-1 housekeeper] [WARN] - HikariPool-1 - Thread starvation or clock leap detected (housekeeper delta=1m14s539ms).
[2026-09-20 18:21:56.395] [gas-forecast] [] [] [com.zaxxer.hikari.pool.HikariPool] [HikariPool-1 housekeeper] [WARN] - HikariPool-1 - Thread starvation or clock leap detected (housekeeper delta=49s946ms).
[2026-09-20 18:23:30.150] [gas-forecast] [] [] [com.zaxxer.hikari.pool.HikariPool] [HikariPool-1 housekeeper] [WARN] - HikariPool-1 - Thread starvation or clock leap detected (housekeeper delta=1m3s755ms).
[2026-09-20 18:26:46.483] [gas-forecast] [] [] [com.zaxxer.hikari.pool.HikariPool] [HikariPool-1 housekeeper] [WARN] - HikariPool-1 - Thread starvation or clock leap detected (housekeeper delta=2m46s330ms).
[2026-09-20 18:27:38.825] [gas-forecast] [] [] [com.zaxxer.hikari.pool.HikariPool] [HikariPool-1 housekeeper] [WARN] - HikariPool-1 - Thread starvation or clock leap detected (housekeeper delta=52s342ms).
[2026-09-20 18:30:44.053] [gas-forecast] [] [] [com.zaxxer.hikari.pool.HikariPool] [HikariPool-1 housekeeper] [WARN] - HikariPool-1 - Thread starvation or clock leap detected (housekeeper delta=2m35s228ms).
[2026-09-20 18:42:42.718] [gas-forecast] [] [] [com.zaxxer.hikari.pool.HikariPool] [HikariPool-1 housekeeper] [WARN] - HikariPool-1 - Thread starvation or clock leap detected (housekeeper delta=10m22s337ms).
[2026-09-20 18:45:50.373] [gas-forecast] [] [] [com.zaxxer.hikari.pool.HikariPool] [HikariPool-1 housekeeper] [WARN] - HikariPool-1 - Thread starvation or clock leap detected (housekeeper delta=1m6s736ms).
[2026-09-20 18:48:28.612] [gas-forecast] [] [] [com.zaxxer.hikari.pool.HikariPool] [HikariPool-1 housekeeper] [WARN] - HikariPool-1 - Thread starvation or clock leap detected (housekeeper delta=2m8s239ms).
[2026-09-20 18:50:16.578] [gas-forecast] [] [] [com.zaxxer.hikari.pool.HikariPool] [HikariPool-1 housekeeper] [WARN] - HikariPool-1 - Thread starvation or clock leap detected (housekeeper delta=47s518ms).
[2026-09-20 18:51:05.913] [gas-forecast] [] [] [com.zaxxer.hikari.pool.HikariPool] [HikariPool-1 housekeeper] [WARN] - HikariPool-1 - Thread starvation or clock leap detected (housekeeper delta=49s335ms).
[2026-09-20 18:58:15.831] [gas-forecast] [] [] [com.zaxxer.hikari.pool.HikariPool] [HikariPool-1 housekeeper] [WARN] - HikariPool-1 - Thread starvation or clock leap detected (housekeeper delta=5m39s466ms).
[2026-09-20 19:07:32.132] [gas-forecast] [] [] [com.zaxxer.hikari.pool.HikariPool] [HikariPool-1 housekeeper] [WARN] - HikariPool-1 - Thread starvation or clock leap detected (housekeeper delta=7m39s153ms).
[2026-09-20 19:09:37.564] [gas-forecast] [] [] [com.zaxxer.hikari.pool.HikariPool] [HikariPool-1 housekeeper] [WARN] - HikariPool-1 - Thread starvation or clock leap detected (housekeeper delta=53s865ms).
[2026-09-20 19:11:12.520] [gas-forecast] [] [] [com.zaxxer.hikari.pool.HikariPool] [HikariPool-1 housekeeper] [WARN] - HikariPool-1 - Thread starvation or clock leap detected (housekeeper delta=1m4s956ms).
[2026-09-20 19:20:20.757] [gas-forecast] [] [] [com.zaxxer.hikari.pool.HikariPool] [HikariPool-1 housekeeper] [WARN] - HikariPool-1 - Thread starvation or clock leap detected (housekeeper delta=8m38s237ms).
[2026-09-20 19:25:40.498] [gas-forecast] [] [] [com.zaxxer.hikari.pool.HikariPool] [HikariPool-1 housekeeper] [WARN] - HikariPool-1 - Thread starvation or clock leap detected (housekeeper delta=50s836ms).
[2026-09-20 19:27:09.761] [gas-forecast] [] [] [com.zaxxer.hikari.pool.HikariPool] [HikariPool-1 housekeeper] [WARN] - HikariPool-1 - Thread starvation or clock leap detected (housekeeper delta=59s263ms).
[2026-09-20 19:40:24.841] [gas-forecast] [] [] [com.zaxxer.hikari.pool.HikariPool] [HikariPool-1 housekeeper] [WARN] - HikariPool-1 - Thread starvation or clock leap detected (housekeeper delta=11m27s415ms).
[2026-09-20 19:59:52.963] [gas-forecast] [] [] [com.zaxxer.hikari.pool.HikariPool] [HikariPool-1 housekeeper] [WARN] - HikariPool-1 - Thread starvation or clock leap detected (housekeeper delta=15m28s402ms).
[2026-09-20 20:08:00.508] [gas-forecast] [] [] [com.zaxxer.hikari.pool.HikariPool] [HikariPool-1 housekeeper] [WARN] - HikariPool-1 - Thread starvation or clock leap detected (housekeeper delta=7m37s535ms).
[2026-09-20 20:25:58.436] [gas-forecast] [] [] [com.zaxxer.hikari.pool.HikariPool] [HikariPool-1 housekeeper] [WARN] - HikariPool-1 - Thread starvation or clock leap detected (housekeeper delta=15m27s916ms).
[2026-09-20 20:41:56.334] [gas-forecast] [] [] [com.zaxxer.hikari.pool.HikariPool] [HikariPool-1 housekeeper] [WARN] - HikariPool-1 - Thread starvation or clock leap detected (housekeeper delta=15m27s898ms).
[2026-09-20 20:57:24.247] [gas-forecast] [] [] [com.zaxxer.hikari.pool.HikariPool] [HikariPool-1 housekeeper] [WARN] - HikariPool-1 - Thread starvation or clock leap detected (housekeeper delta=15m27s913ms).
[2026-09-20 21:09:06.056] [gas-forecast] [] [] [com.zaxxer.hikari.pool.HikariPool] [HikariPool-1 housekeeper] [WARN] - HikariPool-1 - Thread starvation or clock leap detected (housekeeper delta=11m11s809ms).
[2026-09-20 21:25:04.429] [gas-forecast] [] [] [com.zaxxer.hikari.pool.HikariPool] [HikariPool-1 housekeeper] [WARN] - HikariPool-1 - Thread starvation or clock leap detected (housekeeper delta=15m28s363ms).
[2026-09-20 21:40:32.600] [gas-forecast] [] [] [com.zaxxer.hikari.pool.HikariPool] [HikariPool-1 housekeeper] [WARN] - HikariPool-1 - Thread starvation or clock leap detected (housekeeper delta=15m28s171ms).
[2026-09-20 21:56:30.495] [gas-forecast] [] [] [com.zaxxer.hikari.pool.HikariPool] [HikariPool-1 housekeeper] [WARN] - HikariPool-1 - Thread starvation or clock leap detected (housekeeper delta=15m27s895ms).
[2026-09-20 22:09:48.409] [gas-forecast] [] [] [com.zaxxer.hikari.pool.HikariPool] [HikariPool-1 housekeeper] [WARN] - HikariPool-1 - Thread starvation or clock leap detected (housekeeper delta=13m17s914ms).
[2026-09-20 22:25:46.230] [gas-forecast] [] [] [com.zaxxer.hikari.pool.HikariPool] [HikariPool-1 housekeeper] [WARN] - HikariPool-1 - Thread starvation or clock leap detected (housekeeper delta=15m27s811ms).
[2026-09-20 22:41:14.133] [gas-forecast] [] [] [com.zaxxer.hikari.pool.HikariPool] [HikariPool-1 housekeeper] [WARN] - HikariPool-1 - Thread starvation or clock leap detected (housekeeper delta=15m27s903ms).
[2026-09-20 22:57:11.697] [gas-forecast] [] [] [com.zaxxer.hikari.pool.HikariPool] [HikariPool-1 housekeeper] [WARN] - HikariPool-1 - Thread starvation or clock leap detected (housekeeper delta=15m27s564ms).
[2026-09-20 23:15:39.769] [gas-forecast] [] [] [com.zaxxer.hikari.pool.HikariPool] [HikariPool-1 housekeeper] [WARN] - HikariPool-1 - Thread starvation or clock leap detected (housekeeper delta=15m28s52ms).
[2026-09-20 23:31:37.642] [gas-forecast] [] [] [com.zaxxer.hikari.pool.HikariPool] [HikariPool-1 housekeeper] [WARN] - HikariPool-1 - Thread starvation or clock leap detected (housekeeper delta=15m27s863ms).
[2026-09-20 23:47:05.536] [gas-forecast] [] [] [com.zaxxer.hikari.pool.HikariPool] [HikariPool-1 housekeeper] [WARN] - HikariPool-1 - Thread starvation or clock leap detected (housekeeper delta=15m27s894ms).
