[2026-09-17 07:58:41.042] [gas-forecast] [] [] [c.g.forecast.common.web.WebLogAspect] [http-nio-8080-exec-4] [WARN] - Request [编辑模型配置] failed in 78 ms, message=
### Error updating database.  Cause: java.sql.SQLException: Field 'model_code' doesn't have a default value
### The error may exist in com/gas/forecast/dao/mapper/ModelConfigScopeTbMapper.java (best guess)
### The error may involve com.gas.forecast.dao.mapper.ModelConfigScopeTbMapper.insert-Inline
### The error occurred while setting parameters
### SQL: INSERT INTO model_config_scope_tb  ( model_config_id, region_code, industry_code, customer_code, enabled, create_time )  VALUES (  ?, ?, ?, ?, ?, ?  )
### Cause: java.sql.SQLException: Field 'model_code' doesn't have a default value
; Field 'model_code' doesn't have a default value
[2026-09-17 08:12:05.529] [gas-forecast] [] [] [com.zaxxer.hikari.pool.HikariPool] [HikariPool-1 housekeeper] [WARN] - HikariPool-1 - Retrograde clock change detected (housekeeper delta=29s855ms), soft-evicting connections from pool.
[2026-09-17 11:21:15.593] [gas-forecast] [] [] [c.g.forecast.common.web.WebLogAspect] [http-nio-8080-exec-6] [WARN] - Request [训练特征数据列表查询] failed in 77 ms, message=
### Error querying database.  Cause: java.sql.SQLSyntaxErrorException: Unknown column 'feature001' in 'field list'
### The error may exist in com/gas/forecast/dao/mapper/ModelTrainFeatureDataTbMapper.java (best guess)
### The error may involve defaultParameterMap
### The error occurred while setting parameters
### SQL: SELECT  id,stat_date,time_granularity,region_code,region_name,customer_code,customer_name,industry_code,industry_name,gas_sales,feature001,feature002,feature003,feature004,feature005,feature006,feature007,feature008,feature009,feature010,feature011,feature012,feature013,feature014,feature015,feature016,feature017,feature018,feature019,feature020,feature021,feature022,feature023,feature024,feature025,feature026,feature027,feature028,feature029,feature030,feature031,feature032,feature033,feature034,feature035,feature036,feature037,feature038,feature039,feature040,feature041,feature042,feature043,feature044,feature045,feature046,feature047,feature048,feature049,feature050,feature051,feature052,feature053,feature054,feature055,feature056,feature057,feature058,feature059,feature060,feature061,feature062,feature063,feature064,feature065,feature066,feature067,feature068,feature069,feature070,feature071,feature072,feature073,feature074,feature075,feature076,feature077,feature078,feature079,feature080,feature081,feature082,feature083,feature084,feature085,feature086,feature087,feature088,feature089,feature090,feature091,feature092,feature093,feature094,feature095,feature096,feature097,feature098,feature099,feature100,feature101,feature102,feature103,feature104,feature105,feature106,feature107,feature108,feature109,feature110,feature111,feature112,feature113,feature114,feature115,feature116,feature117,feature118,feature119,feature120,feature121,feature122,feature123,feature124,feature125,feature126,feature127,feature128,feature129,feature130,feature131,feature132,feature133,feature134,feature135,feature136,feature137,feature138,feature139,feature140,feature141,feature142,feature143,feature144,feature145,feature146,feature147,feature148,feature149,feature150,feature151,feature152,feature153,feature154,feature155,feature156,feature157,feature158,feature159,feature160,feature161,feature162,feature163,feature164,feature165,feature166,feature167,feature168,feature169,feature170,feature171,feature172,feature173,feature174,feature175,feature176,feature177,feature178,feature179,feature180,feature181,feature182,feature183,feature184,feature185,feature186,feature187,feature188,feature189,feature190,feature191,feature192,feature193,feature194,feature195,feature196,feature197,feature198,feature199,feature200,create_time,update_time  FROM model_train_feature_data_tb           ORDER BY update_time DESC,id DESC LIMIT ?
### Cause: java.sql.SQLSyntaxErrorException: Unknown column 'feature001' in 'field list'
; bad SQL grammar []
[2026-09-17 12:55:26.195] [gas-forecast] [] [] [com.zaxxer.hikari.pool.HikariPool] [HikariPool-1 housekeeper] [WARN] - HikariPool-1 - Thread starvation or clock leap detected (housekeeper delta=48s663ms).
[2026-09-17 13:00:56.885] [gas-forecast] [] [] [com.zaxxer.hikari.pool.HikariPool] [HikariPool-1 housekeeper] [WARN] - HikariPool-1 - Thread starvation or clock leap detected (housekeeper delta=5m30s690ms).
[2026-09-17 13:58:22.275] [gas-forecast] [] [] [com.zaxxer.hikari.pool.HikariPool] [HikariPool-1 housekeeper] [WARN] - HikariPool-1 - Retrograde clock change detected (housekeeper delta=29s871ms), soft-evicting connections from pool.
[2026-09-17 14:29:33.075] [gas-forecast] [] [] [c.g.f.c.web.GlobalExceptionHandler] [http-nio-8080-exec-6] [WARN] - Validation failed, uri=/gas-forecast/model-feature-definition/listPage, message=每页条数不能超过200
[2026-09-17 14:29:54.513] [gas-forecast] [] [] [c.g.f.c.web.GlobalExceptionHandler] [http-nio-8080-exec-7] [WARN] - Validation failed, uri=/gas-forecast/model-feature-definition/listPage, message=每页条数不能超过200
[2026-09-17 14:38:14.527] [gas-forecast] [] [] [c.g.f.c.web.GlobalExceptionHandler] [http-nio-8080-exec-6] [WARN] - Validation failed, uri=/gas-forecast/model-feature-definition/listPage, message=每页条数不能超过200
[2026-09-17 14:38:15.930] [gas-forecast] [] [] [c.g.f.c.web.GlobalExceptionHandler] [http-nio-8080-exec-7] [WARN] - Validation failed, uri=/gas-forecast/model-feature-definition/listPage, message=每页条数不能超过200
[2026-09-17 14:38:16.972] [gas-forecast] [] [] [c.g.f.c.web.GlobalExceptionHandler] [http-nio-8080-exec-8] [WARN] - Validation failed, uri=/gas-forecast/model-feature-definition/listPage, message=每页条数不能超过200
[2026-09-17 14:38:29.626] [gas-forecast] [] [] [c.g.f.c.web.GlobalExceptionHandler] [http-nio-8080-exec-9] [WARN] - Validation failed, uri=/gas-forecast/model-feature-definition/listPage, message=每页条数不能超过200
[2026-09-17 14:38:51.533] [gas-forecast] [] [] [c.g.f.c.web.GlobalExceptionHandler] [http-nio-8080-exec-10] [WARN] - Validation failed, uri=/gas-forecast/model-feature-definition/listPage, message=每页条数不能超过200
[2026-09-17 14:38:52.200] [gas-forecast] [] [] [c.g.f.c.web.GlobalExceptionHandler] [http-nio-8080-exec-1] [WARN] - Validation failed, uri=/gas-forecast/model-feature-definition/listPage, message=每页条数不能超过200
[2026-09-17 14:46:28.408] [gas-forecast] [] [] [c.g.f.c.web.GlobalExceptionHandler] [http-nio-8080-exec-10] [WARN] - Validation failed, uri=/gas-forecast/model-feature-definition/listPage, message=每页条数不能超过200
[2026-09-17 14:46:32.493] [gas-forecast] [] [] [c.g.f.c.web.GlobalExceptionHandler] [http-nio-8080-exec-1] [WARN] - Validation failed, uri=/gas-forecast/model-feature-definition/listPage, message=每页条数不能超过200
[2026-09-17 14:48:06.091] [gas-forecast] [] [] [c.g.f.c.web.GlobalExceptionHandler] [http-nio-8080-exec-10] [WARN] - Validation failed, uri=/gas-forecast/model-feature-definition/listPage, message=每页条数不能超过200
[2026-09-17 14:49:00.539] [gas-forecast] [] [] [c.g.f.c.web.GlobalExceptionHandler] [http-nio-8080-exec-1] [WARN] - Validation failed, uri=/gas-forecast/model-feature-definition/listPage, message=每页条数不能超过200
[2026-09-17 14:49:01.003] [gas-forecast] [] [] [c.g.f.c.web.GlobalExceptionHandler] [http-nio-8080-exec-2] [WARN] - Validation failed, uri=/gas-forecast/model-feature-definition/listPage, message=每页条数不能超过200
[2026-09-17 14:49:01.220] [gas-forecast] [] [] [c.g.f.c.web.GlobalExceptionHandler] [http-nio-8080-exec-4] [WARN] - Validation failed, uri=/gas-forecast/model-feature-definition/listPage, message=每页条数不能超过200
[2026-09-17 15:08:33.996] [gas-forecast] [] [] [c.g.f.c.web.GlobalExceptionHandler] [http-nio-8080-exec-6] [WARN] - Validation failed, uri=/gas-forecast/model-feature-definition/listPage, message=每页条数不能超过200
[2026-09-17 15:23:34.863] [gas-forecast] [] [] [c.g.f.c.web.GlobalExceptionHandler] [http-nio-8080-exec-8] [WARN] - Validation failed, uri=/gas-forecast/model-feature-definition/listPage, message=每页条数不能超过200
[2026-09-17 15:23:52.383] [gas-forecast] [] [] [c.g.f.c.web.GlobalExceptionHandler] [http-nio-8080-exec-9] [WARN] - Validation failed, uri=/gas-forecast/model-feature-definition/listPage, message=每页条数不能超过200
[2026-09-17 15:23:53.041] [gas-forecast] [] [] [c.g.f.c.web.GlobalExceptionHandler] [http-nio-8080-exec-10] [WARN] - Validation failed, uri=/gas-forecast/model-feature-definition/listPage, message=每页条数不能超过200
[2026-09-17 15:32:26.297] [gas-forecast] [] [] [c.g.f.c.web.GlobalExceptionHandler] [http-nio-8080-exec-6] [WARN] - Validation failed, uri=/gas-forecast/model-feature-definition/listPage, message=每页条数不能超过200
[2026-09-17 15:32:27.416] [gas-forecast] [] [] [c.g.f.c.web.GlobalExceptionHandler] [http-nio-8080-exec-7] [WARN] - Validation failed, uri=/gas-forecast/model-feature-definition/listPage, message=每页条数不能超过200
[2026-09-17 15:32:28.016] [gas-forecast] [] [] [c.g.f.c.web.GlobalExceptionHandler] [http-nio-8080-exec-8] [WARN] - Validation failed, uri=/gas-forecast/model-feature-definition/listPage, message=每页条数不能超过200
[2026-09-17 15:32:28.205] [gas-forecast] [] [] [c.g.f.c.web.GlobalExceptionHandler] [http-nio-8080-exec-9] [WARN] - Validation failed, uri=/gas-forecast/model-feature-definition/listPage, message=每页条数不能超过200
[2026-09-17 15:32:55.474] [gas-forecast] [] [] [c.g.f.c.web.GlobalExceptionHandler] [http-nio-8080-exec-10] [WARN] - Validation failed, uri=/gas-forecast/model-feature-definition/listPage, message=每页条数不能超过200
[2026-09-17 15:33:01.968] [gas-forecast] [] [] [c.g.f.c.web.GlobalExceptionHandler] [http-nio-8080-exec-1] [WARN] - Validation failed, uri=/gas-forecast/model-feature-definition/listPage, message=每页条数不能超过200
[2026-09-17 15:33:32.856] [gas-forecast] [] [] [c.g.f.c.web.GlobalExceptionHandler] [http-nio-8080-exec-7] [WARN] - Validation failed, uri=/gas-forecast/model-feature-definition/listPage, message=每页条数不能超过200
[2026-09-17 15:33:37.602] [gas-forecast] [] [] [c.g.f.c.web.GlobalExceptionHandler] [http-nio-8080-exec-8] [WARN] - Validation failed, uri=/gas-forecast/model-feature-definition/listPage, message=每页条数不能超过200
[2026-09-17 15:33:38.464] [gas-forecast] [] [] [c.g.f.c.web.GlobalExceptionHandler] [http-nio-8080-exec-9] [WARN] - Validation failed, uri=/gas-forecast/model-feature-definition/listPage, message=每页条数不能超过200
[2026-09-17 15:37:07.124] [gas-forecast] [] [] [c.g.f.c.web.GlobalExceptionHandler] [http-nio-8080-exec-4] [WARN] - Validation failed, uri=/gas-forecast/model-feature-definition/listPage, message=每页条数不能超过200
[2026-09-17 15:37:10.329] [gas-forecast] [] [] [c.g.f.c.web.GlobalExceptionHandler] [http-nio-8080-exec-7] [WARN] - Validation failed, uri=/gas-forecast/model-feature-definition/listPage, message=每页条数不能超过200
[2026-09-17 15:37:12.144] [gas-forecast] [] [] [c.g.f.c.web.GlobalExceptionHandler] [http-nio-8080-exec-8] [WARN] - Validation failed, uri=/gas-forecast/model-feature-definition/listPage, message=每页条数不能超过200
[2026-09-17 15:37:12.796] [gas-forecast] [] [] [c.g.f.c.web.GlobalExceptionHandler] [http-nio-8080-exec-9] [WARN] - Validation failed, uri=/gas-forecast/model-feature-definition/listPage, message=每页条数不能超过200
[2026-09-17 15:37:13.089] [gas-forecast] [] [] [c.g.f.c.web.GlobalExceptionHandler] [http-nio-8080-exec-10] [WARN] - Validation failed, uri=/gas-forecast/model-feature-definition/listPage, message=每页条数不能超过200
[2026-09-17 15:37:13.299] [gas-forecast] [] [] [c.g.f.c.web.GlobalExceptionHandler] [http-nio-8080-exec-1] [WARN] - Validation failed, uri=/gas-forecast/model-feature-definition/listPage, message=每页条数不能超过200
[2026-09-17 15:37:14.078] [gas-forecast] [] [] [c.g.f.c.web.GlobalExceptionHandler] [http-nio-8080-exec-2] [WARN] - Validation failed, uri=/gas-forecast/model-feature-definition/listPage, message=每页条数不能超过200
[2026-09-17 15:37:14.386] [gas-forecast] [] [] [c.g.f.c.web.GlobalExceptionHandler] [http-nio-8080-exec-5] [WARN] - Validation failed, uri=/gas-forecast/model-feature-definition/listPage, message=每页条数不能超过200
[2026-09-17 15:37:14.671] [gas-forecast] [] [] [c.g.f.c.web.GlobalExceptionHandler] [http-nio-8080-exec-3] [WARN] - Validation failed, uri=/gas-forecast/model-feature-definition/listPage, message=每页条数不能超过200
[2026-09-17 15:37:14.874] [gas-forecast] [] [] [c.g.f.c.web.GlobalExceptionHandler] [http-nio-8080-exec-6] [WARN] - Validation failed, uri=/gas-forecast/model-feature-definition/listPage, message=每页条数不能超过200
[2026-09-17 15:37:18.661] [gas-forecast] [] [] [c.g.f.c.web.GlobalExceptionHandler] [http-nio-8080-exec-4] [WARN] - Validation failed, uri=/gas-forecast/model-feature-definition/listPage, message=每页条数不能超过200
[2026-09-17 15:37:19.578] [gas-forecast] [] [] [c.g.f.c.web.GlobalExceptionHandler] [http-nio-8080-exec-7] [WARN] - Validation failed, uri=/gas-forecast/model-feature-definition/listPage, message=每页条数不能超过200
[2026-09-17 15:37:24.610] [gas-forecast] [] [] [c.g.f.c.web.GlobalExceptionHandler] [http-nio-8080-exec-8] [WARN] - Validation failed, uri=/gas-forecast/model-feature-definition/listPage, message=每页条数不能超过200
[2026-09-17 16:13:21.902] [gas-forecast] [] [] [com.zaxxer.hikari.pool.HikariPool] [HikariPool-1 housekeeper] [WARN] - HikariPool-1 - Thread starvation or clock leap detected (housekeeper delta=1m18s625ms).
[2026-09-17 17:14:41.097] [gas-forecast] [] [] [c.g.f.c.web.GlobalExceptionHandler] [http-nio-8080-exec-9] [WARN] - Validation failed, uri=/gas-forecast/model-feature-definition/listPage, message=每页条数不能超过200
[2026-09-17 17:14:43.779] [gas-forecast] [] [] [c.g.f.c.web.GlobalExceptionHandler] [http-nio-8080-exec-10] [WARN] - Validation failed, uri=/gas-forecast/model-feature-definition/listPage, message=每页条数不能超过200
[2026-09-17 17:14:48.669] [gas-forecast] [] [] [c.g.f.c.web.GlobalExceptionHandler] [http-nio-8080-exec-1] [WARN] - Validation failed, uri=/gas-forecast/model-feature-definition/listPage, message=每页条数不能超过200
[2026-09-17 20:01:02.436] [gas-forecast] [] [] [c.g.f.c.web.GlobalExceptionHandler] [http-nio-8080-exec-10] [WARN] - Validation failed, uri=/gas-forecast/model-feature-definition/listPage, message=每页条数不能超过200
[2026-09-17 20:08:10.918] [gas-forecast] [] [] [c.g.f.c.web.GlobalExceptionHandler] [http-nio-8080-exec-3] [WARN] - Validation failed, uri=/gas-forecast/model-feature-definition/listPage, message=每页条数不能超过200
[2026-09-17 20:08:29.663] [gas-forecast] [] [] [c.g.f.c.web.GlobalExceptionHandler] [http-nio-8080-exec-4] [WARN] - Validation failed, uri=/gas-forecast/model-feature-definition/listPage, message=每页条数不能超过200
[2026-09-17 20:36:39.943] [gas-forecast] [] [] [c.g.f.c.web.GlobalExceptionHandler] [http-nio-8080-exec-7] [WARN] - Validation failed, uri=/gas-forecast/model-config/updateScope, message=区域编码长度不能超过32个字符
[2026-09-17 21:09:37.028] [gas-forecast] [] [] [com.zaxxer.hikari.pool.HikariPool] [HikariPool-1 housekeeper] [WARN] - HikariPool-1 - Thread starvation or clock leap detected (housekeeper delta=3m47s736ms).
[2026-09-17 21:33:41.672] [gas-forecast] [] [] [com.zaxxer.hikari.pool.HikariPool] [HikariPool-1 housekeeper] [WARN] - HikariPool-1 - Thread starvation or clock leap detected (housekeeper delta=6m57s150ms).
[2026-09-17 21:41:28.806] [gas-forecast] [] [] [com.zaxxer.hikari.pool.HikariPool] [HikariPool-1 housekeeper] [WARN] - HikariPool-1 - Thread starvation or clock leap detected (housekeeper delta=1m47s101ms).
[2026-09-17 21:50:28.343] [gas-forecast] [] [] [com.zaxxer.hikari.pool.HikariPool] [HikariPool-1 housekeeper] [WARN] - HikariPool-1 - Thread starvation or clock leap detected (housekeeper delta=2m59s491ms).
[2026-09-17 22:14:16.811] [gas-forecast] [] [] [com.zaxxer.hikari.pool.HikariPool] [HikariPool-1 housekeeper] [WARN] - HikariPool-1 - Thread starvation or clock leap detected (housekeeper delta=48s334ms).
[2026-09-17 23:07:54.718] [gas-forecast] [] [] [com.zaxxer.hikari.pool.HikariPool] [HikariPool-1 housekeeper] [WARN] - HikariPool-1 - Thread starvation or clock leap detected (housekeeper delta=18m4s960ms).
[2026-09-17 23:18:38.564] [gas-forecast] [] [] [com.zaxxer.hikari.pool.HikariPool] [HikariPool-1 housekeeper] [WARN] - HikariPool-1 - Thread starvation or clock leap detected (housekeeper delta=10m43s846ms).
[2026-09-17 23:21:54.451] [gas-forecast] [] [] [com.zaxxer.hikari.pool.HikariPool] [HikariPool-1 housekeeper] [WARN] - HikariPool-1 - Thread starvation or clock leap detected (housekeeper delta=3m15s887ms).
[2026-09-17 23:44:46.400] [gas-forecast] [] [] [com.zaxxer.hikari.pool.HikariPool] [HikariPool-1 housekeeper] [WARN] - HikariPool-1 - Thread starvation or clock leap detected (housekeeper delta=22m51s949ms).
[2026-09-17 23:55:28.926] [gas-forecast] [] [] [com.zaxxer.hikari.pool.HikariPool] [HikariPool-1 housekeeper] [WARN] - HikariPool-1 - Thread starvation or clock leap detected (housekeeper delta=10m42s526ms).
