[2026-09-13 09:44:27.716] [gas-forecast] [] [] [com.zaxxer.hikari.HikariDataSource] [SpringApplicationShutdownHook] [INFO] - HikariPool-1 - Shutdown initiated...
[2026-09-13 09:44:27.717] [gas-forecast] [] [] [com.zaxxer.hikari.HikariDataSource] [SpringApplicationShutdownHook] [INFO] - HikariPool-1 - Shutdown completed.
[2026-09-13 09:44:29.075] [gas-forecast] [] [] [o.h.validator.internal.util.Version] [background-preinit] [INFO] - HV000001: Hibernate Validator 8.0.1.Final
[2026-09-13 09:44:29.087] [gas-forecast] [] [] [c.g.f.GasForecastStartupApplication] [main] [INFO] - Starting GasForecastStartupApplication using Java 21.0.11 with PID 92183 (/Users/zoujun/work/workspace/shiyou/gas-forecast/gas-forecast-startup/target/classes started by zoujun in /Users/zoujun/work/workspace/shiyou/gas-forecast)
[2026-09-13 09:44:29.087] [gas-forecast] [] [] [c.g.f.GasForecastStartupApplication] [main] [INFO] - The following 1 profile is active: "dev"
[2026-09-13 09:44:29.342] [gas-forecast] [] [] [o.s.d.r.c.RepositoryConfigurationDelegate] [main] [INFO] - Multiple Spring Data modules found, entering strict repository configuration mode
[2026-09-13 09:44:29.343] [gas-forecast] [] [] [o.s.d.r.c.RepositoryConfigurationDelegate] [main] [INFO] - Bootstrapping Spring Data Redis repositories in DEFAULT mode.
[2026-09-13 09:44:29.359] [gas-forecast] [] [] [o.s.d.r.c.RepositoryConfigurationDelegate] [main] [INFO] - Finished Spring Data repository scanning in 11 ms. Found 0 Redis repository interfaces.
[2026-09-13 09:44:29.619] [gas-forecast] [] [] [o.s.b.w.e.tomcat.TomcatWebServer] [main] [INFO] - Tomcat initialized with port 8080 (http)
[2026-09-13 09:44:29.623] [gas-forecast] [] [] [o.a.coyote.http11.Http11NioProtocol] [main] [INFO] - Initializing ProtocolHandler ["http-nio-8080"]
[2026-09-13 09:44:29.624] [gas-forecast] [] [] [o.a.catalina.core.StandardService] [main] [INFO] - Starting service [Tomcat]
[2026-09-13 09:44:29.624] [gas-forecast] [] [] [o.a.catalina.core.StandardEngine] [main] [INFO] - Starting Servlet engine: [Apache Tomcat/10.1.20]
[2026-09-13 09:44:29.640] [gas-forecast] [] [] [o.a.c.c.C.[.[.[/gas-forecast]] [main] [INFO] - Initializing Spring embedded WebApplicationContext
[2026-09-13 09:44:29.640] [gas-forecast] [] [] [o.s.b.w.s.c.ServletWebServerApplicationContext] [main] [INFO] - Root WebApplicationContext: initialization completed in 536 ms
[2026-09-13 09:44:30.253] [gas-forecast] [] [] [o.a.coyote.http11.Http11NioProtocol] [main] [INFO] - Starting ProtocolHandler ["http-nio-8080"]
[2026-09-13 09:44:30.260] [gas-forecast] [] [] [o.s.b.w.e.tomcat.TomcatWebServer] [main] [INFO] - Tomcat started on port 8080 (http) with context path '/gas-forecast'
[2026-09-13 09:44:30.264] [gas-forecast] [] [] [c.g.f.GasForecastStartupApplication] [main] [INFO] - Started GasForecastStartupApplication in 1.386 seconds (process running for 1.656)
[2026-09-13 09:44:32.042] [gas-forecast] [] [] [o.a.c.c.C.[.[.[/gas-forecast]] [http-nio-8080-exec-1] [INFO] - Initializing Spring DispatcherServlet 'dispatcherServlet'
[2026-09-13 09:44:32.042] [gas-forecast] [] [] [o.s.web.servlet.DispatcherServlet] [http-nio-8080-exec-1] [INFO] - Initializing Servlet 'dispatcherServlet'
[2026-09-13 09:44:32.042] [gas-forecast] [] [] [o.s.web.servlet.DispatcherServlet] [http-nio-8080-exec-1] [INFO] - Completed initialization in 0 ms
[2026-09-13 09:44:32.211] [gas-forecast] [] [] [com.zaxxer.hikari.HikariDataSource] [http-nio-8080-exec-1] [INFO] - HikariPool-1 - Starting...
[2026-09-13 09:44:32.273] [gas-forecast] [] [] [com.zaxxer.hikari.pool.HikariPool] [http-nio-8080-exec-1] [INFO] - HikariPool-1 - Added connection com.mysql.cj.jdbc.ConnectionImpl@775194e4
[2026-09-13 09:44:32.274] [gas-forecast] [] [] [com.zaxxer.hikari.HikariDataSource] [http-nio-8080-exec-1] [INFO] - HikariPool-1 - Start completed.
[2026-09-13 09:50:03.337] [gas-forecast] [] [] [com.zaxxer.hikari.HikariDataSource] [SpringApplicationShutdownHook] [INFO] - HikariPool-1 - Shutdown initiated...
[2026-09-13 09:50:03.339] [gas-forecast] [] [] [com.zaxxer.hikari.HikariDataSource] [SpringApplicationShutdownHook] [INFO] - HikariPool-1 - Shutdown completed.
[2026-09-13 09:50:04.678] [gas-forecast] [] [] [o.h.validator.internal.util.Version] [background-preinit] [INFO] - HV000001: Hibernate Validator 8.0.1.Final
[2026-09-13 09:50:04.689] [gas-forecast] [] [] [c.g.f.GasForecastStartupApplication] [main] [INFO] - Starting GasForecastStartupApplication using Java 21.0.11 with PID 92247 (/Users/zoujun/work/workspace/shiyou/gas-forecast/gas-forecast-startup/target/classes started by zoujun in /Users/zoujun/work/workspace/shiyou/gas-forecast)
[2026-09-13 09:50:04.690] [gas-forecast] [] [] [c.g.f.GasForecastStartupApplication] [main] [INFO] - The following 1 profile is active: "dev"
[2026-09-13 09:50:04.946] [gas-forecast] [] [] [o.s.d.r.c.RepositoryConfigurationDelegate] [main] [INFO] - Multiple Spring Data modules found, entering strict repository configuration mode
[2026-09-13 09:50:04.947] [gas-forecast] [] [] [o.s.d.r.c.RepositoryConfigurationDelegate] [main] [INFO] - Bootstrapping Spring Data Redis repositories in DEFAULT mode.
[2026-09-13 09:50:04.968] [gas-forecast] [] [] [o.s.d.r.c.RepositoryConfigurationDelegate] [main] [INFO] - Finished Spring Data repository scanning in 14 ms. Found 0 Redis repository interfaces.
[2026-09-13 09:50:05.282] [gas-forecast] [] [] [o.s.b.w.e.tomcat.TomcatWebServer] [main] [INFO] - Tomcat initialized with port 8080 (http)
[2026-09-13 09:50:05.287] [gas-forecast] [] [] [o.a.coyote.http11.Http11NioProtocol] [main] [INFO] - Initializing ProtocolHandler ["http-nio-8080"]
[2026-09-13 09:50:05.288] [gas-forecast] [] [] [o.a.catalina.core.StandardService] [main] [INFO] - Starting service [Tomcat]
[2026-09-13 09:50:05.288] [gas-forecast] [] [] [o.a.catalina.core.StandardEngine] [main] [INFO] - Starting Servlet engine: [Apache Tomcat/10.1.20]
[2026-09-13 09:50:05.307] [gas-forecast] [] [] [o.a.c.c.C.[.[.[/gas-forecast]] [main] [INFO] - Initializing Spring embedded WebApplicationContext
[2026-09-13 09:50:05.307] [gas-forecast] [] [] [o.s.b.w.s.c.ServletWebServerApplicationContext] [main] [INFO] - Root WebApplicationContext: initialization completed in 600 ms
[2026-09-13 09:50:05.885] [gas-forecast] [] [] [o.a.coyote.http11.Http11NioProtocol] [main] [INFO] - Starting ProtocolHandler ["http-nio-8080"]
[2026-09-13 09:50:05.892] [gas-forecast] [] [] [o.s.b.w.e.tomcat.TomcatWebServer] [main] [INFO] - Tomcat started on port 8080 (http) with context path '/gas-forecast'
[2026-09-13 09:50:05.896] [gas-forecast] [] [] [c.g.f.GasForecastStartupApplication] [main] [INFO] - Started GasForecastStartupApplication in 1.388 seconds (process running for 1.894)
[2026-09-13 09:50:13.467] [gas-forecast] [] [] [o.a.c.c.C.[.[.[/gas-forecast]] [http-nio-8080-exec-2] [INFO] - Initializing Spring DispatcherServlet 'dispatcherServlet'
[2026-09-13 09:50:13.467] [gas-forecast] [] [] [o.s.web.servlet.DispatcherServlet] [http-nio-8080-exec-2] [INFO] - Initializing Servlet 'dispatcherServlet'
[2026-09-13 09:50:13.467] [gas-forecast] [] [] [o.s.web.servlet.DispatcherServlet] [http-nio-8080-exec-2] [INFO] - Completed initialization in 0 ms
[2026-09-13 09:50:13.623] [gas-forecast] [] [] [com.zaxxer.hikari.HikariDataSource] [http-nio-8080-exec-2] [INFO] - HikariPool-1 - Starting...
[2026-09-13 09:50:13.685] [gas-forecast] [] [] [com.zaxxer.hikari.pool.HikariPool] [http-nio-8080-exec-2] [INFO] - HikariPool-1 - Added connection com.mysql.cj.jdbc.ConnectionImpl@c90746b
[2026-09-13 09:50:13.686] [gas-forecast] [] [] [com.zaxxer.hikari.HikariDataSource] [http-nio-8080-exec-2] [INFO] - HikariPool-1 - Start completed.
[2026-09-13 09:50:32.650] [gas-forecast] [] [] [c.g.forecast.common.web.WebLogAspect] [http-nio-8080-exec-4] [INFO] - Request [原始数据文件分页查询] POST /gas-forecast/data-file-info/listPage args={reqDTO=DataFileInfoPageReqDTO[page=1, size=10, keyword=null]}
[2026-09-13 09:50:32.681] [gas-forecast] [] [] [c.g.forecast.common.web.WebLogAspect] [http-nio-8080-exec-4] [INFO] - Request [原始数据文件分页查询] completed in 32 ms
[2026-09-13 09:53:27.695] [gas-forecast] [] [] [c.g.forecast.common.web.WebLogAspect] [http-nio-8080-exec-6] [INFO] - Request [原始数据文件分页查询] POST /gas-forecast/data-file-info/listPage args={reqDTO=DataFileInfoPageReqDTO[page=1, size=10, keyword=null]}
[2026-09-13 09:53:27.704] [gas-forecast] [] [] [c.g.forecast.common.web.WebLogAspect] [http-nio-8080-exec-6] [INFO] - Request [原始数据文件分页查询] completed in 9 ms
[2026-09-13 09:56:00.907] [gas-forecast] [] [] [c.g.forecast.common.web.WebLogAspect] [http-nio-8080-exec-7] [INFO] - Request [原始数据文件分页查询] POST /gas-forecast/data-file-info/listPage args={reqDTO=DataFileInfoPageReqDTO[page=1, size=10, keyword=null]}
[2026-09-13 09:56:00.915] [gas-forecast] [] [] [c.g.forecast.common.web.WebLogAspect] [http-nio-8080-exec-7] [INFO] - Request [原始数据文件分页查询] completed in 8 ms
[2026-09-13 09:57:37.638] [gas-forecast] [] [] [c.g.forecast.common.web.WebLogAspect] [http-nio-8080-exec-9] [INFO] - Request [原始数据文件分页查询] POST /gas-forecast/data-file-info/listPage args={reqDTO=DataFileInfoPageReqDTO[page=1, size=10, keyword=null]}
[2026-09-13 09:57:37.645] [gas-forecast] [] [] [c.g.forecast.common.web.WebLogAspect] [http-nio-8080-exec-9] [INFO] - Request [原始数据文件分页查询] completed in 7 ms
[2026-09-13 10:01:45.168] [gas-forecast] [] [] [c.g.forecast.common.web.WebLogAspect] [http-nio-8080-exec-2] [INFO] - Request [原始数据文件分页查询] POST /gas-forecast/data-file-info/listPage args={reqDTO=DataFileInfoPageReqDTO[page=1, size=10, keyword=null]}
[2026-09-13 10:01:45.174] [gas-forecast] [] [] [c.g.forecast.common.web.WebLogAspect] [http-nio-8080-exec-2] [INFO] - Request [原始数据文件分页查询] completed in 6 ms
[2026-09-13 10:02:16.361] [gas-forecast] [] [] [c.g.forecast.common.web.WebLogAspect] [http-nio-8080-exec-3] [INFO] - Request [原始数据文件分页查询] POST /gas-forecast/data-file-info/listPage args={reqDTO=DataFileInfoPageReqDTO[page=1, size=10, keyword=null]}
[2026-09-13 10:02:16.367] [gas-forecast] [] [] [c.g.forecast.common.web.WebLogAspect] [http-nio-8080-exec-3] [INFO] - Request [原始数据文件分页查询] completed in 6 ms
[2026-09-13 10:10:34.032] [gas-forecast] [] [] [c.g.forecast.common.web.WebLogAspect] [http-nio-8080-exec-5] [INFO] - Request [原始数据文件分页查询] POST /gas-forecast/data-file-info/listPage args={reqDTO=DataFileInfoPageReqDTO[page=1, size=10, keyword=null]}
[2026-09-13 10:10:34.038] [gas-forecast] [] [] [c.g.forecast.common.web.WebLogAspect] [http-nio-8080-exec-5] [INFO] - Request [原始数据文件分页查询] completed in 6 ms
[2026-09-13 10:20:17.575] [gas-forecast] [] [] [c.g.forecast.common.web.WebLogAspect] [http-nio-8080-exec-1] [INFO] - Request [日销量标准数据分页查询] POST /gas-forecast/data-daily-sales/listPage args={reqDTO=DataSalesPageReqDTO[page=1, size=10, keyword=null, startDate=null, endDate=null]}
[2026-09-13 10:20:17.612] [gas-forecast] [] [] [c.g.forecast.common.web.WebLogAspect] [http-nio-8080-exec-1] [INFO] - Request [日销量标准数据分页查询] completed in 39 ms
[2026-09-13 10:20:19.209] [gas-forecast] [] [] [c.g.forecast.common.web.WebLogAspect] [http-nio-8080-exec-3] [INFO] - Request [行业列表查询] POST /gas-forecast/base-industry/listPage args={reqDTO=BaseIndustryPageReqDTO[page=1, size=10, keyword=null]}
[2026-09-13 10:20:19.213] [gas-forecast] [] [] [c.g.forecast.common.web.WebLogAspect] [http-nio-8080-exec-3] [INFO] - Request [行业列表查询] completed in 4 ms
[2026-09-13 10:20:20.828] [gas-forecast] [] [] [c.g.forecast.common.web.WebLogAspect] [http-nio-8080-exec-4] [INFO] - Request [客户列表分页查询] POST /gas-forecast/base-customer/listPage args={reqDTO=BaseCustomerPageReqDTO[page=1, size=10, keyword=null]}
[2026-09-13 10:20:20.832] [gas-forecast] [] [] [c.g.forecast.common.web.WebLogAspect] [http-nio-8080-exec-4] [INFO] - Request [客户列表分页查询] completed in 4 ms
[2026-09-13 10:20:22.061] [gas-forecast] [] [] [c.g.forecast.common.web.WebLogAspect] [http-nio-8080-exec-5] [INFO] - Request [区域列表查询] POST /gas-forecast/base-region/listPage args={reqDTO=BaseRegionPageReqDTO[page=1, size=10, keyword=null]}
[2026-09-13 10:20:22.065] [gas-forecast] [] [] [c.g.forecast.common.web.WebLogAspect] [http-nio-8080-exec-5] [INFO] - Request [区域列表查询] completed in 4 ms
[2026-09-13 10:20:23.561] [gas-forecast] [] [] [c.g.forecast.common.web.WebLogAspect] [http-nio-8080-exec-6] [INFO] - Request [客户列表分页查询] POST /gas-forecast/base-customer/listPage args={reqDTO=BaseCustomerPageReqDTO[page=1, size=10, keyword=null]}
[2026-09-13 10:20:23.564] [gas-forecast] [] [] [c.g.forecast.common.web.WebLogAspect] [http-nio-8080-exec-6] [INFO] - Request [客户列表分页查询] completed in 3 ms
[2026-09-13 10:20:24.693] [gas-forecast] [] [] [c.g.forecast.common.web.WebLogAspect] [http-nio-8080-exec-7] [INFO] - Request [行业列表查询] POST /gas-forecast/base-industry/listPage args={reqDTO=BaseIndustryPageReqDTO[page=1, size=10, keyword=null]}
[2026-09-13 10:20:24.699] [gas-forecast] [] [] [c.g.forecast.common.web.WebLogAspect] [http-nio-8080-exec-7] [INFO] - Request [行业列表查询] completed in 6 ms
[2026-09-13 21:09:46.302] [gas-forecast] [] [] [c.g.forecast.common.web.WebLogAspect] [http-nio-8080-exec-9] [INFO] - Request [区域列表查询] POST /gas-forecast/base-region/listPage args={reqDTO=BaseRegionPageReqDTO[page=1, size=10, keyword=null]}
[2026-09-13 21:09:46.306] [gas-forecast] [] [] [c.g.forecast.common.web.WebLogAspect] [http-nio-8080-exec-9] [INFO] - Request [区域列表查询] completed in 4 ms
[2026-09-13 21:09:47.026] [gas-forecast] [] [] [c.g.forecast.common.web.WebLogAspect] [http-nio-8080-exec-10] [INFO] - Request [客户列表分页查询] POST /gas-forecast/base-customer/listPage args={reqDTO=BaseCustomerPageReqDTO[page=1, size=10, keyword=null]}
[2026-09-13 21:09:47.029] [gas-forecast] [] [] [c.g.forecast.common.web.WebLogAspect] [http-nio-8080-exec-10] [INFO] - Request [客户列表分页查询] completed in 3 ms
[2026-09-13 21:09:47.537] [gas-forecast] [] [] [c.g.forecast.common.web.WebLogAspect] [http-nio-8080-exec-2] [INFO] - Request [行业列表查询] POST /gas-forecast/base-industry/listPage args={reqDTO=BaseIndustryPageReqDTO[page=1, size=10, keyword=null]}
[2026-09-13 21:09:47.540] [gas-forecast] [] [] [c.g.forecast.common.web.WebLogAspect] [http-nio-8080-exec-2] [INFO] - Request [行业列表查询] completed in 3 ms
[2026-09-13 21:09:47.995] [gas-forecast] [] [] [c.g.forecast.common.web.WebLogAspect] [http-nio-8080-exec-1] [INFO] - Request [月销量标准数据分页查询] POST /gas-forecast/data-monthly-sales/listPage args={reqDTO=DataSalesPageReqDTO[page=1, size=10, keyword=null, startDate=null, endDate=null]}
[2026-09-13 21:09:48.003] [gas-forecast] [] [] [c.g.forecast.common.web.WebLogAspect] [http-nio-8080-exec-1] [INFO] - Request [月销量标准数据分页查询] completed in 8 ms
[2026-09-13 21:09:49.502] [gas-forecast] [] [] [c.g.forecast.common.web.WebLogAspect] [http-nio-8080-exec-3] [INFO] - Request [原始数据文件分页查询] POST /gas-forecast/data-file-info/listPage args={reqDTO=DataFileInfoPageReqDTO[page=1, size=10, keyword=null]}
[2026-09-13 21:09:49.506] [gas-forecast] [] [] [c.g.forecast.common.web.WebLogAspect] [http-nio-8080-exec-3] [INFO] - Request [原始数据文件分页查询] completed in 5 ms
[2026-09-13 21:12:03.833] [gas-forecast] [] [] [c.g.forecast.common.web.WebLogAspect] [http-nio-8080-exec-4] [INFO] - Request [原始数据文件分页查询] POST /gas-forecast/data-file-info/listPage args={reqDTO=DataFileInfoPageReqDTO[page=1, size=10, keyword=null]}
[2026-09-13 21:12:03.839] [gas-forecast] [] [] [c.g.forecast.common.web.WebLogAspect] [http-nio-8080-exec-4] [INFO] - Request [原始数据文件分页查询] completed in 6 ms
[2026-09-13 21:12:14.334] [gas-forecast] [] [] [c.g.forecast.common.web.WebLogAspect] [http-nio-8080-exec-5] [INFO] - Request [原始数据文件分页查询] POST /gas-forecast/data-file-info/listPage args={reqDTO=DataFileInfoPageReqDTO[page=1, size=10, keyword=null]}
[2026-09-13 21:12:14.340] [gas-forecast] [] [] [c.g.forecast.common.web.WebLogAspect] [http-nio-8080-exec-5] [INFO] - Request [原始数据文件分页查询] completed in 6 ms
[2026-09-13 21:13:24.686] [gas-forecast] [] [] [c.g.forecast.common.web.WebLogAspect] [http-nio-8080-exec-7] [INFO] - Request [原始数据文件分页查询] POST /gas-forecast/data-file-info/listPage args={reqDTO=DataFileInfoPageReqDTO[page=1, size=10, keyword=null]}
[2026-09-13 21:13:24.690] [gas-forecast] [] [] [c.g.forecast.common.web.WebLogAspect] [http-nio-8080-exec-7] [INFO] - Request [原始数据文件分页查询] completed in 4 ms
[2026-09-13 21:14:05.405] [gas-forecast] [] [] [c.g.forecast.common.web.WebLogAspect] [http-nio-8080-exec-9] [INFO] - Request [原始数据文件分页查询] POST /gas-forecast/data-file-info/listPage args={reqDTO=DataFileInfoPageReqDTO[page=1, size=10, keyword=null]}
[2026-09-13 21:14:05.410] [gas-forecast] [] [] [c.g.forecast.common.web.WebLogAspect] [http-nio-8080-exec-9] [INFO] - Request [原始数据文件分页查询] completed in 5 ms
